Microchip MPLAB XC8 Compiler V2.31

Linker command line:

-W-3 --edf=C:\Program Files\Microchip\xc8\v2.31\pic\dat\en_msgs.txt -cn \
  -h+dist/default/production\LCD_Servos_I2C_Serial.X.production.sym \
  --cmf=dist/default/production\LCD_Servos_I2C_Serial.X.production.cmf -z \
  -Q18F4550 -oC:\Users\DASAN\AppData\Local\Temp\sjnc.2 \
  --defsym=__MPLAB_BUILD=1 \
  -Mdist/default/production/LCD_Servos_I2C_Serial.X.production.map -E1 \
  -ver=XC8 Compiler --acfsm=1493 -ASTACK=01A1h-07FFh -pstack=STACK \
  -ACODE=00h-07FFFh -ACONST=00h-07FFFh -ASMALLCONST=0800h-08FFhx120 \
  -AMEDIUMCONST=0800h-07FFFh -ACOMRAM=01h-05Fh -AABS1=00h-07FFh \
  -ABIGRAM=01h-07FFh -ARAM=060h-0FFh,0100h-01FFhx7 -ABANK0=060h-0FFh \
  -ABANK1=0100h-01FFh -ABANK2=0200h-02FFh -ABANK3=0300h-03FFh \
  -ABANK4=0400h-04FFh -ABANK5=0500h-05FFh -ABANK6=0600h-06FFh \
  -ABANK7=0700h-07FFh -ASFR=0F60h-0FFFh -ACONFIG=0300000h-030000Dh \
  -AIDLOC=0200000h-0200007h -AEEDATA=0F00000h-0F000FFh -peeprom_data=EEDATA \
  -preset_vec=00h,intcode=08h,intcodelo,powerup,init -pramtop=0800h \
  -psmallconst=SMALLCONST -pmediumconst=MEDIUMCONST -pconst=CONST \
  -AFARRAM=00h-00h \
  -prdata=COMRAM,nvrram=COMRAM,nvbit=COMRAM,rbss=COMRAM,rbit=COMRAM \
  -pfarbss=FARRAM,fardata=FARRAM,nvFARRAM=FARRAM \
  -pintsave_regs=BIGRAM,bigbss=BIGRAM,bigdata=BIGRAM -pbss=RAM \
  -pidata=CODE,irdata=CODE,ibigdata=CODE,ifardata=CODE -prparam=COMRAM \
  C:\Users\DASAN\AppData\Local\Temp\sjnc.o \
  dist/default/production\LCD_Servos_I2C_Serial.X.production.o 

Object code version is 3.11

Machine type is 18F4550



                Name                               Link     Load   Length Selector   Space Scale
C:\Users\DASAN\AppData\Local\Temp\sjnc.o
                idloc                            200000   200000        8        0       5
                config                           300000   300000        E        0       4
                init                                  E        E        4        4       0
                reset_vec                             0        0        4        0       0
dist/default/production\LCD_Servos_I2C_Serial.X.production.o
                intcode                               8        8        6        4       0
                idloc                            200000   200000        8        0       5
                config                           300000   300000        E        0       4
                temp                                 5F       5F        1        1       1
                smallconst                          800      800       64      400       0
                text63                             3DB6     3DB6       38      432       0
                text62                             3B14     3B14       52      432       0
                text61                             3E9A     3E9A       26      432       0
                text60                             25AA     25AA      18A      432       0
                text59                             35A6     35A6       C4      432       0
                text58                             3CC2     3CC2       42      432       0
                text57                             3F3A     3F3A        2      432       0
                text56                             31C8     31C8       CA      432       0
                text55                             2F5A     2F5A       D8      432       0
                text54                             2734     2734      188      432       0
                text53                             2A22     2A22      164      432       0
                text52                             3D04     3D04       40      432       0
                text51                             3C3C     3C3C       44      432       0
                text50                             3DEE     3DEE       36      432       0
                text49                             3358     3358       C6      432       0
                text48                             1888     1888      2E4      432       0
                text47                             205A     205A      226      432       0
                text46                             3900     3900       62      432       0
                text45                             3AC2     3AC2       52      432       0
                text44                             3A18     3A18       58      432       0
                text43                             3E74     3E74       26      432       0
                text42                             3F02     3F02        C      432       0
                text41                             3F2E     3F2E        8      432       0
                text40                             3F26     3F26        8      432       0
                text39                             382A     382A       74      432       0
                text38                             366A     366A       BA      432       0
                text37                              864      864      4E2      432       0
                intcode_body                       3724     3724       8A      432       0
                text35                             2D94     2D94       EA      432       0
                text34                             3EC0     3EC0       1C      432       0
                text33                             3292     3292       C6      432       0
                text32                             3E4C     3E4C       28      432       0
                text31                             3BF6     3BF6       46      432       0
                text30                             3F38     3F38        2      432       0
                text29                             3032     3032       CC      432       0
                text28                             2E7E     2E7E       DC      432       0
                text27                             2420     2420      18A      432       0
                text26                             28BC     28BC      166      432       0
                text25                             3C80     3C80       42      432       0
                text24                             3BAE     3BAE       48      432       0
                text23                             3D44     3D44       3A      432       0
                text22                             30FE     30FE       CA      432       0
                text21                             15A4     15A4      2E4      432       0
                text20                             1E2C     1E2C      22E      432       0
                text19                             389E     389E       62      432       0
                text18                             3A70     3A70       52      432       0
                text17                             39C0     39C0       58      432       0
                text16                             3E24     3E24       28      432       0
                text15                             3EDC     3EDC        E      432       0
                text14                             3F1E     3F1E        8      432       0
                text13                             3F16     3F16        8      432       0
                text12                             37AE     37AE       7C      432       0
                text11                             34E2     34E2       C4      432       0
                text10                             1208     1208      39C      432       0
                text9                              2C8E     2C8E      106      432       0
                text8                               D46      D46      4C2      432       0
                text7                              3B66     3B66       48      432       0
                text6                              2B86     2B86      108      432       0
                text5                              3D7E     3D7E       38      432       0
                text4                              3F0E     3F0E        8      432       0
                text3                              341E     341E       C4      432       0
                text2                              1B6C     1B6C      2C0      432       0
                text1                              2280     2280      1A0      432       0
                text0                              3EF6     3EF6        C      432       0
                cstackCOMRAM                          1        1       5E        1       1
                cstackBANK0                          60       60       66       60       1
                cstackBANK1                         16E      16E       27      100       1
                dataBANK1                           195      195        C      100       1
                bssBANK1                            100      100       6E      100       1
                dataBANK0                            E0       E0        2       60       1
                bssBANK0                             C6       C6       1A       60       1
                cinit                              3962     3962       5E      432       0
                idataBANK1                         3EEA     3EEA        C      432       0
                idataBANK0                         3F36     3F36        2      432       0

TOTAL           Name                               Link     Load   Length     Space
        CLASS   STACK          

        CLASS   CODE           
                intcode                               8        8        6         0
                init                                  E        E        4         0
                reset_vec                             0        0        4         0
                text63                             3DB6     3DB6       38         0
                text62                             3B14     3B14       52         0
                text61                             3E9A     3E9A       26         0
                text60                             25AA     25AA      18A         0
                text59                             35A6     35A6       C4         0
                text58                             3CC2     3CC2       42         0
                text57                             3F3A     3F3A        2         0
                text56                             31C8     31C8       CA         0
                text55                             2F5A     2F5A       D8         0
                text54                             2734     2734      188         0
                text53                             2A22     2A22      164         0
                text52                             3D04     3D04       40         0
                text51                             3C3C     3C3C       44         0
                text50                             3DEE     3DEE       36         0
                text49                             3358     3358       C6         0
                text48                             1888     1888      2E4         0
                text47                             205A     205A      226         0
                text46                             3900     3900       62         0
                text45                             3AC2     3AC2       52         0
                text44                             3A18     3A18       58         0
                text43                             3E74     3E74       26         0
                text42                             3F02     3F02        C         0
                text41                             3F2E     3F2E        8         0
                text40                             3F26     3F26        8         0
                text39                             382A     382A       74         0
                text38                             366A     366A       BA         0
                text37                              864      864      4E2         0
                intcode_body                       3724     3724       8A         0
                text35                             2D94     2D94       EA         0
                text34                             3EC0     3EC0       1C         0
                text33                             3292     3292       C6         0
                text32                             3E4C     3E4C       28         0
                text31                             3BF6     3BF6       46         0
                text30                             3F38     3F38        2         0
                text29                             3032     3032       CC         0
                text28                             2E7E     2E7E       DC         0
                text27                             2420     2420      18A         0
                text26                             28BC     28BC      166         0
                text25                             3C80     3C80       42         0
                text24                             3BAE     3BAE       48         0
                text23                             3D44     3D44       3A         0
                text22                             30FE     30FE       CA         0
                text21                             15A4     15A4      2E4         0
                text20                             1E2C     1E2C      22E         0
                text19                             389E     389E       62         0
                text18                             3A70     3A70       52         0
                text17                             39C0     39C0       58         0
                text16                             3E24     3E24       28         0
                text15                             3EDC     3EDC        E         0
                text14                             3F1E     3F1E        8         0
                text13                             3F16     3F16        8         0
                text12                             37AE     37AE       7C         0
                text11                             34E2     34E2       C4         0
                text10                             1208     1208      39C         0
                text9                              2C8E     2C8E      106         0
                text8                               D46      D46      4C2         0
                text7                              3B66     3B66       48         0
                text6                              2B86     2B86      108         0
                text5                              3D7E     3D7E       38         0
                text4                              3F0E     3F0E        8         0
                text3                              341E     341E       C4         0
                text2                              1B6C     1B6C      2C0         0
                text1                              2280     2280      1A0         0
                text0                              3EF6     3EF6        C         0
                cinit                              3962     3962       5E         0
                idataBANK1                         3EEA     3EEA        C         0
                idataBANK0                         3F36     3F36        2         0

        CLASS   CONST          

        CLASS   SMALLCONST     
                smallconst                          800      800       64         0

        CLASS   MEDIUMCONST    

        CLASS   COMRAM         
                temp                                 5F       5F        1         1
                cstackCOMRAM                          1        1       5E         1

        CLASS   ABS1           

        CLASS   BIGRAM         

        CLASS   RAM            

        CLASS   BANK0          
                cstackBANK0                          60       60       66         1
                dataBANK0                            E0       E0        2         1
                bssBANK0                             C6       C6       1A         1

        CLASS   BANK1          
                cstackBANK1                         16E      16E       27         1
                dataBANK1                           195      195        C         1
                bssBANK1                            100      100       6E         1

        CLASS   BANK2          

        CLASS   BANK3          

        CLASS   BANK4          

        CLASS   BANK5          

        CLASS   BANK6          

        CLASS   BANK7          

        CLASS   SFR            

        CLASS   CONFIG         
                config                           300000   300000        E         4

        CLASS   IDLOC          
                idloc                            200000   200000        8         5

        CLASS   EEDATA         

        CLASS   FARRAM         



SEGMENTS        Name                           Load    Length   Top    Selector   Space  Class

                reset_vec                      000000  000004  000004         0       0  CODE    
                cstackCOMRAM                   000001  00005F  000060         1       1  COMRAM  
                intcode                        000008  00000A  000012         4       0  CODE    
                cstackBANK0                    000060  000082  0000E2        60       1  BANK0   
                bssBANK1                       000100  0000A1  0001A1       100       1  BANK1   
                smallconst                     000800  000064  000864       400       0  SMALLCON
                text37                         000864  0036D8  003F3C       432       0  CODE    


UNUSED ADDRESS RANGES

        Name                Unused          Largest block    Delta
        BANK0            0000E2-0000FF               1E
        BANK1            0001A1-0001FF               5F
        BANK2            000200-0002FF              100
        BANK3            000300-0003FF              100
        BANK4            000400-0004FF              100
        BANK5            000500-0005FF              100
        BANK6            000600-0006FF              100
        BANK7            000700-0007FF              100
        BIGRAM           0000E2-0000FF               1E
                         0001A1-0007FF              65F
        CODE             000004-000007                4
                         000012-0007FF              7EE
                         003F3C-007FFF             40C4
        CONST            000004-000007                4
                         000012-0007FF              7EE
                         003F3C-007FFF             40C4
        EEDATA           F00000-F000FF              100
        MEDIUMCONST      003F3C-007FFF             40C4
        RAM              0000E2-0000FF               1E
                         0001A1-0007FF              100
        SFR              000F60-000FFF               A0
        SMALLCONST       003F3C-007FFF              100
        STACK            0001A1-0007FF              65F

                                  Symbol Table

?___aodiv                cstackBANK0  00007D
?___aomod                cstackBANK0  00007D
?___awdiv                cstackBANK0  00007D
?___fladd                cstackBANK0  00007D
?___fldiv                cstackBANK0  00007D
?___flsub                cstackBANK0  00008D
?___fltol                cstackBANK0  00007D
?___wmul                 cstackBANK0  000085
?_abs                    cstackBANK0  00008F
?_atoi                   cstackCOMRAM 00000F
?_ctoa                   cstackBANK0  000086
?_dtoa                   cstackBANK0  000098
?_isdigit                cstackCOMRAM 000001
?_isspace                cstackCOMRAM 000001
?_map                    cstackBANK0  00008B
?_pad                    cstackBANK0  00008D
?_sprintf                cstackBANK1  00017D
?_strlen                 cstackBANK0  00007D
?_vfpfcnvrt              cstackBANK0  0000BC
?_vfprintf               cstackBANK1  000177
?i2___aodiv              cstackCOMRAM 000001
?i2___aomod              cstackCOMRAM 000001
?i2___awdiv              cstackCOMRAM 000001
?i2___wmul               cstackCOMRAM 000009
?i2_abs                  cstackCOMRAM 000013
?i2_ctoa                 cstackCOMRAM 00000A
?i2_dtoa                 cstackCOMRAM 00001C
?i2_map                  cstackCOMRAM 00000F
?i2_pad                  cstackCOMRAM 000011
?i2_sprintf              cstackCOMRAM 000059
?i2_strlen               cstackCOMRAM 000001
?i2_vfpfcnvrt            cstackCOMRAM 000040
?i2_vfprintf             cstackCOMRAM 000051
LCD@data                 cstackBANK0  00007E
SettingsLCD@word         cstackBANK0  00007F
_ACKDT                   (abs)        007E2D
_ACKEN                   (abs)        007E2C
_ADCON1                  (abs)        000FC1
_Angle                   bssBANK0     0000D0
_Coordinate_x            bssBANK1     000112
_Coordinate_y            bssBANK1     000114
_Coordinate_z            bssBANK1     000110
_DriverPin               bssBANK1     000116
_GIE                     (abs)        007F97
_LATD                    (abs)        000F8C
_LATDbits                (abs)        000F8C
_LATE                    (abs)        000F8D
_LATE0                   (abs)        007C68
_LATE1                   (abs)        007C69
_LCD                     text35       002D94
_OSCCON                  (abs)        000FD3
_PEIE                    (abs)        007F96
_PEN                     (abs)        007E2A
_PORTBbits               (abs)        000F81
_RCEN                    (abs)        007E2B
_RCIE                    (abs)        007CED
_RCIF                    (abs)        007CF5
_RCREG                   (abs)        000FAE
_RCSTA                   (abs)        000FAB
_RSEN                    (abs)        007E29
_SEN                     (abs)        007E28
_SPBRG                   (abs)        000FAF
_SSPADD                  (abs)        000FC8
_SSPBUF                  (abs)        000FC9
_SSPCON1                 (abs)        000FC6
_SSPCON2                 (abs)        000FC5
_SSPSTAT                 (abs)        000FC7
_SettingsLCD             text34       003EC0
_TRISBbits               (abs)        000F93
_TRISCbits               (abs)        000F94
_TRISD                   (abs)        000F95
_TRISE                   (abs)        000F96
_TXIF                    (abs)        007CF4
_TXREG                   (abs)        000FAD
_TXSTA                   (abs)        000FAC
__HRAM                   (abs)        000000
__Habs1                  abs1         000000
__Hbank0                 bank0        000000
__Hbank1                 bank1        000000
__Hbank2                 bank2        000000
__Hbank3                 bank3        000000
__Hbank4                 bank4        000000
__Hbank5                 bank5        000000
__Hbank6                 bank6        000000
__Hbank7                 bank7        000000
__Hbigbss                bigbss       000000
__Hbigdata               bigdata      000000
__Hbigram                bigram       000000
__Hbss                   bss          000000
__HbssBANK0              bssBANK0     000000
__HbssBANK1              bssBANK1     000000
__Hcinit                 cinit        000000
__Hclrtext               clrtext      000000
__Hcomram                comram       000000
__Hconfig                config       30000E
__Hconst                 const        000000
__HcstackBANK0           cstackBANK0  000000
__HcstackBANK1           cstackBANK1  000000
__HcstackCOMRAM          cstackCOMRAM 000000
__Hdata                  data         000000
__HdataBANK0             dataBANK0    000000
__HdataBANK1             dataBANK1    000000
__Heeprom_data           eeprom_data  000000
__Hfarbss                farbss       000000
__Hfardata               fardata      000000
__Hibigdata              ibigdata     000000
__Hidata                 idata        000000
__HidataBANK0            idataBANK0   000000
__HidataBANK1            idataBANK1   000000
__Hidloc                 idloc        200008
__Hifardata              ifardata     000000
__Hinit                  init         000012
__Hintcode               intcode      00000E
__Hintcode_body          intcode_body 000000
__Hintcodelo             intcodelo    00000E
__Hintentry              intentry     000000
__Hintret                intret       000000
__Hintsave_regs          intsave_regs 000000
__Hirdata                irdata       000000
__Hmediumconst           mediumconst  000000
__HnvFARRAM              nvFARRAM     000000
__Hnvbit                 nvbit        000000
__Hnvrram                nvrram       000000
__Hparam                 rparam       000000
__Hpowerup               powerup      00000E
__Hram                   ram          000000
__Hramtop                ramtop       000800
__Hrbit                  rbit         000000
__Hrbss                  rbss         000000
__Hrdata                 rdata        000000
__Hreset_vec             reset_vec    000004
__Hrparam                rparam       000000
__Hsfr                   sfr          000000
__Hsmallconst            smallconst   000864
__Hspace_0               (abs)        003F3C
__Hspace_1               (abs)        0001A1
__Hspace_2               (abs)        000000
__Hspace_4               (abs)        60000E
__Hstack                 stack        000000
__Hstruct                struct       000000
__Htemp                  temp         000060
__Htext                  text         000000
__Htext0                 text0        000000
__Htext1                 text1        000000
__Htext10                text10       000000
__Htext11                text11       000000
__Htext12                text12       000000
__Htext13                text13       000000
__Htext14                text14       000000
__Htext15                text15       000000
__Htext16                text16       000000
__Htext17                text17       000000
__Htext18                text18       000000
__Htext19                text19       000000
__Htext2                 text2        000000
__Htext20                text20       000000
__Htext21                text21       000000
__Htext22                text22       000000
__Htext23                text23       000000
__Htext24                text24       000000
__Htext25                text25       000000
__Htext26                text26       000000
__Htext27                text27       000000
__Htext28                text28       000000
__Htext29                text29       000000
__Htext3                 text3        000000
__Htext30                text30       000000
__Htext31                text31       000000
__Htext32                text32       000000
__Htext33                text33       000000
__Htext34                text34       000000
__Htext35                text35       000000
__Htext37                text37       000000
__Htext38                text38       000000
__Htext39                text39       000000
__Htext4                 text4        000000
__Htext40                text40       000000
__Htext41                text41       000000
__Htext42                text42       000000
__Htext43                text43       000000
__Htext44                text44       000000
__Htext45                text45       000000
__Htext46                text46       000000
__Htext47                text47       000000
__Htext48                text48       000000
__Htext49                text49       000000
__Htext5                 text5        000000
__Htext50                text50       000000
__Htext51                text51       000000
__Htext52                text52       000000
__Htext53                text53       000000
__Htext54                text54       000000
__Htext55                text55       000000
__Htext56                text56       000000
__Htext57                text57       000000
__Htext58                text58       000000
__Htext59                text59       000000
__Htext6                 text6        000000
__Htext60                text60       000000
__Htext61                text61       000000
__Htext62                text62       000000
__Htext63                text63       000000
__Htext7                 text7        000000
__Htext8                 text8        000000
__Htext9                 text9        000000
__LRAM                   (abs)        000001
__Labs1                  abs1         000000
__Lbank0                 bank0        000000
__Lbank1                 bank1        000000
__Lbank2                 bank2        000000
__Lbank3                 bank3        000000
__Lbank4                 bank4        000000
__Lbank5                 bank5        000000
__Lbank6                 bank6        000000
__Lbank7                 bank7        000000
__Lbigbss                bigbss       000000
__Lbigdata               bigdata      000000
__Lbigram                bigram       000000
__Lbss                   bss          000000
__LbssBANK0              bssBANK0     000000
__LbssBANK1              bssBANK1     000000
__Lcinit                 cinit        000000
__Lclrtext               clrtext      000000
__Lcomram                comram       000000
__Lconfig                config       000000
__Lconst                 const        000000
__LcstackBANK0           cstackBANK0  000000
__LcstackBANK1           cstackBANK1  000000
__LcstackCOMRAM          cstackCOMRAM 000000
__Ldata                  data         000000
__LdataBANK0             dataBANK0    000000
__LdataBANK1             dataBANK1    000000
__Leeprom_data           eeprom_data  000000
__Lfarbss                farbss       000000
__Lfardata               fardata      000000
__Libigdata              ibigdata     000000
__Lidata                 idata        000000
__LidataBANK0            idataBANK0   000000
__LidataBANK1            idataBANK1   000000
__Lidloc                 idloc        000000
__Lifardata              ifardata     000000
__Linit                  init         00000E
__Lintcode               intcode      000008
__Lintcode_body          intcode_body 000000
__Lintcodelo             intcodelo    00000E
__Lintentry              intentry     000000
__Lintret                intret       000000
__Lintsave_regs          intsave_regs 000000
__Lirdata                irdata       000000
__Lmediumconst           mediumconst  000000
__LnvFARRAM              nvFARRAM     000000
__Lnvbit                 nvbit        000000
__Lnvrram                nvrram       000000
__Lparam                 rparam       000000
__Lpowerup               powerup      00000E
__Lram                   ram          000000
__Lramtop                ramtop       000800
__Lrbit                  rbit         000000
__Lrbss                  rbss         000000
__Lrdata                 rdata        000000
__Lreset_vec             reset_vec    000000
__Lrparam                rparam       000000
__Lsfr                   sfr          000000
__Lsmallconst            smallconst   000800
__Lspace_0               (abs)        000000
__Lspace_1               (abs)        000000
__Lspace_2               (abs)        000000
__Lspace_4               (abs)        000000
__Lstack                 stack        000000
__Lstruct                struct       000000
__Ltemp                  temp         00005F
__Ltext                  text         000000
__Ltext0                 text0        000000
__Ltext1                 text1        000000
__Ltext10                text10       000000
__Ltext11                text11       000000
__Ltext12                text12       000000
__Ltext13                text13       000000
__Ltext14                text14       000000
__Ltext15                text15       000000
__Ltext16                text16       000000
__Ltext17                text17       000000
__Ltext18                text18       000000
__Ltext19                text19       000000
__Ltext2                 text2        000000
__Ltext20                text20       000000
__Ltext21                text21       000000
__Ltext22                text22       000000
__Ltext23                text23       000000
__Ltext24                text24       000000
__Ltext25                text25       000000
__Ltext26                text26       000000
__Ltext27                text27       000000
__Ltext28                text28       000000
__Ltext29                text29       000000
__Ltext3                 text3        000000
__Ltext30                text30       000000
__Ltext31                text31       000000
__Ltext32                text32       000000
__Ltext33                text33       000000
__Ltext34                text34       000000
__Ltext35                text35       000000
__Ltext37                text37       000000
__Ltext38                text38       000000
__Ltext39                text39       000000
__Ltext4                 text4        000000
__Ltext40                text40       000000
__Ltext41                text41       000000
__Ltext42                text42       000000
__Ltext43                text43       000000
__Ltext44                text44       000000
__Ltext45                text45       000000
__Ltext46                text46       000000
__Ltext47                text47       000000
__Ltext48                text48       000000
__Ltext49                text49       000000
__Ltext5                 text5        000000
__Ltext50                text50       000000
__Ltext51                text51       000000
__Ltext52                text52       000000
__Ltext53                text53       000000
__Ltext54                text54       000000
__Ltext55                text55       000000
__Ltext56                text56       000000
__Ltext57                text57       000000
__Ltext58                text58       000000
__Ltext59                text59       000000
__Ltext6                 text6        000000
__Ltext60                text60       000000
__Ltext61                text61       000000
__Ltext62                text62       000000
__Ltext63                text63       000000
__Ltext7                 text7        000000
__Ltext8                 text8        000000
__Ltext9                 text9        000000
__S0                     (abs)        003F3C
__S1                     (abs)        0001A1
__S2                     (abs)        000000
__S4                     (abs)        000000
__S5                     (abs)        000000
___aodiv                 text27       002420
___aodiv@counter         cstackBANK0  00008D
___aodiv@dividend        cstackBANK0  00007D
___aodiv@divisor         cstackBANK0  000085
___aodiv@quotient        cstackBANK0  00008F
___aodiv@sign            cstackBANK0  00008E
___aomod                 text26       0028BC
___aomod@counter         cstackBANK0  00008D
___aomod@dividend        cstackBANK0  00007D
___aomod@divisor         cstackBANK0  000085
___aomod@sign            cstackBANK0  00008E
___awdiv                 text33       003292
___awdiv@counter         cstackBANK0  000081
___awdiv@dividend        cstackBANK0  00007D
___awdiv@divisor         cstackBANK0  00007F
___awdiv@quotient        cstackBANK0  000083
___awdiv@sign            cstackBANK0  000082
___fladd                 text8        000D46
___fladd@a               cstackBANK0  000081
___fladd@aexp            cstackBANK0  00008A
___fladd@b               cstackBANK0  00007D
___fladd@bexp            cstackBANK0  00008B
___fladd@grs             cstackBANK0  00008C
___fladd@signs           cstackBANK0  000089
___fldiv                 text10       001208
___fldiv@a               cstackBANK0  000081
___fldiv@aexp            cstackBANK0  000095
___fldiv@b               cstackBANK0  00007D
___fldiv@bexp            cstackBANK0  000094
___fldiv@grs             cstackBANK0  000090
___fldiv@new_exp         cstackBANK0  00008E
___fldiv@rem             cstackBANK0  000089
___fldiv@sign            cstackBANK0  00008D
___flge                  text9        002C8E
___flge@ff1              cstackBANK0  00007D
___flge@ff2              cstackBANK0  000081
___flsub                 text7        003B66
___flsub@a               cstackBANK0  000091
___flsub@b               cstackBANK0  00008D
___fltol                 text6        002B86
___fltol@exp1            cstackBANK0  000086
___fltol@f1              cstackBANK0  00007D
___fltol@sign1           cstackBANK0  000085
___inthi_sp              stack        000000
___intlo_sp              stack        000000
___param_bank            (abs)        000000
___rparam_used           (abs)        000001
___sp                    stack        000000
___wmul                  text32       003E4C
___wmul@multiplicand     cstackBANK0  000087
___wmul@multiplier       cstackBANK0  000085
___wmul@product          cstackBANK0  000089
__accesstop              (abs)        000060
__activetblptr           (abs)        000002
__end_of_LCD             text35       002E7E
__end_of_SettingsLCD     text34       003EDC
__end_of___aodiv         text27       0025AA
__end_of___aomod         text26       002A22
__end_of___awdiv         text33       003358
__end_of___fladd         text8        001208
__end_of___fldiv         text10       0015A4
__end_of___flge          text9        002D94
__end_of___flsub         text7        003BAE
__end_of___fltol         text6        002C8E
__end_of___wmul          text32       003E74
__end_of__initialization cinit        0039B2
__end_of_abs             text25       003CC2
__end_of_algoritm        text37       000D46
__end_of_atoi            text60       002734
__end_of_ctoa            text28       002F5A
__end_of_dtoa            text21       001888
__end_of_fputc           text29       0030FE
__end_of_fputs           text24       003BF6
__end_of_isdigit         text63       003DEE
__end_of_isspace         text62       003B66
__end_of_main            text0        003F02
__end_of_map             text31       003C3C
__end_of_mover_servo     text11       0035A6
__end_of_pad             text22       0031C8
__end_of_putch           text30       003F3A
__end_of_readI2C         text3        0034E2
__end_of_readyI2C        text16       003E4C
__end_of_receive         intcode_body 0037AE
__end_of_receiveI2C      text5        003DB6
__end_of_repeatedStart   text4        003F16
__end_of_sendI2C         text15       003EEA
__end_of_setPWMFreq      text2        001E2C
__end_of_settings        text1        002420
__end_of_sprintf         text18       003AC2
__end_of_start           text17       003A18
__end_of_startI2C        text14       003F26
__end_of_stopI2C         text13       003F1E
__end_of_strlen          text23       003D7E
__end_of_vfpfcnvrt       text20       00205A
__end_of_vfprintf        text19       003900
__end_of_writeI2C        text12       00382A
__end_ofi2___aodiv       text54       0028BC
__end_ofi2___aomod       text53       002B86
__end_ofi2___awdiv       text59       00366A
__end_ofi2___wmul        text61       003EC0
__end_ofi2_abs           text52       003D44
__end_ofi2_ctoa          text55       003032
__end_ofi2_dtoa          text48       001B6C
__end_ofi2_fputc         text56       003292
__end_ofi2_fputs         text51       003C80
__end_ofi2_map           text58       003D04
__end_ofi2_mover_servo   text38       003724
__end_ofi2_pad           text49       00341E
__end_ofi2_putch         text57       003F3C
__end_ofi2_readyI2C      text43       003E9A
__end_ofi2_sendI2C       text42       003F0E
__end_ofi2_sprintf       text45       003B14
__end_ofi2_start         text44       003A70
__end_ofi2_startI2C      text41       003F36
__end_ofi2_stopI2C       text40       003F2E
__end_ofi2_strlen        text50       003E24
__end_ofi2_vfpfcnvrt     text47       002280
__end_ofi2_vfprintf      text46       003962
__end_ofi2_writeI2C      text39       00389E
__initialization         cinit        003962
__mediumconst            mediumconst  000000
__pbssBANK0              bssBANK0     0000C6
__pbssBANK1              bssBANK1     000100
__pcinit                 cinit        003962
__pcstackBANK0           cstackBANK0  000060
__pcstackBANK1           cstackBANK1  00016E
__pcstackCOMRAM          cstackCOMRAM 000001
__pdataBANK0             dataBANK0    0000E0
__pdataBANK1             dataBANK1    000195
__pidataBANK0            idataBANK0   003F36
__pidataBANK1            idataBANK1   003EEA
__pintcode               intcode      000008
__pintcode_body          intcode_body 003724
__psmallconst            smallconst   000800
__ptext0                 text0        003EF6
__ptext1                 text1        002280
__ptext10                text10       001208
__ptext11                text11       0034E2
__ptext12                text12       0037AE
__ptext13                text13       003F16
__ptext14                text14       003F1E
__ptext15                text15       003EDC
__ptext16                text16       003E24
__ptext17                text17       0039C0
__ptext18                text18       003A70
__ptext19                text19       00389E
__ptext2                 text2        001B6C
__ptext20                text20       001E2C
__ptext21                text21       0015A4
__ptext22                text22       0030FE
__ptext23                text23       003D44
__ptext24                text24       003BAE
__ptext25                text25       003C80
__ptext26                text26       0028BC
__ptext27                text27       002420
__ptext28                text28       002E7E
__ptext29                text29       003032
__ptext3                 text3        00341E
__ptext30                text30       003F38
__ptext31                text31       003BF6
__ptext32                text32       003E4C
__ptext33                text33       003292
__ptext34                text34       003EC0
__ptext35                text35       002D94
__ptext37                text37       000864
__ptext38                text38       00366A
__ptext39                text39       00382A
__ptext4                 text4        003F0E
__ptext40                text40       003F26
__ptext41                text41       003F2E
__ptext42                text42       003F02
__ptext43                text43       003E74
__ptext44                text44       003A18
__ptext45                text45       003AC2
__ptext46                text46       003900
__ptext47                text47       00205A
__ptext48                text48       001888
__ptext49                text49       003358
__ptext5                 text5        003D7E
__ptext50                text50       003DEE
__ptext51                text51       003C3C
__ptext52                text52       003D04
__ptext53                text53       002A22
__ptext54                text54       002734
__ptext55                text55       002F5A
__ptext56                text56       0031C8
__ptext57                text57       003F3A
__ptext58                text58       003CC2
__ptext59                text59       0035A6
__ptext6                 text6        002B86
__ptext60                text60       0025AA
__ptext61                text61       003E9A
__ptext62                text62       003B14
__ptext63                text63       003DB6
__ptext7                 text7        003B66
__ptext8                 text8        000D46
__ptext9                 text9        002C8E
__ramtop                 ramtop       000800
__size_of_LCD            (abs)        000000
__size_of_SettingsLCD    (abs)        000000
__size_of___aodiv        (abs)        000000
__size_of___aomod        (abs)        000000
__size_of___awdiv        (abs)        000000
__size_of___fladd        (abs)        000000
__size_of___fldiv        (abs)        000000
__size_of___flge         (abs)        000000
__size_of___flsub        (abs)        000000
__size_of___fltol        (abs)        000000
__size_of___wmul         (abs)        000000
__size_of_abs            (abs)        000000
__size_of_algoritm       (abs)        000000
__size_of_atoi           (abs)        000000
__size_of_ctoa           (abs)        000000
__size_of_dtoa           (abs)        000000
__size_of_fputc          (abs)        000000
__size_of_fputs          (abs)        000000
__size_of_isdigit        (abs)        000000
__size_of_isspace        (abs)        000000
__size_of_main           (abs)        000000
__size_of_map            (abs)        000000
__size_of_mover_servo    (abs)        000000
__size_of_pad            (abs)        000000
__size_of_putch          (abs)        000000
__size_of_readI2C        (abs)        000000
__size_of_readyI2C       (abs)        000000
__size_of_receive        (abs)        000000
__size_of_receiveI2C     (abs)        000000
__size_of_repeatedStart  (abs)        000000
__size_of_sendI2C        (abs)        000000
__size_of_setPWMFreq     (abs)        000000
__size_of_settings       (abs)        000000
__size_of_sprintf        (abs)        000000
__size_of_start          (abs)        000000
__size_of_startI2C       (abs)        000000
__size_of_stopI2C        (abs)        000000
__size_of_strlen         (abs)        000000
__size_of_vfpfcnvrt      (abs)        000000
__size_of_vfprintf       (abs)        000000
__size_of_writeI2C       (abs)        000000
__size_ofi2___aodiv      (abs)        000000
__size_ofi2___aomod      (abs)        000000
__size_ofi2___awdiv      (abs)        000000
__size_ofi2___wmul       (abs)        000000
__size_ofi2_abs          (abs)        000000
__size_ofi2_ctoa         (abs)        000000
__size_ofi2_dtoa         (abs)        000000
__size_ofi2_fputc        (abs)        000000
__size_ofi2_fputs        (abs)        000000
__size_ofi2_map          (abs)        000000
__size_ofi2_mover_servo  (abs)        000000
__size_ofi2_pad          (abs)        000000
__size_ofi2_putch        (abs)        000000
__size_ofi2_readyI2C     (abs)        000000
__size_ofi2_sendI2C      (abs)        000000
__size_ofi2_sprintf      (abs)        000000
__size_ofi2_start        (abs)        000000
__size_ofi2_startI2C     (abs)        000000
__size_ofi2_stopI2C      (abs)        000000
__size_ofi2_strlen       (abs)        000000
__size_ofi2_vfpfcnvrt    (abs)        000000
__size_ofi2_vfprintf     (abs)        000000
__size_ofi2_writeI2C     (abs)        000000
__smallconst             smallconst   000800
_abs                     text25       003C80
_algoritm                text37       000864
_angle                   bssBANK1     00016B
_angle_servos            dataBANK1    000195
_atoi                    text60       0025AA
_atoi$866                cstackCOMRAM 000017
_atoi$867                cstackCOMRAM 00001B
_atoi$868                cstackCOMRAM 000019
_coor                    bssBANK0     0000CE
_coordinate_x            bssBANK1     000168
_coordinate_y            bssBANK1     000165
_coordinate_z            bssBANK1     000162
_ctoa                    text28       002E7E
_d                       bssBANK0     0000D8
_d1                      bssBANK0     0000DE
_data1                   bssBANK0     0000DF
_data2                   bssBANK0     0000DA
_dato                    bssBANK1     000118
_dbuf                    bssBANK1     000142
_dtoa                    text21       0015A4
_dtoa$962                cstackBANK0  0000AA
_flag                    bssBANK0     0000D9
_flags                   bssBANK0     0000CC
_fputc                   text29       003032
_fputs                   text24       003BAE
_i                       bssBANK0     0000D6
_isdigit                 text63       003DB6
_isspace                 text62       003B14
_isspace$884             cstackCOMRAM 000007
_main                    text0        003EF6
_map                     text31       003BF6
_mover_servo             text11       0034E2
_nout                    bssBANK0     0000C6
_pad                     text22       0030FE
_pos                     bssBANK0     0000D4
_prec                    bssBANK0     0000CA
_putch                   text30       003F38
_readI2C                 text3        00341E
_readyI2C                text16       003E24
_receive                 intcode      000008
_receiveI2C              text5        003D7E
_repeatedStart           text4        003F0E
_sendI2C                 text15       003EDC
_servos                  dataBANK0    0000E0
_setPWMFreq              text2        001B6C
_settings                text1        002280
_sprintf                 text18       003A70
_start                   text17       0039C0
_startI2C                text14       003F1E
_stopI2C                 text13       003F16
_strlen                  text23       003D44
_text                    bssBANK1     00011A
_texto_LCD               bssBANK1     000100
_vfpfcnvrt               text20       001E2C
_vfprintf                text19       00389E
_width                   bssBANK0     0000C8
_writeI2C                text12       0037AE
_z                       bssBANK0     0000D2
abs@a                    cstackBANK0  00008F
algoritm@i               cstackBANK0  000071
atoi@n                   cstackCOMRAM 00001C
atoi@neg                 cstackCOMRAM 000015
atoi@s                   cstackCOMRAM 00000F
btemp                    temp         00005F
ctoa@c                   cstackBANK0  000088
ctoa@fp                  cstackBANK0  000086
ctoa@l                   cstackBANK0  00008A
ctoa@w                   cstackBANK0  00008C
dtoa@d                   cstackBANK0  00009A
dtoa@fp                  cstackBANK0  000098
dtoa@i                   cstackBANK0  0000BA
dtoa@n                   cstackBANK0  0000B2
dtoa@p                   cstackBANK0  0000AC
dtoa@s                   cstackBANK0  0000B0
dtoa@w                   cstackBANK0  0000AE
end_of_initialization    cinit        0039B2
fputc@c                  cstackBANK0  00007D
fputc@fp                 cstackBANK0  00007F
fputs@c                  cstackBANK0  00008A
fputs@fp                 cstackBANK0  000088
fputs@i                  cstackBANK0  00008B
fputs@s                  cstackBANK0  000086
i2___aodiv               text54       002734
i2___aodiv@counter       cstackCOMRAM 000011
i2___aodiv@dividend      cstackCOMRAM 000001
i2___aodiv@divisor       cstackCOMRAM 000009
i2___aodiv@quotient      cstackCOMRAM 000013
i2___aodiv@sign          cstackCOMRAM 000012
i2___aomod               text53       002A22
i2___aomod@counter       cstackCOMRAM 000011
i2___aomod@dividend      cstackCOMRAM 000001
i2___aomod@divisor       cstackCOMRAM 000009
i2___aomod@sign          cstackCOMRAM 000012
i2___awdiv               text59       0035A6
i2___awdiv@counter       cstackCOMRAM 000005
i2___awdiv@dividend      cstackCOMRAM 000001
i2___awdiv@divisor       cstackCOMRAM 000003
i2___awdiv@quotient      cstackCOMRAM 000007
i2___awdiv@sign          cstackCOMRAM 000006
i2___wmul                text61       003E9A
i2___wmul@multiplicand   cstackCOMRAM 00000B
i2___wmul@multiplier     cstackCOMRAM 000009
i2___wmul@product        cstackCOMRAM 00000D
i2_abs                   text52       003D04
i2_ctoa                  text55       002F5A
i2_dtoa                  text48       001888
i2_dtoa$962              cstackCOMRAM 00002E
i2_fputc                 text56       0031C8
i2_fputs                 text51       003C3C
i2_map                   text58       003CC2
i2_mover_servo           text38       00366A
i2_pad                   text49       003358
i2_putch                 text57       003F3A
i2_readyI2C              text43       003E74
i2_sendI2C               text42       003F02
i2_sprintf               text45       003AC2
i2_start                 text44       003A18
i2_startI2C              text41       003F2E
i2_stopI2C               text40       003F26
i2_strlen                text50       003DEE
i2_vfpfcnvrt             text47       00205A
i2_vfprintf              text46       003900
i2_writeI2C              text39       00382A
i2abs@a                  cstackCOMRAM 000013
i2ctoa@c                 cstackCOMRAM 00000C
i2ctoa@fp                cstackCOMRAM 00000A
i2ctoa@l                 cstackCOMRAM 00000E
i2ctoa@w                 cstackCOMRAM 000010
i2dtoa@d                 cstackCOMRAM 00001E
i2dtoa@fp                cstackCOMRAM 00001C
i2dtoa@i                 cstackCOMRAM 00003E
i2dtoa@n                 cstackCOMRAM 000036
i2dtoa@p                 cstackCOMRAM 000030
i2dtoa@s                 cstackCOMRAM 000034
i2dtoa@w                 cstackCOMRAM 000032
i2fputc@c                cstackCOMRAM 000001
i2fputc@fp               cstackCOMRAM 000003
i2fputs@c                cstackCOMRAM 00000E
i2fputs@fp               cstackCOMRAM 00000C
i2fputs@i                cstackCOMRAM 00000F
i2fputs@s                cstackCOMRAM 00000A
i2map@In_Max             cstackCOMRAM 000013
i2map@In_Min             cstackCOMRAM 000011
i2map@Out_Max            cstackCOMRAM 000017
i2map@Out_Min            cstackCOMRAM 000015
i2map@x                  cstackCOMRAM 00000F
i2mover_servo@angulo     cstackBANK0  00006C
i2mover_servo@servo      cstackBANK0  00006A
i2pad@buf                cstackCOMRAM 000013
i2pad@fp                 cstackCOMRAM 000011
i2pad@i                  cstackCOMRAM 000018
i2pad@p                  cstackCOMRAM 000015
i2pad@w                  cstackCOMRAM 00001A
i2sendI2C@data           cstackCOMRAM 000002
i2sprintf@ap             cstackBANK0  000062
i2sprintf@f              cstackBANK0  000064
i2sprintf@fmt            cstackCOMRAM 00005B
i2sprintf@s              cstackCOMRAM 000059
i2strlen@a               cstackCOMRAM 000003
i2strlen@s               cstackCOMRAM 000001
i2vfpfcnvrt@ap           cstackCOMRAM 000044
i2vfpfcnvrt@c            cstackCOMRAM 000050
i2vfpfcnvrt@fmt          cstackCOMRAM 000042
i2vfpfcnvrt@fp           cstackCOMRAM 000040
i2vfpfcnvrt@ll           cstackCOMRAM 000048
i2vfprintf@ap            cstackCOMRAM 000055
i2vfprintf@cfmt          cstackCOMRAM 000057
i2vfprintf@fmt           cstackCOMRAM 000053
i2vfprintf@fp            cstackCOMRAM 000051
i2writeI2C@Address       cstackCOMRAM 00000A
i2writeI2C@Data          cstackCOMRAM 000004
i2writeI2C@Register      cstackCOMRAM 000003
i2writeI2C@bytes         cstackCOMRAM 000006
int$flags                temp         00005F
int_func                 intcode_body 003724
intlevel0                text         000000
intlevel1                text         000000
intlevel2                text         000000
intlevel3                text         000000
isdigit@c                cstackCOMRAM 000001
isspace@c                cstackCOMRAM 000001
map@In_Max               cstackBANK0  00008F
map@In_Min               cstackBANK0  00008D
map@Out_Max              cstackBANK0  000093
map@Out_Min              cstackBANK0  000091
map@x                    cstackBANK0  00008B
mover_servo@angulo       cstackBANK1  00018F
mover_servo@servo        cstackBANK1  00018D
pad@buf                  cstackBANK0  00008F
pad@fp                   cstackBANK0  00008D
pad@i                    cstackBANK0  000094
pad@p                    cstackBANK0  000091
pad@w                    cstackBANK0  000096
readI2C@Address          cstackBANK0  000087
readI2C@Data             cstackBANK0  000081
readI2C@Register         cstackBANK0  000080
readI2C@bytes            cstackBANK0  000083
receiveI2C@buffer        cstackBANK0  00007F
receiveI2C@flag          cstackBANK0  00007E
sendI2C@data             cstackBANK0  00007E
setPWMFreq@freq          cstackBANK0  000096
setPWMFreq@newmode       cstackBANK0  00009C
setPWMFreq@prescale      cstackBANK0  00009B
setPWMFreq@prescaleval   cstackBANK0  00009D
sprintf@ap               cstackBANK1  000185
sprintf@f                cstackBANK1  000187
sprintf@fmt              cstackBANK1  00017F
sprintf@s                cstackBANK1  00017D
stackhi                  (abs)        0007FF
stacklo                  (abs)        0001A1
start                    init         00000E
start_initialization     cinit        003962
strlen@a                 cstackBANK0  00007F
strlen@s                 cstackBANK0  00007D
ttemp5                   temp         000060
ttemp6                   temp         000063
ttemp7                   temp         000067
vfpfcnvrt@ap             cstackBANK0  0000C0
vfpfcnvrt@c              cstackBANK1  000176
vfpfcnvrt@fmt            cstackBANK0  0000BE
vfpfcnvrt@fp             cstackBANK0  0000BC
vfpfcnvrt@ll             cstackBANK1  00016E
vfprintf@ap              cstackBANK1  00017B
vfprintf@cfmt            cstackBANK0  0000C4
vfprintf@fmt             cstackBANK1  000179
vfprintf@fp              cstackBANK1  000177
writeI2C@Address         cstackBANK0  000086
writeI2C@Data            cstackBANK0  000080
writeI2C@Register        cstackBANK0  00007F
writeI2C@bytes           cstackBANK0  000082
wtemp8                   temp         000060


FUNCTION INFORMATION:

 *************** function _main *****************
 Defined at:
		line 82 in file "main_LCD_Servos_I2C_Serial.c"
 Parameters:    Size  Location     Type
		None
 Auto vars:     Size  Location     Type
		None
 Return value:  Size  Location     Type
                  1    wreg      void 
 Registers used:
		wreg, fsr1l, fsr1h, fsr2l, fsr2h, status,2, status,0, tblptrl, tblptrh, tblptru, prodl, prodh, cstack
 Tracked objects:
		On entry : 
		On exit  : 
		Unchanged: 
 Data sizes:     COMRAM   BANK0   BANK1   BANK2   BANK3   BANK4   BANK5   BANK6   BANK7
      Params:         0       0       0       0       0       0       0       0       0
      Locals:         0       0       0       0       0       0       0       0       0
      Temps:          0       0       0       0       0       0       0       0       0
      Totals:         0       0       0       0       0       0       0       0       0
Total ram usage:        0 bytes
 Hardware stack levels required when called:   21
 This function calls:
		_settings
 This function is called by:
		Startup code after reset
 This function uses a non-reentrant model


 *************** function _settings *****************
 Defined at:
		line 89 in file "main_LCD_Servos_I2C_Serial.c"
 Parameters:    Size  Location     Type
		None
 Auto vars:     Size  Location     Type
		None
 Return value:  Size  Location     Type
                  1    wreg      void 
 Registers used:
		wreg, fsr1l, fsr1h, fsr2l, fsr2h, status,2, status,0, tblptrl, tblptrh, tblptru, prodl, prodh, cstack
 Tracked objects:
		On entry : 
		On exit  : 
		Unchanged: 
 Data sizes:     COMRAM   BANK0   BANK1   BANK2   BANK3   BANK4   BANK5   BANK6   BANK7
      Params:         0       0       0       0       0       0       0       0       0
      Locals:         0       0       0       0       0       0       0       0       0
      Temps:          0       0       2       0       0       0       0       0       0
      Totals:         0       0       2       0       0       0       0       0       0
Total ram usage:        2 bytes
 Hardware stack levels used:    1
 Hardware stack levels required when called:   20
 This function calls:
		_SettingsLCD
		_mover_servo
		_setPWMFreq
		_sprintf
		_start
		_writeI2C
 This function is called by:
		_main
 This function uses a non-reentrant model


 *************** function _setPWMFreq *****************
 Defined at:
		line 347 in file "main_LCD_Servos_I2C_Serial.c"
 Parameters:    Size  Location     Type
  freq            4   54[BANK0 ] float 
 Auto vars:     Size  Location     Type
  prescaleval     4   61[BANK0 ] float 
  newmode         1   60[BANK0 ] unsigned char 
  prescale        1   59[BANK0 ] unsigned char 
 Return value:  Size  Location     Type
                  1    wreg      void 
 Registers used:
		wreg, fsr2l, fsr2h, status,2, status,0, cstack
 Tracked objects:
		On entry : 
		On exit  : 
		Unchanged: 
 Data sizes:     COMRAM   BANK0   BANK1   BANK2   BANK3   BANK4   BANK5   BANK6   BANK7
      Params:         0       4       0       0       0       0       0       0       0
      Locals:         0       6       0       0       0       0       0       0       0
      Temps:          0       1       0       0       0       0       0       0       0
      Totals:         0      11       0       0       0       0       0       0       0
Total ram usage:       11 bytes
 Hardware stack levels used:    1
 Hardware stack levels required when called:   14
 This function calls:
		___fladd
		___fldiv
		___flge
		___flsub
		___fltol
		_readI2C
		_writeI2C
 This function is called by:
		_settings
 This function uses a non-reentrant model


 *************** function _readI2C *****************
 Defined at:
		line 305 in file "main_LCD_Servos_I2C_Serial.c"
 Parameters:    Size  Location     Type
  Address         1    wreg     unsigned char 
  Register        1   32[BANK0 ] unsigned char 
  Data            2   33[BANK0 ] PTR unsigned char 
		 -> data1(1), 
  bytes           2   35[BANK0 ] int 
 Auto vars:     Size  Location     Type
  Address         1   39[BANK0 ] unsigned char 
 Return value:  Size  Location     Type
                  1    wreg      void 
 Registers used:
		wreg, fsr2l, fsr2h, status,2, status,0, cstack
 Tracked objects:
		On entry : 
		On exit  : 
		Unchanged: 
 Data sizes:     COMRAM   BANK0   BANK1   BANK2   BANK3   BANK4   BANK5   BANK6   BANK7
      Params:         0       5       0       0       0       0       0       0       0
      Locals:         0       1       0       0       0       0       0       0       0
      Temps:          0       2       0       0       0       0       0       0       0
      Totals:         0       8       0       0       0       0       0       0       0
Total ram usage:        8 bytes
 Hardware stack levels used:    1
 Hardware stack levels required when called:   13
 This function calls:
		_receiveI2C
		_repeatedStart
		_sendI2C
		_startI2C
		_stopI2C
 This function is called by:
		_setPWMFreq
 This function uses a non-reentrant model


 *************** function _repeatedStart *****************
 Defined at:
		line 329 in file "main_LCD_Servos_I2C_Serial.c"
 Parameters:    Size  Location     Type
		None
 Auto vars:     Size  Location     Type
		None
 Return value:  Size  Location     Type
                  1    wreg      void 
 Registers used:
		wreg, status,2, status,0, cstack
 Tracked objects:
		On entry : 
		On exit  : 
		Unchanged: 
 Data sizes:     COMRAM   BANK0   BANK1   BANK2   BANK3   BANK4   BANK5   BANK6   BANK7
      Params:         0       0       0       0       0       0       0       0       0
      Locals:         0       0       0       0       0       0       0       0       0
      Temps:          0       0       0       0       0       0       0       0       0
      Totals:         0       0       0       0       0       0       0       0       0
Total ram usage:        0 bytes
 Hardware stack levels used:    1
 Hardware stack levels required when called:   12
 This function calls:
		_readyI2C
 This function is called by:
		_readI2C
 This function uses a non-reentrant model


 *************** function _receiveI2C *****************
 Defined at:
		line 334 in file "main_LCD_Servos_I2C_Serial.c"
 Parameters:    Size  Location     Type
  flag            1    wreg     unsigned char 
 Auto vars:     Size  Location     Type
  flag            1   30[BANK0 ] unsigned char 
  buffer          1   31[BANK0 ] unsigned char 
 Return value:  Size  Location     Type
                  1    wreg      unsigned char 
 Registers used:
		wreg, status,2, status,0, cstack
 Tracked objects:
		On entry : 
		On exit  : 
		Unchanged: 
 Data sizes:     COMRAM   BANK0   BANK1   BANK2   BANK3   BANK4   BANK5   BANK6   BANK7
      Params:         0       0       0       0       0       0       0       0       0
      Locals:         0       2       0       0       0       0       0       0       0
      Temps:          0       0       0       0       0       0       0       0       0
      Totals:         0       2       0       0       0       0       0       0       0
Total ram usage:        2 bytes
 Hardware stack levels used:    1
 Hardware stack levels required when called:   12
 This function calls:
		_readyI2C
 This function is called by:
		_readI2C
 This function uses a non-reentrant model


 *************** function ___fltol *****************
 Defined at:
		line 43 in file "C:\Program Files\Microchip\xc8\v2.31\pic\sources\c99\common\fltol.c"
 Parameters:    Size  Location     Type
  f1              4   29[BANK0 ] unsigned char 
 Auto vars:     Size  Location     Type
  exp1            1   38[BANK0 ] unsigned char 
  sign1           1   37[BANK0 ] unsigned char 
 Return value:  Size  Location     Type
                  4   29[BANK0 ] long 
 Registers used:
		wreg, status,2, status,0
 Tracked objects:
		On entry : 
		On exit  : 
		Unchanged: 
 Data sizes:     COMRAM   BANK0   BANK1   BANK2   BANK3   BANK4   BANK5   BANK6   BANK7
      Params:         0       4       0       0       0       0       0       0       0
      Locals:         0       2       0       0       0       0       0       0       0
      Temps:          0       4       0       0       0       0       0       0       0
      Totals:         0      10       0       0       0       0       0       0       0
Total ram usage:       10 bytes
 Hardware stack levels used:    1
 Hardware stack levels required when called:   11
 This function calls:
		Nothing
 This function is called by:
		_setPWMFreq
 This function uses a non-reentrant model


 *************** function ___flsub *****************
 Defined at:
		line 245 in file "C:\Program Files\Microchip\xc8\v2.31\pic\sources\c99\common\sprcadd.c"
 Parameters:    Size  Location     Type
  b               4   45[BANK0 ] long 
  a               4   49[BANK0 ] long 
 Auto vars:     Size  Location     Type
		None
 Return value:  Size  Location     Type
                  4   45[BANK0 ] long 
 Registers used:
		wreg, status,2, status,0, cstack
 Tracked objects:
		On entry : 
		On exit  : 
		Unchanged: 
 Data sizes:     COMRAM   BANK0   BANK1   BANK2   BANK3   BANK4   BANK5   BANK6   BANK7
      Params:         0       8       0       0       0       0       0       0       0
      Locals:         0       0       0       0       0       0       0       0       0
      Temps:          0       0       0       0       0       0       0       0       0
      Totals:         0       8       0       0       0       0       0       0       0
Total ram usage:        8 bytes
 Hardware stack levels used:    1
 Hardware stack levels required when called:   12
 This function calls:
		___fladd
 This function is called by:
		_setPWMFreq
 This function uses a non-reentrant model


 *************** function ___fladd *****************
 Defined at:
		line 10 in file "C:\Program Files\Microchip\xc8\v2.31\pic\sources\c99\common\sprcadd.c"
 Parameters:    Size  Location     Type
  b               4   29[BANK0 ] long 
  a               4   33[BANK0 ] long 
 Auto vars:     Size  Location     Type
  grs             1   44[BANK0 ] unsigned char 
  bexp            1   43[BANK0 ] unsigned char 
  aexp            1   42[BANK0 ] unsigned char 
  signs           1   41[BANK0 ] unsigned char 
 Return value:  Size  Location     Type
                  4   29[BANK0 ] unsigned char 
 Registers used:
		wreg, status,2, status,0
 Tracked objects:
		On entry : 
		On exit  : 
		Unchanged: 
 Data sizes:     COMRAM   BANK0   BANK1   BANK2   BANK3   BANK4   BANK5   BANK6   BANK7
      Params:         0       8       0       0       0       0       0       0       0
      Locals:         0       4       0       0       0       0       0       0       0
      Temps:          0       4       0       0       0       0       0       0       0
      Totals:         0      16       0       0       0       0       0       0       0
Total ram usage:       16 bytes
 Hardware stack levels used:    1
 Hardware stack levels required when called:   11
 This function calls:
		Nothing
 This function is called by:
		_setPWMFreq
		___flsub
 This function uses a non-reentrant model


 *************** function ___flge *****************
 Defined at:
		line 4 in file "C:\Program Files\Microchip\xc8\v2.31\pic\sources\c99\common\flge.c"
 Parameters:    Size  Location     Type
  ff1             4   29[BANK0 ] unsigned char 
  ff2             4   33[BANK0 ] unsigned char 
 Auto vars:     Size  Location     Type
		None
 Return value:  Size  Location     Type
		None               void
 Registers used:
		wreg, status,2, status,0
 Tracked objects:
		On entry : 
		On exit  : 
		Unchanged: 
 Data sizes:     COMRAM   BANK0   BANK1   BANK2   BANK3   BANK4   BANK5   BANK6   BANK7
      Params:         0       8       0       0       0       0       0       0       0
      Locals:         0       0       0       0       0       0       0       0       0
      Temps:          0       4       0       0       0       0       0       0       0
      Totals:         0      12       0       0       0       0       0       0       0
Total ram usage:       12 bytes
 Hardware stack levels used:    1
 Hardware stack levels required when called:   11
 This function calls:
		Nothing
 This function is called by:
		_setPWMFreq
 This function uses a non-reentrant model


 *************** function ___fldiv *****************
 Defined at:
		line 11 in file "C:\Program Files\Microchip\xc8\v2.31\pic\sources\c99\common\sprcdiv.c"
 Parameters:    Size  Location     Type
  b               4   29[BANK0 ] unsigned char 
  a               4   33[BANK0 ] unsigned char 
 Auto vars:     Size  Location     Type
  grs             4   48[BANK0 ] unsigned long 
  rem             4   41[BANK0 ] unsigned long 
  new_exp         2   46[BANK0 ] short 
  aexp            1   53[BANK0 ] unsigned char 
  bexp            1   52[BANK0 ] unsigned char 
  sign            1   45[BANK0 ] unsigned char 
 Return value:  Size  Location     Type
                  4   29[BANK0 ] unsigned char 
 Registers used:
		wreg, status,2, status,0
 Tracked objects:
		On entry : 
		On exit  : 
		Unchanged: 
 Data sizes:     COMRAM   BANK0   BANK1   BANK2   BANK3   BANK4   BANK5   BANK6   BANK7
      Params:         0       8       0       0       0       0       0       0       0
      Locals:         0      13       0       0       0       0       0       0       0
      Temps:          0       4       0       0       0       0       0       0       0
      Totals:         0      25       0       0       0       0       0       0       0
Total ram usage:       25 bytes
 Hardware stack levels used:    1
 Hardware stack levels required when called:   11
 This function calls:
		Nothing
 This function is called by:
		_setPWMFreq
 This function uses a non-reentrant model


 *************** function _mover_servo *****************
 Defined at:
		line 380 in file "main_LCD_Servos_I2C_Serial.c"
 Parameters:    Size  Location     Type
  servo           2   31[BANK1 ] int 
  angulo          2   33[BANK1 ] int 
 Auto vars:     Size  Location     Type
		None
 Return value:  Size  Location     Type
                  1    wreg      void 
 Registers used:
		wreg, fsr1l, fsr1h, fsr2l, fsr2h, status,2, status,0, tblptrl, tblptrh, tblptru, prodl, prodh, cstack
 Tracked objects:
		On entry : 
		On exit  : 
		Unchanged: 
 Data sizes:     COMRAM   BANK0   BANK1   BANK2   BANK3   BANK4   BANK5   BANK6   BANK7
      Params:         0       0       4       0       0       0       0       0       0
      Locals:         0       0       0       0       0       0       0       0       0
      Temps:          0       0       2       0       0       0       0       0       0
      Totals:         0       0       6       0       0       0       0       0       0
Total ram usage:        6 bytes
 Hardware stack levels used:    1
 Hardware stack levels required when called:   19
 This function calls:
		_map
		_sprintf
		_start
		_writeI2C
 This function is called by:
		_settings
 This function uses a non-reentrant model


 *************** function _writeI2C *****************
 Defined at:
		line 273 in file "main_LCD_Servos_I2C_Serial.c"
 Parameters:    Size  Location     Type
  Address         1    wreg     unsigned char 
  Register        1   31[BANK0 ] unsigned char 
  Data            2   32[BANK0 ] PTR unsigned char 
		 -> data2(4), d1(1), setPWMFreq@newmode(1), data1(1), 
		 -> setPWMFreq@prescale(1), RAM(2047), 
  bytes           2   34[BANK0 ] int 
 Auto vars:     Size  Location     Type
  Address         1   38[BANK0 ] unsigned char 
 Return value:  Size  Location     Type
                  1    wreg      void 
 Registers used:
		wreg, fsr2l, fsr2h, status,2, status,0, cstack
 Tracked objects:
		On entry : 
		On exit  : 
		Unchanged: 
 Data sizes:     COMRAM   BANK0   BANK1   BANK2   BANK3   BANK4   BANK5   BANK6   BANK7
      Params:         0       5       0       0       0       0       0       0       0
      Locals:         0       1       0       0       0       0       0       0       0
      Temps:          0       2       0       0       0       0       0       0       0
      Totals:         0       8       0       0       0       0       0       0       0
Total ram usage:        8 bytes
 Hardware stack levels used:    1
 Hardware stack levels required when called:   13
 This function calls:
		_sendI2C
		_startI2C
		_stopI2C
 This function is called by:
		_settings
		_setPWMFreq
		_mover_servo
 This function uses a non-reentrant model


 *************** function _stopI2C *****************
 Defined at:
		line 299 in file "main_LCD_Servos_I2C_Serial.c"
 Parameters:    Size  Location     Type
		None
 Auto vars:     Size  Location     Type
		None
 Return value:  Size  Location     Type
                  1    wreg      void 
 Registers used:
		wreg, status,2, status,0, cstack
 Tracked objects:
		On entry : 
		On exit  : 
		Unchanged: 
 Data sizes:     COMRAM   BANK0   BANK1   BANK2   BANK3   BANK4   BANK5   BANK6   BANK7
      Params:         0       0       0       0       0       0       0       0       0
      Locals:         0       0       0       0       0       0       0       0       0
      Temps:          0       0       0       0       0       0       0       0       0
      Totals:         0       0       0       0       0       0       0       0       0
Total ram usage:        0 bytes
 Hardware stack levels used:    1
 Hardware stack levels required when called:   12
 This function calls:
		_readyI2C
 This function is called by:
		_writeI2C
		_readI2C
 This function uses a non-reentrant model


 *************** function _startI2C *****************
 Defined at:
		line 285 in file "main_LCD_Servos_I2C_Serial.c"
 Parameters:    Size  Location     Type
		None
 Auto vars:     Size  Location     Type
		None
 Return value:  Size  Location     Type
                  1    wreg      void 
 Registers used:
		wreg, status,2, status,0, cstack
 Tracked objects:
		On entry : 
		On exit  : 
		Unchanged: 
 Data sizes:     COMRAM   BANK0   BANK1   BANK2   BANK3   BANK4   BANK5   BANK6   BANK7
      Params:         0       0       0       0       0       0       0       0       0
      Locals:         0       0       0       0       0       0       0       0       0
      Temps:          0       0       0       0       0       0       0       0       0
      Totals:         0       0       0       0       0       0       0       0       0
Total ram usage:        0 bytes
 Hardware stack levels used:    1
 Hardware stack levels required when called:   12
 This function calls:
		_readyI2C
 This function is called by:
		_writeI2C
		_readI2C
 This function uses a non-reentrant model


 *************** function _sendI2C *****************
 Defined at:
		line 294 in file "main_LCD_Servos_I2C_Serial.c"
 Parameters:    Size  Location     Type
  data            1    wreg     unsigned char 
 Auto vars:     Size  Location     Type
  data            1   30[BANK0 ] unsigned char 
 Return value:  Size  Location     Type
                  1    wreg      void 
 Registers used:
		wreg, status,2, status,0, cstack
 Tracked objects:
		On entry : 
		On exit  : 
		Unchanged: 
 Data sizes:     COMRAM   BANK0   BANK1   BANK2   BANK3   BANK4   BANK5   BANK6   BANK7
      Params:         0       0       0       0       0       0       0       0       0
      Locals:         0       1       0       0       0       0       0       0       0
      Temps:          0       0       0       0       0       0       0       0       0
      Totals:         0       1       0       0       0       0       0       0       0
Total ram usage:        1 bytes
 Hardware stack levels used:    1
 Hardware stack levels required when called:   12
 This function calls:
		_readyI2C
 This function is called by:
		_writeI2C
		_readI2C
 This function uses a non-reentrant model


 *************** function _readyI2C *****************
 Defined at:
		line 290 in file "main_LCD_Servos_I2C_Serial.c"
 Parameters:    Size  Location     Type
		None
 Auto vars:     Size  Location     Type
		None
 Return value:  Size  Location     Type
                  1    wreg      void 
 Registers used:
		wreg, status,2, status,0
 Tracked objects:
		On entry : 
		On exit  : 
		Unchanged: 
 Data sizes:     COMRAM   BANK0   BANK1   BANK2   BANK3   BANK4   BANK5   BANK6   BANK7
      Params:         0       0       0       0       0       0       0       0       0
      Locals:         0       0       0       0       0       0       0       0       0
      Temps:          0       1       0       0       0       0       0       0       0
      Totals:         0       1       0       0       0       0       0       0       0
Total ram usage:        1 bytes
 Hardware stack levels used:    1
 Hardware stack levels required when called:   11
 This function calls:
		Nothing
 This function is called by:
		_startI2C
		_sendI2C
		_stopI2C
		_repeatedStart
		_receiveI2C
 This function uses a non-reentrant model


 *************** function _start *****************
 Defined at:
		line 261 in file "main_LCD_Servos_I2C_Serial.c"
 Parameters:    Size  Location     Type
		None
 Auto vars:     Size  Location     Type
		None
 Return value:  Size  Location     Type
                  1    wreg      void 
 Registers used:
		wreg, fsr2l, fsr2h, status,2, status,0, cstack
 Tracked objects:
		On entry : 
		On exit  : 
		Unchanged: 
 Data sizes:     COMRAM   BANK0   BANK1   BANK2   BANK3   BANK4   BANK5   BANK6   BANK7
      Params:         0       0       0       0       0       0       0       0       0
      Locals:         0       0       0       0       0       0       0       0       0
      Temps:          0       0       0       0       0       0       0       0       0
      Totals:         0       0       0       0       0       0       0       0       0
Total ram usage:        0 bytes
 Hardware stack levels used:    1
 Hardware stack levels required when called:   12
 This function calls:
		_strlen
 This function is called by:
		_settings
		_mover_servo
 This function uses a non-reentrant model


 *************** function _sprintf *****************
 Defined at:
		line 9 in file "C:\Program Files\Microchip\xc8\v2.31\pic\sources\c99\common\nf_sprintf.c"
 Parameters:    Size  Location     Type
  s               2   15[BANK1 ] PTR unsigned char 
		 -> text(40), 
  fmt             2   17[BANK1 ] PTR const unsigned char 
		 -> STR_6(14), STR_5(13), STR_4(30), STR_3(17), 
		 -> STR_2(14), STR_1(9), 
 Auto vars:     Size  Location     Type
  f               6   25[BANK1 ] struct _IO_FILE
  ap              2   23[BANK1 ] PTR void [1]
		 -> ?_sprintf(2), 
  ret             2    0        int 
 Return value:  Size  Location     Type
                  2   15[BANK1 ] int 
 Registers used:
		wreg, fsr1l, fsr1h, fsr2l, fsr2h, status,2, status,0, tblptrl, tblptrh, tblptru, cstack
 Tracked objects:
		On entry : 
		On exit  : 
		Unchanged: 
 Data sizes:     COMRAM   BANK0   BANK1   BANK2   BANK3   BANK4   BANK5   BANK6   BANK7
      Params:         0       0       6       0       0       0       0       0       0
      Locals:         0       0      10       0       0       0       0       0       0
      Temps:          0       0       0       0       0       0       0       0       0
[...]
      Totals:         4       0       0       0       0       0       0       0       0
Total ram usage:        4 bytes
 Hardware stack levels used:    1
 This function calls:
		Nothing
 This function is called by:
		i2_dtoa
 This function uses a non-reentrant model


 *************** function i2___aomod *****************
 Defined at:
		line 9 in file "C:\Program Files\Microchip\xc8\v2.31\pic\sources\c99\common\aomod.c"
 Parameters:    Size  Location     Type
  dividend        8    0[COMRAM] long long 
  divisor         8    8[COMRAM] long long 
 Auto vars:     Size  Location     Type
  sign            1   17[COMRAM] unsigned char 
  counter         1   16[COMRAM] unsigned char 
 Return value:  Size  Location     Type
                  8    0[COMRAM] long long 
 Registers used:
		wreg, status,2, status,0
 Tracked objects:
		On entry : 
		On exit  : 
		Unchanged: 
 Data sizes:     COMRAM   BANK0   BANK1   BANK2   BANK3   BANK4   BANK5   BANK6   BANK7
      Params:        16       0       0       0       0       0       0       0       0
      Locals:         2       0       0       0       0       0       0       0       0
      Temps:          0       0       0       0       0       0       0       0       0
      Totals:        18       0       0       0       0       0       0       0       0
Total ram usage:       18 bytes
 Hardware stack levels used:    1
 This function calls:
		Nothing
 This function is called by:
		i2_dtoa
 This function uses a non-reentrant model


 *************** function i2___aodiv *****************
 Defined at:
		line 9 in file "C:\Program Files\Microchip\xc8\v2.31\pic\sources\c99\common\aodiv.c"
 Parameters:    Size  Location     Type
  dividend        8    0[COMRAM] long long 
  divisor         8    8[COMRAM] long long 
 Auto vars:     Size  Location     Type
  quotient        8   18[COMRAM] long long 
  sign            1   17[COMRAM] unsigned char 
  counter         1   16[COMRAM] unsigned char 
 Return value:  Size  Location     Type
                  8    0[COMRAM] long long 
 Registers used:
		wreg, fsr2l, fsr2h, status,2, status,0
 Tracked objects:
		On entry : 
		On exit  : 
		Unchanged: 
 Data sizes:     COMRAM   BANK0   BANK1   BANK2   BANK3   BANK4   BANK5   BANK6   BANK7
      Params:        16       0       0       0       0       0       0       0       0
      Locals:        10       0       0       0       0       0       0       0       0
      Temps:          0       0       0       0       0       0       0       0       0
      Totals:        26       0       0       0       0       0       0       0       0
Total ram usage:       26 bytes
 Hardware stack levels used:    1
 This function calls:
		Nothing
 This function is called by:
		i2_dtoa
 This function uses a non-reentrant model


 *************** function i2_ctoa *****************
 Defined at:
		line 259 in file "C:\Program Files\Microchip\xc8\v2.31\pic\sources\c99\common\doprnt.c"
 Parameters:    Size  Location     Type
  fp              2    9[COMRAM] PTR struct _IO_FILE
		 -> i2sprintf@f(6), sprintf@f(6), 
  c               1   11[COMRAM] unsigned char 
 Auto vars:     Size  Location     Type
  w               2   15[COMRAM] int 
  l               2   13[COMRAM] int 
 Return value:  Size  Location     Type
                  2    9[COMRAM] int 
 Registers used:
		wreg, fsr1l, fsr1h, fsr2l, fsr2h, status,2, status,0, cstack
 Tracked objects:
		On entry : 
		On exit  : 
		Unchanged: 
 Data sizes:     COMRAM   BANK0   BANK1   BANK2   BANK3   BANK4   BANK5   BANK6   BANK7
      Params:         3       0       0       0       0       0       0       0       0
      Locals:         4       0       0       0       0       0       0       0       0
      Temps:          1       0       0       0       0       0       0       0       0
      Totals:         8       0       0       0       0       0       0       0       0
Total ram usage:        8 bytes
 Hardware stack levels used:    1
 Hardware stack levels required when called:    2
 This function calls:
		i2_fputc
 This function is called by:
		i2_vfpfcnvrt
 This function uses a non-reentrant model


 *************** function i2_fputc *****************
 Defined at:
		line 8 in file "C:\Program Files\Microchip\xc8\v2.31\pic\sources\c99\common\nf_fputc.c"
 Parameters:    Size  Location     Type
  c               2    0[COMRAM] int 
  fp              2    2[COMRAM] PTR struct _IO_FILE
		 -> i2sprintf@f(6), sprintf@f(6), 
 Auto vars:     Size  Location     Type
		None
 Return value:  Size  Location     Type
                  2    0[COMRAM] int 
 Registers used:
		wreg, fsr1l, fsr1h, fsr2l, fsr2h, status,2, status,0, cstack
 Tracked objects:
		On entry : 
		On exit  : 
		Unchanged: 
 Data sizes:     COMRAM   BANK0   BANK1   BANK2   BANK3   BANK4   BANK5   BANK6   BANK7
      Params:         4       0       0       0       0       0       0       0       0
      Locals:         0       0       0       0       0       0       0       0       0
      Temps:          5       0       0       0       0       0       0       0       0
      Totals:         9       0       0       0       0       0       0       0       0
Total ram usage:        9 bytes
 Hardware stack levels used:    1
 Hardware stack levels required when called:    1
 This function calls:
		i2_putch
 This function is called by:
		i2_pad
		i2_ctoa
		i2_vfpfcnvrt
		i2_fputs
 This function uses a non-reentrant model


 *************** function i2_putch *****************
 Defined at:
		line 7 in file "C:\Program Files\Microchip\xc8\v2.31\pic\sources\c99\common\putch.c"
 Parameters:    Size  Location     Type
  c               1    wreg     unsigned char 
 Auto vars:     Size  Location     Type
  c               1  (no storage) unsigned char 
 Return value:  Size  Location     Type
                  1    wreg      void 
 Registers used:
		wreg
 Tracked objects:
		On entry : 
		On exit  : 
		Unchanged: 
 Data sizes:     COMRAM   BANK0   BANK1   BANK2   BANK3   BANK4   BANK5   BANK6   BANK7
      Params:         0       0       0       0       0       0       0       0       0
      Locals:         0       0       0       0       0       0       0       0       0
      Temps:          0       0       0       0       0       0       0       0       0
      Totals:         0       0       0       0       0       0       0       0       0
Total ram usage:        0 bytes
 Hardware stack levels used:    1
 This function calls:
		Nothing
 This function is called by:
		i2_fputc
 This function uses a non-reentrant model


 *************** function i2_map *****************
 Defined at:
		line 376 in file "main_LCD_Servos_I2C_Serial.c"
 Parameters:    Size  Location     Type
  x               2   14[COMRAM] int 
  In_Min          2   16[COMRAM] int 
  In_Max          2   18[COMRAM] int 
  Out_Min         2   20[COMRAM] int 
  Out_Max         2   22[COMRAM] int 
 Auto vars:     Size  Location     Type
		None
 Return value:  Size  Location     Type
                  2   14[COMRAM] int 
 Registers used:
		wreg, status,2, status,0, prodl, prodh, cstack
 Tracked objects:
		On entry : 
		On exit  : 
		Unchanged: 
 Data sizes:     COMRAM   BANK0   BANK1   BANK2   BANK3   BANK4   BANK5   BANK6   BANK7
      Params:        10       0       0       0       0       0       0       0       0
      Locals:         0       0       0       0       0       0       0       0       0
      Temps:          0       0       0       0       0       0       0       0       0
      Totals:        10       0       0       0       0       0       0       0       0
Total ram usage:       10 bytes
 Hardware stack levels used:    1
 Hardware stack levels required when called:    1
 This function calls:
		i2___awdiv
		i2___wmul
 This function is called by:
		i2_mover_servo
 This function uses a non-reentrant model


 *************** function i2___awdiv *****************
 Defined at:
		line 7 in file "C:\Program Files\Microchip\xc8\v2.31\pic\sources\c99\common\awdiv.c"
 Parameters:    Size  Location     Type
  dividend        2    0[COMRAM] int 
  divisor         2    2[COMRAM] int 
 Auto vars:     Size  Location     Type
  quotient        2    6[COMRAM] int 
  sign            1    5[COMRAM] unsigned char 
  counter         1    4[COMRAM] unsigned char 
 Return value:  Size  Location     Type
                  2    0[COMRAM] int 
 Registers used:
		wreg, status,2, status,0
 Tracked objects:
		On entry : 
		On exit  : 
		Unchanged: 
 Data sizes:     COMRAM   BANK0   BANK1   BANK2   BANK3   BANK4   BANK5   BANK6   BANK7
      Params:         4       0       0       0       0       0       0       0       0
      Locals:         4       0       0       0       0       0       0       0       0
      Temps:          0       0       0       0       0       0       0       0       0
      Totals:         8       0       0       0       0       0       0       0       0
Total ram usage:        8 bytes
 Hardware stack levels used:    1
 This function calls:
		Nothing
 This function is called by:
		i2_map
 This function uses a non-reentrant model


 *************** function _atoi *****************
 Defined at:
		line 4 in file "C:\Program Files\Microchip\xc8\v2.31\pic\sources\c99\common\atoi.c"
 Parameters:    Size  Location     Type
  s               2   14[COMRAM] PTR const unsigned char 
		 -> coordinate_z(3), coordinate_y(3), coordinate_x(3), angle(3), 
 Auto vars:     Size  Location     Type
  n               2   27[COMRAM] int 
  neg             2   20[COMRAM] int 
 Return value:  Size  Location     Type
                  2   14[COMRAM] int 
 Registers used:
		wreg, fsr2l, fsr2h, status,2, status,0, prodl, prodh, cstack
 Tracked objects:
		On entry : 
		On exit  : 
		Unchanged: 
 Data sizes:     COMRAM   BANK0   BANK1   BANK2   BANK3   BANK4   BANK5   BANK6   BANK7
      Params:         2       0       0       0       0       0       0       0       0
      Locals:         9       0       0       0       0       0       0       0       0
      Temps:          4       0       0       0       0       0       0       0       0
      Totals:        15       0       0       0       0       0       0       0       0
Total ram usage:       15 bytes
 Hardware stack levels used:    1
 Hardware stack levels required when called:    1
 This function calls:
		_isdigit
		_isspace
		i2___wmul
 This function is called by:
		_algoritm
 This function uses a non-reentrant model


 *************** function i2___wmul *****************
 Defined at:
		line 15 in file "C:\Program Files\Microchip\xc8\v2.31\pic\sources\c99\common\Umul16.c"
 Parameters:    Size  Location     Type
  multiplier      2    8[COMRAM] unsigned int 
  multiplicand    2   10[COMRAM] unsigned int 
 Auto vars:     Size  Location     Type
  product         2   12[COMRAM] unsigned int 
 Return value:  Size  Location     Type
                  2    8[COMRAM] unsigned int 
 Registers used:
		wreg, status,2, status,0, prodl, prodh
 Tracked objects:
		On entry : 
		On exit  : 
		Unchanged: 
 Data sizes:     COMRAM   BANK0   BANK1   BANK2   BANK3   BANK4   BANK5   BANK6   BANK7
      Params:         4       0       0       0       0       0       0       0       0
      Locals:         2       0       0       0       0       0       0       0       0
      Temps:          0       0       0       0       0       0       0       0       0
      Totals:         6       0       0       0       0       0       0       0       0
Total ram usage:        6 bytes
 Hardware stack levels used:    1
 This function calls:
		Nothing
 This function is called by:
		_atoi
		i2_map
 This function uses a non-reentrant model


 *************** function _isspace *****************
 Defined at:
		line 5 in file "C:\Program Files\Microchip\xc8\v2.31\pic\sources\c99\common\isspace.c"
 Parameters:    Size  Location     Type
  c               2    0[COMRAM] int 
 Auto vars:     Size  Location     Type
		None
 Return value:  Size  Location     Type
                  2    0[COMRAM] int 
 Registers used:
		wreg, status,2, status,0
 Tracked objects:
		On entry : 
		On exit  : 
		Unchanged: 
 Data sizes:     COMRAM   BANK0   BANK1   BANK2   BANK3   BANK4   BANK5   BANK6   BANK7
      Params:         2       0       0       0       0       0       0       0       0
      Locals:         1       0       0       0       0       0       0       0       0
      Temps:          4       0       0       0       0       0       0       0       0
      Totals:         7       0       0       0       0       0       0       0       0
Total ram usage:        7 bytes
 Hardware stack levels used:    1
 This function calls:
		Nothing
 This function is called by:
		_atoi
 This function uses a non-reentrant model


 *************** function _isdigit *****************
 Defined at:
		line 5 in file "C:\Program Files\Microchip\xc8\v2.31\pic\sources\c99\common\isdigit.c"
 Parameters:    Size  Location     Type
  c               2    0[COMRAM] int 
 Auto vars:     Size  Location     Type
		None
 Return value:  Size  Location     Type
                  2    0[COMRAM] int 
 Registers used:
		wreg, status,2, status,0
 Tracked objects:
		On entry : 
		On exit  : 
		Unchanged: 
 Data sizes:     COMRAM   BANK0   BANK1   BANK2   BANK3   BANK4   BANK5   BANK6   BANK7
      Params:         2       0       0       0       0       0       0       0       0
      Locals:         0       0       0       0       0       0       0       0       0
      Temps:          4       0       0       0       0       0       0       0       0
      Totals:         6       0       0       0       0       0       0       0       0
Total ram usage:        6 bytes
 Hardware stack levels used:    1
 This function calls:
		Nothing
 This function is called by:
		_atoi
 This function uses a non-reentrant model



MODULE INFORMATION

Module		Function		Class		Link	Load	Size
main_LCD_Servos_I2C_Serial.c
		_stopI2C       		CODE           	3F16	0000	8
		_readI2C       		CODE           	341E	0000	196
		_map           		CODE           	3BF6	0000	70
		_writeI2C      		CODE           	37AE	0000	124
		_repeatedStart 		CODE           	3F0E	0000	8
		_settings      		CODE           	2280	0000	416
		_startI2C      		CODE           	3F1E	0000	8
		_LCD           		CODE           	2D94	0000	234
		_main          		CODE           	3EF6	0000	12
		_receive       		CODE           	0008	0000	144
		_receiveI2C    		CODE           	3D7E	0000	56
		_readyI2C      		CODE           	3E24	0000	40
		_sendI2C       		CODE           	3EDC	0000	14
		_start         		CODE           	39C0	0000	88
		_mover_servo   		CODE           	34E2	0000	196
		_SettingsLCD   		CODE           	3EC0	0000	28
		_algoritm      		CODE           	0864	0000	1250
		_setPWMFreq    		CODE           	1B6C	0000	704

main_LCD_Servos_I2C_Serial.c estimated size: 3596

C:\Program Files\Microchip\xc8\v2.31\pic\sources\c99\common\isdigit.c
		_isdigit       		CODE           	3DB6	0000	56

C:\Program Files\Microchip\xc8\v2.31\pic\sources\c99\common\isdigit.c estimated size: 56

C:\Program Files\Microchip\xc8\v2.31\pic\sources\c99\common\sprcadd.c
		___flsub       		CODE           	3B66	0000	72
		___fladd       		CODE           	0D46	0000	1218

C:\Program Files\Microchip\xc8\v2.31\pic\sources\c99\common\sprcadd.c estimated size: 1290

C:\Program Files\Microchip\xc8\v2.31\pic\sources\c99\common\putch.c
		_putch         		CODE           	3F38	0000	2

C:\Program Files\Microchip\xc8\v2.31\pic\sources\c99\common\putch.c estimated size: 2

C:\Program Files\Microchip\xc8\v2.31\pic\sources\c99\common\nf_fputs.c
		_fputs         		CODE           	3BAE	0000	72

C:\Program Files\Microchip\xc8\v2.31\pic\sources\c99\common\nf_fputs.c estimated size: 72

C:\Program Files\Microchip\xc8\v2.31\pic\sources\c99\common\aomod.c
		___aomod       		CODE           	28BC	0000	358

C:\Program Files\Microchip\xc8\v2.31\pic\sources\c99\common\aomod.c estimated size: 358

C:\Program Files\Microchip\xc8\v2.31\pic\sources\c99\common\atoi.c
		_atoi          		CODE           	25AA	0000	394

C:\Program Files\Microchip\xc8\v2.31\pic\sources\c99\common\atoi.c estimated size: 394

C:\Program Files\Microchip\xc8\v2.31\pic\sources\c99\common\abs.c
		_abs           		CODE           	3C80	0000	66

C:\Program Files\Microchip\xc8\v2.31\pic\sources\c99\common\abs.c estimated size: 66

C:\Program Files\Microchip\xc8\v2.31\pic\sources\c99\common\strlen.c
		_strlen        		CODE           	3D44	0000	58

C:\Program Files\Microchip\xc8\v2.31\pic\sources\c99\common\strlen.c estimated size: 58

C:\Program Files\Microchip\xc8\v2.31\pic\sources\c99\common\aodiv.c
		___aodiv       		CODE           	2420	0000	394

C:\Program Files\Microchip\xc8\v2.31\pic\sources\c99\common\aodiv.c estimated size: 394

C:\Program Files\Microchip\xc8\v2.31\pic\sources\c99\common\nf_fputc.c
		_fputc         		CODE           	3032	0000	204

C:\Program Files\Microchip\xc8\v2.31\pic\sources\c99\common\nf_fputc.c estimated size: 204

shared
		i2_vfpfcnvrt   		CODE           	205A	0000	550
		i2_pad         		CODE           	3358	0000	198
		i2_abs         		CODE           	3D04	0000	64
		i2_writeI2C    		CODE           	382A	0000	116
		i2_putch       		CODE           	3F3A	0000	2
		i2_vfprintf    		CODE           	3900	0000	98
		i2_start       		CODE           	3A18	0000	88
		i2_startI2C    		CODE           	3F2E	0000	8
		i2___awdiv     		CODE           	35A6	0000	196
		i2_ctoa        		CODE           	2F5A	0000	216
		i2___wmul      		CODE           	3E9A	0000	38
		i2_dtoa        		CODE           	1888	0000	740
		i2_stopI2C     		CODE           	3F26	0000	8
		__initialization		CODE           	3962	0000	80
		i2_mover_servo 		CODE           	366A	0000	186
		i2_readyI2C    		CODE           	3E74	0000	38
		i2___aodiv     		CODE           	2734	0000	392
		i2_sprintf     		CODE           	3AC2	0000	82
		i2___aomod     		CODE           	2A22	0000	356
		i2_fputc       		CODE           	31C8	0000	202
		i2_fputs       		CODE           	3C3C	0000	68
		i2_strlen      		CODE           	3DEE	0000	54
		i2_sendI2C     		CODE           	3F02	0000	12
		i2_map         		CODE           	3CC2	0000	66

shared estimated size: 3858

C:\Program Files\Microchip\xc8\v2.31\pic\sources\c99\common\awdiv.c
		___awdiv       		CODE           	3292	0000	198

C:\Program Files\Microchip\xc8\v2.31\pic\sources\c99\common\awdiv.c estimated size: 198

C:\Program Files\Microchip\xc8\v2.31\pic\sources\c99\common\doprnt.c
		_vfpfcnvrt     		CODE           	1E2C	0000	558
		_pad           		CODE           	30FE	0000	202
		_ctoa          		CODE           	2E7E	0000	220
		_dtoa          		CODE           	15A4	0000	740
		_vfprintf      		CODE           	389E	0000	98

C:\Program Files\Microchip\xc8\v2.31\pic\sources\c99\common\doprnt.c estimated size: 1818

C:\Program Files\Microchip\xc8\v2.31\pic\sources\c99\common\sprcdiv.c
		___fldiv       		CODE           	1208	0000	924

C:\Program Files\Microchip\xc8\v2.31\pic\sources\c99\common\sprcdiv.c estimated size: 924

C:\Program Files\Microchip\xc8\v2.31\pic\sources\c99\common\fltol.c
		___fltol       		CODE           	2B86	0000	264

C:\Program Files\Microchip\xc8\v2.31\pic\sources\c99\common\fltol.c estimated size: 264

C:\Program Files\Microchip\xc8\v2.31\pic\sources\c99\common\nf_sprintf.c
		_sprintf       		CODE           	3A70	0000	82

C:\Program Files\Microchip\xc8\v2.31\pic\sources\c99\common\nf_sprintf.c estimated size: 82

C:\Program Files\Microchip\xc8\v2.31\pic\sources\c99\common\flge.c
		___flge        		CODE           	2C8E	0000	262

C:\Program Files\Microchip\xc8\v2.31\pic\sources\c99\common\flge.c estimated size: 262

C:\Program Files\Microchip\xc8\v2.31\pic\sources\c99\common\isspace.c
		_isspace       		CODE           	3B14	0000	82

C:\Program Files\Microchip\xc8\v2.31\pic\sources\c99\common\isspace.c estimated size: 82

C:\Program Files\Microchip\xc8\v2.31\pic\sources\c99\common\Umul16.c
		___wmul        		CODE           	3E4C	0000	40

C:\Program Files\Microchip\xc8\v2.31\pic\sources\c99\common\Umul16.c estimated size: 40

