Microchip MPLAB XC8 Compiler V2.31

Linker command line:

-W-3 --edf=C:\Program Files\Microchip\xc8\v2.31\pic\dat\en_msgs.txt -cn \
  -h+dist/default/production\LCD_4_bits.X.production.sym \
  --cmf=dist/default/production\LCD_4_bits.X.production.cmf -z -Q18F4450 \
  -oC:\Users\DASAN\AppData\Local\Temp\saro.2 \
  -Mdist/default/production/LCD_4_bits.X.production.map -E1 \
  -ver=XC8 Compiler --acfsm=1493 -ASTACK=060h-01FFh -pstack=STACK \
  -ACODE=00h-03FFFh -ACONST=00h-03FFFh -ASMALLCONST=0500h-05FFhx59 \
  -AMEDIUMCONST=0500h-03FFFh -ACOMRAM=01h-05Fh -AABS1=00h-01FFh,0400h-04FFh \
  -ABIGRAM=01h-01FFh,0400h-04FFh -ARAM=060h-0FFh,0100h-01FFh,0400h-04FFh \
  -ABANK0=060h-0FFh -ABANK1=0100h-01FFh -ABANK4=0400h-04FFh \
  -ASFR=0F60h-0FFFh -ACONFIG=0300000h-030000Dh -AIDLOC=0200000h-0200007h \
  -preset_vec=00h,intcode=08h,intcodelo,powerup,init -pramtop=0500h \
  -psmallconst=SMALLCONST -pmediumconst=MEDIUMCONST -pconst=CONST \
  -AFARRAM=00h-00h \
  -prdata=COMRAM,nvrram=COMRAM,nvbit=COMRAM,rbss=COMRAM,rbit=COMRAM \
  -pfarbss=FARRAM,fardata=FARRAM,nvFARRAM=FARRAM \
  -pintsave_regs=BIGRAM,bigbss=BIGRAM,bigdata=BIGRAM -pbss=RAM \
  -pidata=CODE,irdata=CODE,ibigdata=CODE,ifardata=CODE -prparam=COMRAM \
  C:\Users\DASAN\AppData\Local\Temp\saro.obj \
  dist/default/production\LCD_4_bits.X.production.obj 

Object code version is 3.11

Machine type is 18F4450



                Name                               Link     Load   Length Selector   Space Scale
C:\Users\DASAN\AppData\Local\Temp\saro.obj
                idloc                            200000   200000        8        0       5
                config                           300000   300000        E        0       4
                init                                 3A       3A        4        4       0
                reset_vec                             0        0        4        0       0
dist/default/production\LCD_4_bits.X.production.obj
                intcode                               8        8       32        4       0
                idloc                            200000   200000        8        0       5
                config                           300000   300000        E        0       4
                temp                                 16       16        1        1       1
                text11                              11E      11E       E0        4       0
                text10                              3D8      3D8       16        4       0
                text9                               2B6      2B6       52        4       0
                text8                               264      264       52        4       0
                text7                               3C2      3C2       16        4       0
                text6                               348      348       36        4       0
                text5                               1FE      1FE       66        4       0
                text3                                3E       3E       E0        4       0
                text2                               3AC      3AC       16        4       0
                text1                               308      308       40        4       0
                text0                               3EE      3EE        C        4       0
                cstackCOMRAM                          1        1        B        1       1
                dataCOMRAM                            C        C        8        1       1
                bssCOMRAM                            14       14        2        1       1
                cinit                               37E      37E       2E        4       0
                idataCOMRAM                         3FA      3FA        8        4       0

TOTAL           Name                               Link     Load   Length     Space
        CLASS   STACK          

        CLASS   CODE           
                intcode                               8        8       32         0
                init                                 3A       3A        4         0
                reset_vec                             0        0        4         0
                text11                              11E      11E       E0         0
                text10                              3D8      3D8       16         0
                text9                               2B6      2B6       52         0
                text8                               264      264       52         0
                text7                               3C2      3C2       16         0
                text6                               348      348       36         0
                text5                               1FE      1FE       66         0
                text3                                3E       3E       E0         0
                text2                               3AC      3AC       16         0
                text1                               308      308       40         0
                text0                               3EE      3EE        C         0
                cinit                               37E      37E       2E         0
                idataCOMRAM                         3FA      3FA        8         0

        CLASS   CONST          

        CLASS   SMALLCONST     

        CLASS   MEDIUMCONST    

        CLASS   COMRAM         
                temp                                 16       16        1         1
                cstackCOMRAM                          1        1        B         1
                dataCOMRAM                            C        C        8         1
                bssCOMRAM                            14       14        2         1

        CLASS   ABS1           

        CLASS   BIGRAM         

        CLASS   RAM            

        CLASS   BANK0          

        CLASS   BANK1          

        CLASS   BANK4          

        CLASS   SFR            

        CLASS   CONFIG         
                config                           300000   300000        E         4

        CLASS   IDLOC          
                idloc                            200000   200000        8         5

        CLASS   FARRAM         



SEGMENTS        Name                           Load    Length   Top    Selector   Space  Class

                reset_vec                      000000  000004  000004         0       0  CODE    
                cstackCOMRAM                   000001  000016  000017         1       1  COMRAM  
                intcode                        000008  0003FA  000402         4       0  CODE    


UNUSED ADDRESS RANGES

        Name                Unused          Largest block    Delta
        BANK0            000060-0000FF               A0
        BANK1            000100-0001FF              100
        BANK4            000400-0004FF              100
        BIGRAM           000017-0001FF              1E9
                         000400-0004FF              100
        CODE             000004-000007                4
                         000402-003FFF             3BFE
        COMRAM           000017-00005F               49
        CONST            000004-000007                4
                         000402-003FFF             3BFE
        MEDIUMCONST      000500-003FFF             3B00
        RAM              000060-0001FF               A0
                         000400-0004FF              100
        SFR              000F60-000FFF               A0
        SMALLCONST       000500-003FFF              100
        STACK            000060-0001FF              1A0

                                  Symbol Table

?_strlen                    cstackCOMRAM 000001
LCD@data                    cstackCOMRAM 00000A
SettingsLCD@word            cstackCOMRAM 00000B
WriteLCD@word               cstackCOMRAM 000003
_ADCON1                     (abs)        000FC1
_DisplayShiftLeft           text9        0002B6
_DisplayShiftRight          text8        000264
_GIE                        (abs)        007F97
_INT2IE                     (abs)        007F84
_INT2IF                     (abs)        007F81
_INTEDG2                    (abs)        007F8C
_LATD                       (abs)        000F8C
_LATDbits                   (abs)        000F8C
_LATE                       (abs)        000F8D
_LATE0                      (abs)        007C68
_LATE1                      (abs)        007C69
_LCD                        text3        00003E
_LCD_int                    intcode      000008
_OSCCON                     (abs)        000FD3
_PrintDataLCD               text5        0001FE
_SettingsLCD                text2        0003AC
_TRISD                      (abs)        000F95
_TRISE                      (abs)        000F96
_WriteLCD                   text7        0003C2
__HRAM                      (abs)        000000
__Habs1                     abs1         000000
__Hbank0                    bank0        000000
__Hbank1                    bank1        000000
__Hbank4                    bank4        000000
__Hbigbss                   bigbss       000000
__Hbigdata                  bigdata      000000
__Hbigram                   bigram       000000
__Hbss                      bss          000000
__HbssCOMRAM                bssCOMRAM    000000
__Hcinit                    cinit        000000
__Hclrtext                  clrtext      000000
__Hcomram                   comram       000000
__Hconfig                   config       30000E
__Hconst                    const        000000
__HcstackCOMRAM             cstackCOMRAM 000000
__Hdata                     data         000000
__HdataCOMRAM               dataCOMRAM   000000
__Hfarbss                   farbss       000000
__Hfardata                  fardata      000000
__Hibigdata                 ibigdata     000000
__Hidata                    idata        000000
__HidataCOMRAM              idataCOMRAM  000000
__Hidloc                    idloc        200008
__Hifardata                 ifardata     000000
__Hinit                     init         00003E
__Hintcode                  intcode      00003A
__Hintcode_body             intcode_body 000000
__Hintcodelo                intcodelo    00003A
__Hintentry                 intentry     000000
__Hintret                   intret       000000
__Hintsave_regs             intsave_regs 000000
__Hirdata                   irdata       000000
__Hmediumconst              mediumconst  000000
__HnvFARRAM                 nvFARRAM     000000
__Hnvbit                    nvbit        000000
__Hnvrram                   nvrram       000000
__Hparam                    rparam       000000
__Hpowerup                  powerup      00003A
__Hram                      ram          000000
__Hramtop                   ramtop       000500
__Hrbit                     rbit         000000
__Hrbss                     rbss         000000
__Hrdata                    rdata        000000
__Hreset_vec                reset_vec    000004
__Hrparam                   rparam       000000
__Hsfr                      sfr          000000
__Hsmallconst               smallconst   000000
__Hspace_0                  (abs)        000500
__Hspace_1                  (abs)        000017
__Hspace_2                  (abs)        000000
__Hspace_4                  (abs)        60000E
__Hstack                    stack        000000
__Hstruct                   struct       000000
__Htemp                     temp         000017
__Htext                     text         000000
__Htext0                    text0        000000
__Htext1                    text1        000000
__Htext10                   text10       000000
__Htext11                   text11       000000
__Htext2                    text2        000000
__Htext3                    text3        000000
__Htext5                    text5        000000
__Htext6                    text6        000000
__Htext7                    text7        000000
__Htext8                    text8        000000
__Htext9                    text9        000000
__LRAM                      (abs)        000001
__Labs1                     abs1         000000
__Lbank0                    bank0        000000
__Lbank1                    bank1        000000
__Lbank4                    bank4        000000
__Lbigbss                   bigbss       000000
__Lbigdata                  bigdata      000000
__Lbigram                   bigram       000000
__Lbss                      bss          000000
__LbssCOMRAM                bssCOMRAM    000000
__Lcinit                    cinit        000000
__Lclrtext                  clrtext      000000
__Lcomram                   comram       000000
__Lconfig                   config       000000
__Lconst                    const        000000
__LcstackCOMRAM             cstackCOMRAM 000000
__Ldata                     data         000000
__LdataCOMRAM               dataCOMRAM   000000
__Lfarbss                   farbss       000000
__Lfardata                  fardata      000000
__Libigdata                 ibigdata     000000
__Lidata                    idata        000000
__LidataCOMRAM              idataCOMRAM  000000
__Lidloc                    idloc        000000
__Lifardata                 ifardata     000000
__Linit                     init         00003A
__Lintcode                  intcode      000008
__Lintcode_body             intcode_body 000000
__Lintcodelo                intcodelo    00003A
__Lintentry                 intentry     000000
__Lintret                   intret       000000
__Lintsave_regs             intsave_regs 000000
__Lirdata                   irdata       000000
__Lmediumconst              mediumconst  000000
__LnvFARRAM                 nvFARRAM     000000
__Lnvbit                    nvbit        000000
__Lnvrram                   nvrram       000000
__Lparam                    rparam       000000
__Lpowerup                  powerup      00003A
__Lram                      ram          000000
__Lramtop                   ramtop       000500
__Lrbit                     rbit         000000
__Lrbss                     rbss         000000
__Lrdata                    rdata        000000
__Lreset_vec                reset_vec    000000
__Lrparam                   rparam       000000
__Lsfr                      sfr          000000
__Lsmallconst               smallconst   000000
__Lspace_0                  (abs)        000000
__Lspace_1                  (abs)        000000
__Lspace_2                  (abs)        000000
__Lspace_4                  (abs)        000000
__Lstack                    stack        000000
__Lstruct                   struct       000000
__Ltemp                     temp         000016
__Ltext                     text         000000
__Ltext0                    text0        000000
__Ltext1                    text1        000000
__Ltext10                   text10       000000
__Ltext11                   text11       000000
__Ltext2                    text2        000000
__Ltext3                    text3        000000
__Ltext5                    text5        000000
__Ltext6                    text6        000000
__Ltext7                    text7        000000
__Ltext8                    text8        000000
__Ltext9                    text9        000000
__S0                        (abs)        000402
__S1                        (abs)        000017
__S2                        (abs)        000000
__S4                        (abs)        000000
__S5                        (abs)        000000
___inthi_sp                 stack        000000
___intlo_sp                 stack        000000
___param_bank               (abs)        000000
___rparam_used              (abs)        000001
___sp                       stack        000000
__accesstop                 (abs)        000060
__activetblptr              (abs)        000000
__end_of_DisplayShiftLeft   text9        000308
__end_of_DisplayShiftRight  text8        0002B6
__end_of_LCD                text3        00011E
__end_of_LCD_int            intcode      00003A
__end_of_PrintDataLCD       text5        000264
__end_of_SettingsLCD        text2        0003C2
__end_of_WriteLCD           text7        0003D8
__end_of__initialization    cinit        0003A2
__end_of_main               text0        0003FA
__end_of_settings           text1        000348
__end_of_strlen             text6        00037E
__end_ofi2_LCD              text11       0001FE
__end_ofi2_SettingsLCD      text10       0003EE
__initialization            cinit        00037E
__mediumconst               mediumconst  000000
__pbssCOMRAM                bssCOMRAM    000014
__pcinit                    cinit        00037E
__pcstackCOMRAM             cstackCOMRAM 000001
__pdataCOMRAM               dataCOMRAM   00000C
__pidataCOMRAM              idataCOMRAM  0003FA
__pintcode                  intcode      000008
__ptext0                    text0        0003EE
__ptext1                    text1        000308
__ptext10                   text10       0003D8
__ptext11                   text11       00011E
__ptext2                    text2        0003AC
__ptext3                    text3        00003E
__ptext5                    text5        0001FE
__ptext6                    text6        000348
__ptext7                    text7        0003C2
__ptext8                    text8        000264
__ptext9                    text9        0002B6
__ramtop                    ramtop       000500
__size_of_DisplayShiftLeft  (abs)        000000
__size_of_DisplayShiftRight (abs)        000000
__size_of_LCD               (abs)        000000
__size_of_LCD_int           (abs)        000000
__size_of_PrintDataLCD      (abs)        000000
__size_of_SettingsLCD       (abs)        000000
__size_of_WriteLCD          (abs)        000000
__size_of_main              (abs)        000000
__size_of_settings          (abs)        000000
__size_of_strlen            (abs)        000000
__size_ofi2_LCD             (abs)        000000
__size_ofi2_SettingsLCD     (abs)        000000
__smallconst                smallconst   000000
_i                          bssCOMRAM    000014
_main                       text0        0003EE
_name                       dataCOMRAM   00000C
_settings                   text1        000308
_strlen                     text6        000348
btemp                       temp         000016
end_of_initialization       cinit        0003A2
i2LCD@data                  cstackCOMRAM 000002
i2SettingsLCD@word          cstackCOMRAM 000003
i2_LCD                      text11       00011E
i2_SettingsLCD              text10       0003D8
int$flags                   temp         000016
intlevel0                   text         000000
intlevel1                   text         000000
intlevel2                   text         000000
intlevel3                   text         000000
stackhi                     (abs)        0001FF
stacklo                     (abs)        000060
start                       init         00003A
start_initialization        cinit        00037E
strlen@cp                   cstackCOMRAM 000003
strlen@s                    cstackCOMRAM 000001
ttemp5                      temp         000017
ttemp6                      temp         00001A
ttemp7                      temp         00001E
wtemp8                      temp         000017


FUNCTION INFORMATION:

 *************** function _main *****************
 Defined at:
		line 45 in file "main_LCD_4_bits.c"
 Parameters:    Size  Location     Type
		None
 Auto vars:     Size  Location     Type
		None
 Return value:  Size  Location     Type
                  1    wreg      void 
 Registers used:
		wreg, status,2, status,0, cstack
 Tracked objects:
		On entry : 
		On exit  : 
		Unchanged: 
 Data sizes:     COMRAM   BANK0   BANK1   BANK4
      Params:         0       0       0       0
      Locals:         0       0       0       0
      Temps:          0       0       0       0
      Totals:         0       0       0       0
Total ram usage:        0 bytes
 Hardware stack levels required when called:    7
 This function calls:
		_settings
 This function is called by:
		Startup code after reset
 This function uses a non-reentrant model


 *************** function _settings *****************
 Defined at:
		line 52 in file "main_LCD_4_bits.c"
 Parameters:    Size  Location     Type
		None
 Auto vars:     Size  Location     Type
		None
 Return value:  Size  Location     Type
                  1    wreg      void 
 Registers used:
		wreg, status,2, status,0, cstack
 Tracked objects:
		On entry : 
		On exit  : 
		Unchanged: 
 Data sizes:     COMRAM   BANK0   BANK1   BANK4
      Params:         0       0       0       0
      Locals:         0       0       0       0
      Temps:          0       0       0       0
      Totals:         0       0       0       0
Total ram usage:        0 bytes
 Hardware stack levels used:    1
 Hardware stack levels required when called:    6
 This function calls:
		_SettingsLCD
 This function is called by:
		_main
 This function uses a non-reentrant model


 *************** function _SettingsLCD *****************
 Defined at:
		line 72 in file "main_LCD_4_bits.c"
 Parameters:    Size  Location     Type
  word            1    wreg     unsigned char 
 Auto vars:     Size  Location     Type
  word            1   10[COMRAM] unsigned char 
 Return value:  Size  Location     Type
                  1    wreg      void 
 Registers used:
		wreg, status,2, status,0, cstack
 Tracked objects:
		On entry : 
		On exit  : 
		Unchanged: 
 Data sizes:     COMRAM   BANK0   BANK1   BANK4
      Params:         0       0       0       0
      Locals:         1       0       0       0
      Temps:          0       0       0       0
      Totals:         1       0       0       0
Total ram usage:        1 bytes
 Hardware stack levels used:    1
 Hardware stack levels required when called:    5
 This function calls:
		_LCD
 This function is called by:
		_settings
 This function uses a non-reentrant model


 *************** function _LCD *****************
 Defined at:
		line 84 in file "main_LCD_4_bits.c"
 Parameters:    Size  Location     Type
  data            1    wreg     unsigned char 
 Auto vars:     Size  Location     Type
  data            1    9[COMRAM] unsigned char 
 Return value:  Size  Location     Type
                  1    wreg      void 
 Registers used:
		wreg, status,2, status,0
 Tracked objects:
		On entry : 
		On exit  : 
		Unchanged: 
 Data sizes:     COMRAM   BANK0   BANK1   BANK4
      Params:         0       0       0       0
      Locals:         1       0       0       0
      Temps:          1       0       0       0
      Totals:         2       0       0       0
Total ram usage:        2 bytes
 Hardware stack levels used:    1
 Hardware stack levels required when called:    4
 This function calls:
		Nothing
 This function is called by:
		_SettingsLCD
 This function uses a non-reentrant model


 *************** function _LCD_int *****************
 Defined at:
		line 100 in file "main_LCD_4_bits.c"
 Parameters:    Size  Location     Type
		None
 Auto vars:     Size  Location     Type
		None
 Return value:  Size  Location     Type
                  1    wreg      void 
 Registers used:
		wreg, fsr2l, fsr2h, status,2, status,0, cstack
 Tracked objects:
		On entry : 
		On exit  : 
		Unchanged: 
 Data sizes:     COMRAM   BANK0   BANK1   BANK4
      Params:         0       0       0       0
      Locals:         0       0       0       0
      Temps:          2       0       0       0
      Totals:         2       0       0       0
Total ram usage:        2 bytes
 Hardware stack levels used:    1
 Hardware stack levels required when called:    3
 This function calls:
		_DisplayShiftLeft
		_DisplayShiftRight
		_PrintDataLCD
 This function is called by:
		Interrupt level 2
 This function uses a non-reentrant model


 *************** function _PrintDataLCD *****************
 Defined at:
		line 109 in file "main_LCD_4_bits.c"
 Parameters:    Size  Location     Type
		None
 Auto vars:     Size  Location     Type
		None
 Return value:  Size  Location     Type
                  1    wreg      void 
 Registers used:
		wreg, fsr2l, fsr2h, status,2, status,0, cstack
 Tracked objects:
		On entry : 
		On exit  : 
		Unchanged: 
 Data sizes:     COMRAM   BANK0   BANK1   BANK4
      Params:         0       0       0       0
      Locals:         0       0       0       0
      Temps:          2       0       0       0
      Totals:         2       0       0       0
Total ram usage:        2 bytes
 Hardware stack levels used:    1
 Hardware stack levels required when called:    2
 This function calls:
		_WriteLCD
		_strlen
		i2_SettingsLCD
 This function is called by:
		_LCD_int
 This function uses a non-reentrant model


 *************** function _strlen *****************
 Defined at:
		line 4 in file "C:\Program Files\Microchip\xc8\v2.31\pic\sources\c90\common\strlen.c"
 Parameters:    Size  Location     Type
  s               2    0[COMRAM] PTR const unsigned char 
		 -> name(8), 
 Auto vars:     Size  Location     Type
  cp              2    2[COMRAM] PTR const unsigned char 
		 -> name(8), 
 Return value:  Size  Location     Type
                  2    0[COMRAM] unsigned int 
 Registers used:
		wreg, fsr2l, fsr2h, status,2, status,0
 Tracked objects:
		On entry : 
		On exit  : 
		Unchanged: 
 Data sizes:     COMRAM   BANK0   BANK1   BANK4
      Params:         2       0       0       0
      Locals:         2       0       0       0
      Temps:          0       0       0       0
      Totals:         4       0       0       0
Total ram usage:        4 bytes
 Hardware stack levels used:    1
 This function calls:
		Nothing
 This function is called by:
		_PrintDataLCD
 This function uses a non-reentrant model


 *************** function _WriteLCD *****************
 Defined at:
		line 78 in file "main_LCD_4_bits.c"
 Parameters:    Size  Location     Type
  word            1    wreg     unsigned char 
 Auto vars:     Size  Location     Type
  word            1    2[COMRAM] unsigned char 
 Return value:  Size  Location     Type
                  1    wreg      void 
 Registers used:
		wreg, status,2, status,0, cstack
 Tracked objects:
		On entry : 
		On exit  : 
		Unchanged: 
 Data sizes:     COMRAM   BANK0   BANK1   BANK4
      Params:         0       0       0       0
      Locals:         1       0       0       0
      Temps:          0       0       0       0
      Totals:         1       0       0       0
Total ram usage:        1 bytes
 Hardware stack levels used:    1
 Hardware stack levels required when called:    1
 This function calls:
		i2_LCD
 This function is called by:
		_PrintDataLCD
 This function uses a non-reentrant model


 *************** function _DisplayShiftRight *****************
 Defined at:
		line 117 in file "main_LCD_4_bits.c"
 Parameters:    Size  Location     Type
		None
 Auto vars:     Size  Location     Type
		None
 Return value:  Size  Location     Type
                  1    wreg      void 
 Registers used:
		wreg, status,2, status,0, cstack
 Tracked objects:
		On entry : 
		On exit  : 
		Unchanged: 
 Data sizes:     COMRAM   BANK0   BANK1   BANK4
      Params:         0       0       0       0
      Locals:         0       0       0       0
      Temps:          2       0       0       0
      Totals:         2       0       0       0
Total ram usage:        2 bytes
 Hardware stack levels used:    1
 Hardware stack levels required when called:    2
 This function calls:
		i2_SettingsLCD
 This function is called by:
		_LCD_int
 This function uses a non-reentrant model


 *************** function _DisplayShiftLeft *****************
 Defined at:
		line 124 in file "main_LCD_4_bits.c"
 Parameters:    Size  Location     Type
		None
 Auto vars:     Size  Location     Type
		None
 Return value:  Size  Location     Type
                  1    wreg      void 
 Registers used:
		wreg, status,2, status,0, cstack
 Tracked objects:
		On entry : 
		On exit  : 
		Unchanged: 
 Data sizes:     COMRAM   BANK0   BANK1   BANK4
      Params:         0       0       0       0
      Locals:         0       0       0       0
      Temps:          2       0       0       0
      Totals:         2       0       0       0
Total ram usage:        2 bytes
 Hardware stack levels used:    1
 Hardware stack levels required when called:    2
 This function calls:
		i2_SettingsLCD
 This function is called by:
		_LCD_int
 This function uses a non-reentrant model


 *************** function i2_SettingsLCD *****************
 Defined at:
		line 72 in file "main_LCD_4_bits.c"
 Parameters:    Size  Location     Type
  word            1    wreg     unsigned char 
 Auto vars:     Size  Location     Type
  word            1    2[COMRAM] unsigned char 
 Return value:  Size  Location     Type
                  1    wreg      void 
 Registers used:
		wreg, status,2, status,0, cstack
 Tracked objects:
		On entry : 
		On exit  : 
		Unchanged: 
 Data sizes:     COMRAM   BANK0   BANK1   BANK4
      Params:         0       0       0       0
      Locals:         1       0       0       0
      Temps:          0       0       0       0
      Totals:         1       0       0       0
Total ram usage:        1 bytes
 Hardware stack levels used:    1
 Hardware stack levels required when called:    1
 This function calls:
		i2_LCD
 This function is called by:
		_PrintDataLCD
		_DisplayShiftRight
		_DisplayShiftLeft
 This function uses a non-reentrant model


 *************** function i2_LCD *****************
 Defined at:
		line 84 in file "main_LCD_4_bits.c"
 Parameters:    Size  Location     Type
  data            1    wreg     unsigned char 
 Auto vars:     Size  Location     Type
  data            1    1[COMRAM] unsigned char 
 Return value:  Size  Location     Type
                  1    wreg      void 
 Registers used:
		wreg, status,2, status,0
 Tracked objects:
		On entry : 
		On exit  : 
		Unchanged: 
 Data sizes:     COMRAM   BANK0   BANK1   BANK4
      Params:         0       0       0       0
      Locals:         1       0       0       0
      Temps:          1       0       0       0
      Totals:         2       0       0       0
Total ram usage:        2 bytes
 Hardware stack levels used:    1
 This function calls:
		Nothing
 This function is called by:
		_WriteLCD
		i2_SettingsLCD
 This function uses a non-reentrant model



MODULE INFORMATION

Module		Function		Class		Link	Load	Size
main_LCD_4_bits.c
		_LCD_int       		CODE           	0008	0000	50
		_DisplayShiftRight		CODE           	0264	0000	82
		_settings      		CODE           	0308	0000	64
		_LCD           		CODE           	003E	0000	224
		_main          		CODE           	03EE	0000	12
		_PrintDataLCD  		CODE           	01FE	0000	102
		_WriteLCD      		CODE           	03C2	0000	22
		_SettingsLCD   		CODE           	03AC	0000	22
		_DisplayShiftLeft		CODE           	02B6	0000	82

main_LCD_4_bits.c estimated size: 660

shared
		i2_SettingsLCD 		CODE           	03D8	0000	22
		i2_LCD         		CODE           	011E	0000	224
		__initialization		CODE           	037E	0000	36

shared estimated size: 282

C:\Program Files\Microchip\xc8\v2.31\pic\sources\c90\common\strlen.c
		_strlen        		CODE           	0348	0000	54

C:\Program Files\Microchip\xc8\v2.31\pic\sources\c90\common\strlen.c estimated size: 54

