Microchip MPLAB XC8 Compiler V2.31

Linker command line:

-W-3 --edf=C:\Program Files\Microchip\xc8\v2.31\pic\dat\en_msgs.txt -cn \
  -h+dist/default/production\Proyecto_Robot_I2C_Serial_LCD.X.production.sym \
  --cmf=dist/default/production\Proyecto_Robot_I2C_Serial_LCD.X.production.cmf \
  -z -Q18F4550 -oC:\Users\DASAN\AppData\Local\Temp\sd3o.2 \
  --defsym=__MPLAB_BUILD=1 \
  -Mdist/default/production/Proyecto_Robot_I2C_Serial_LCD.X.production.map \
  -E1 -ver=XC8 Compiler --acfsm=1493 -ASTACK=0D2h-07FFh -pstack=STACK \
  -ACODE=00h-07FFFh -ACONST=00h-07FFFh -ASMALLCONST=0800h-08FFhx120 \
  -AMEDIUMCONST=0800h-07FFFh -ACOMRAM=01h-05Fh -AABS1=00h-07FFh \
  -ABIGRAM=01h-07FFh -ARAM=060h-0FFh,0100h-01FFhx7 -ABANK0=060h-0FFh \
  -ABANK1=0100h-01FFh -ABANK2=0200h-02FFh -ABANK3=0300h-03FFh \
  -ABANK4=0400h-04FFh -ABANK5=0500h-05FFh -ABANK6=0600h-06FFh \
  -ABANK7=0700h-07FFh -ASFR=0F60h-0FFFh -ACONFIG=0300000h-030000Dh \
  -AIDLOC=0200000h-0200007h -AEEDATA=0F00000h-0F000FFh -peeprom_data=EEDATA \
  -preset_vec=00h,intcode=08h,intcodelo,powerup,init -pramtop=0800h \
  -psmallconst=SMALLCONST -pmediumconst=MEDIUMCONST -pconst=CONST \
  -AFARRAM=00h-00h \
  -prdata=COMRAM,nvrram=COMRAM,nvbit=COMRAM,rbss=COMRAM,rbit=COMRAM \
  -pfarbss=FARRAM,fardata=FARRAM,nvFARRAM=FARRAM \
  -pintsave_regs=BIGRAM,bigbss=BIGRAM,bigdata=BIGRAM -pbss=RAM \
  -pidata=CODE,irdata=CODE,ibigdata=CODE,ifardata=CODE -prparam=COMRAM \
  C:\Users\DASAN\AppData\Local\Temp\sd3o.o \
  dist/default/production\Proyecto_Robot_I2C_Serial_LCD.X.production.o 

Object code version is 3.11

Machine type is 18F4550



                Name                               Link     Load   Length Selector   Space Scale
C:\Users\DASAN\AppData\Local\Temp\sd3o.o
                idloc                            200000   200000        8        0       5
                config                           300000   300000        E        0       4
                init                                  E        E        4        4       0
                reset_vec                             0        0        4        0       0
dist/default/production\Proyecto_Robot_I2C_Serial_LCD.X.production.o
                intcode                               8        8        6        4       0
                idloc                            200000   200000        8        0       5
                config                           300000   300000        E        0       4
                temp                                 4C       4C        1        1       1
                smallconst                          800      800       76      400       0
                text50                             2C20     2C20       32      43B       0
                text49                             2CC8     2CC8       26      43B       0
                text48                             1DA6     1DA6      118      43B       0
                text47                             2256     2256       C4      43B       0
                text46                             2AF8     2AF8       42      43B       0
                text45                             276C     276C       74      43B       0
                text44                             28B6     28B6       64      43B       0
                text43                             1BE2     1BE2      1C4      43B       0
                text42                             2BEA     2BEA       36      43B       0
                text41                             2A18     2A18       52      43B       0
                text40                             2CA2     2CA2       26      43B       0
                text39                             2D6C     2D6C        C      43B       0
                text38                             2D98     2D98        8      43B       0
                text37                             2D90     2D90        8      43B       0
                text36                             27E0     27E0       70      43B       0
                text35                             23DA     23DA       B6      43B       0
                text34                              D38      D38      484      43B       0
                text33                             253E     253E       A4      43B       0
                text32                             2D3C     2D3C       16      43B       0
                text31                             2D26     2D26       16      43B       0
                text30                             29C6     29C6       52      43B       0
                intcode_body                       25E2     25E2       98      43B       0
                text28                             2490     2490       AE      43B       0
                text27                             2D0A     2D0A       1C      43B       0
                text26                             2CEE     2CEE       1C      43B       0
                text25                             2B78     2B78       3A      43B       0
                text24                             2970     2970       56      43B       0
                text23                             20CC     20CC       C6      43B       0
                text22                             2C7A     2C7A       28      43B       0
                text21                             2AB2     2AB2       46      43B       0
                text20                             26F6     26F6       76      43B       0
                text19                             2850     2850       66      43B       0
                text18                             1A18     1A18      1CA      43B       0
                text17                             291A     291A       56      43B       0
                text16                             2C52     2C52       28      43B       0
                text15                             2D52     2D52        E      43B       0
                text14                             2D88     2D88        8      43B       0
                text13                             2D80     2D80        8      43B       0
                text12                             267A     267A       7C      43B       0
                text11                             231A     231A       C0      43B       0
                text10                             11BC     11BC      39C      43B       0
                text9                              1FC6     1FC6      106      43B       0
                text8                               876      876      4C2      43B       0
                text7                              2A6A     2A6A       48      43B       0
                text6                              1EBE     1EBE      108      43B       0
                text5                              2BB2     2BB2       38      43B       0
                text4                              2D78     2D78        8      43B       0
                text3                              2192     2192       C4      43B       0
                text2                              1558     1558      2C0      43B       0
                text1                              1818     1818      200      43B       0
                text0                              2D60     2D60        C      43B       0
                cstackCOMRAM                          1        1       29        1       1
                cstackBANK0                          AC       AC       26       60       1
                bssBANK0                             60       60       4C       60       1
                dataCOMRAM                           4A       4A        2        1       1
                bssCOMRAM                            2A       2A       20        1       1
                cinit                              2B3A     2B3A       3E      43B       0
                idataCOMRAM                        2DA0     2DA0        2      43B       0

TOTAL           Name                               Link     Load   Length     Space
        CLASS   STACK          

        CLASS   CODE           
                intcode                               8        8        6         0
                init                                  E        E        4         0
                reset_vec                             0        0        4         0
                text50                             2C20     2C20       32         0
                text49                             2CC8     2CC8       26         0
                text48                             1DA6     1DA6      118         0
                text47                             2256     2256       C4         0
                text46                             2AF8     2AF8       42         0
                text45                             276C     276C       74         0
                text44                             28B6     28B6       64         0
                text43                             1BE2     1BE2      1C4         0
                text42                             2BEA     2BEA       36         0
                text41                             2A18     2A18       52         0
                text40                             2CA2     2CA2       26         0
                text39                             2D6C     2D6C        C         0
                text38                             2D98     2D98        8         0
                text37                             2D90     2D90        8         0
                text36                             27E0     27E0       70         0
                text35                             23DA     23DA       B6         0
                text34                              D38      D38      484         0
                text33                             253E     253E       A4         0
                text32                             2D3C     2D3C       16         0
                text31                             2D26     2D26       16         0
                text30                             29C6     29C6       52         0
                intcode_body                       25E2     25E2       98         0
                text28                             2490     2490       AE         0
                text27                             2D0A     2D0A       1C         0
                text26                             2CEE     2CEE       1C         0
                text25                             2B78     2B78       3A         0
                text24                             2970     2970       56         0
                text23                             20CC     20CC       C6         0
                text22                             2C7A     2C7A       28         0
                text21                             2AB2     2AB2       46         0
                text20                             26F6     26F6       76         0
                text19                             2850     2850       66         0
                text18                             1A18     1A18      1CA         0
                text17                             291A     291A       56         0
                text16                             2C52     2C52       28         0
                text15                             2D52     2D52        E         0
                text14                             2D88     2D88        8         0
                text13                             2D80     2D80        8         0
                text12                             267A     267A       7C         0
                text11                             231A     231A       C0         0
                text10                             11BC     11BC      39C         0
                text9                              1FC6     1FC6      106         0
                text8                               876      876      4C2         0
                text7                              2A6A     2A6A       48         0
                text6                              1EBE     1EBE      108         0
                text5                              2BB2     2BB2       38         0
                text4                              2D78     2D78        8         0
                text3                              2192     2192       C4         0
                text2                              1558     1558      2C0         0
                text1                              1818     1818      200         0
                text0                              2D60     2D60        C         0
                cinit                              2B3A     2B3A       3E         0
                idataCOMRAM                        2DA0     2DA0        2         0

        CLASS   CONST          

        CLASS   SMALLCONST     
                smallconst                          800      800       76         0

        CLASS   MEDIUMCONST    

        CLASS   COMRAM         
                temp                                 4C       4C        1         1
                cstackCOMRAM                          1        1       29         1
                dataCOMRAM                           4A       4A        2         1
                bssCOMRAM                            2A       2A       20         1

        CLASS   ABS1           

        CLASS   BIGRAM         

        CLASS   RAM            

        CLASS   BANK0          
                cstackBANK0                          AC       AC       26         1
                bssBANK0                             60       60       4C         1

        CLASS   BANK1          

        CLASS   BANK2          

        CLASS   BANK3          

        CLASS   BANK4          

        CLASS   BANK5          

        CLASS   BANK6          

        CLASS   BANK7          

        CLASS   SFR            

        CLASS   CONFIG         
                config                           300000   300000        E         4

        CLASS   IDLOC          
                idloc                            200000   200000        8         5

        CLASS   EEDATA         

        CLASS   FARRAM         



SEGMENTS        Name                           Load    Length   Top    Selector   Space  Class

                reset_vec                      000000  000004  000004         0       0  CODE    
                cstackCOMRAM                   000001  00004C  00004D         1       1  COMRAM  
                intcode                        000008  00000A  000012         4       0  CODE    
                bssBANK0                       000060  000072  0000D2        60       1  BANK0   
                smallconst                     000800  000076  000876       400       0  SMALLCON
                text8                          000876  00252C  002DA2       43B       0  CODE    


UNUSED ADDRESS RANGES

        Name                Unused          Largest block    Delta
        BANK0            0000D2-0000FF               2E
        BANK1            000100-0001FF              100
        BANK2            000200-0002FF              100
        BANK3            000300-0003FF              100
        BANK4            000400-0004FF              100
        BANK5            000500-0005FF              100
        BANK6            000600-0006FF              100
        BANK7            000700-0007FF              100
        BIGRAM           00004D-00005F               13
                         0000D2-0007FF              72E
        CODE             000004-000007                4
                         000012-0007FF              7EE
                         002DA2-007FFF             525E
        COMRAM           00004D-00005F               13
        CONST            000004-000007                4
                         000012-0007FF              7EE
                         002DA2-007FFF             525E
        EEDATA           F00000-F000FF              100
        MEDIUMCONST      002DA2-007FFF             525E
        RAM              0000D2-0007FF              100
        SFR              000F60-000FFF               A0
        SMALLCONST       002DA2-007FFF              100
        STACK            0000D2-0007FF              72E

                                  Symbol Table

?___awdiv                cstackBANK0  0000AC
?___fladd                cstackBANK0  0000AC
?___fldiv                cstackBANK0  0000AC
?___flsub                cstackBANK0  0000BC
?___fltol                cstackBANK0  0000AC
?___lwdiv                cstackBANK0  0000AC
?___lwmod                cstackBANK0  0000B3
?___wmul                 cstackBANK0  0000B4
?_atoi                   cstackCOMRAM 00000F
?_map                    cstackBANK0  0000BA
?_sprintf                cstackBANK0  0000B8
?_strlen                 cstackBANK0  0000AC
?i2___awdiv              cstackCOMRAM 000001
?i2___lwdiv              cstackCOMRAM 000001
?i2___lwmod              cstackCOMRAM 000008
?i2___wmul               cstackCOMRAM 000009
?i2_map                  cstackCOMRAM 00000F
?i2_sprintf              cstackCOMRAM 00000D
?i2_strlen               cstackCOMRAM 000001
LCD@data                 cstackBANK0  0000AD
SettingsLCD@word         cstackBANK0  0000AE
WriteLCD@word            cstackBANK0  0000AE
_ACKDT                   (abs)        007E2D
_ACKEN                   (abs)        007E2C
_ADCON1                  (abs)        000FC1
_Angle                   bssCOMRAM    000032
_Coordinate_x            bssCOMRAM    00002C
_Coordinate_y            bssCOMRAM    00002E
_Coordinate_z            bssCOMRAM    00002A
_DriverPin               bssCOMRAM    000036
_GIE                     (abs)        007F97
_LATD                    (abs)        000F8C
_LATDbits                (abs)        000F8C
_LATE                    (abs)        000F8D
_LATE0                   (abs)        007C68
_LATE1                   (abs)        007C69
_LCD                     text28       002490
_OSCCON                  (abs)        000FD3
_PEIE                    (abs)        007F96
_PEN                     (abs)        007E2A
_PORTBbits               (abs)        000F81
_PrintDataLCD            text24       002970
_RCEN                    (abs)        007E2B
_RCIE                    (abs)        007CED
_RCIF                    (abs)        007CF5
_RCREG                   (abs)        000FAE
_RCSTA                   (abs)        000FAB
_RSEN                    (abs)        007E29
_SEN                     (abs)        007E28
_SPBRG                   (abs)        000FAF
_SSPADD                  (abs)        000FC8
_SSPBUF                  (abs)        000FC9
_SSPCON1                 (abs)        000FC6
_SSPCON2                 (abs)        000FC5
_SSPSTAT                 (abs)        000FC7
_SettingsLCD             text27       002D0A
_TRISBbits               (abs)        000F93
_TRISCbits               (abs)        000F94
_TRISD                   (abs)        000F95
_TRISE                   (abs)        000F96
_TXIF                    (abs)        007CF4
_TXREG                   (abs)        000FAD
_TXSTA                   (abs)        000FAC
_WriteLCD                text26       002CEE
__HRAM                   (abs)        000000
__Habs1                  abs1         000000
__Hbank0                 bank0        000000
__Hbank1                 bank1        000000
__Hbank2                 bank2        000000
__Hbank3                 bank3        000000
__Hbank4                 bank4        000000
__Hbank5                 bank5        000000
__Hbank6                 bank6        000000
__Hbank7                 bank7        000000
__Hbigbss                bigbss       000000
__Hbigdata               bigdata      000000
__Hbigram                bigram       000000
__Hbss                   bss          000000
__HbssBANK0              bssBANK0     000000
__HbssCOMRAM             bssCOMRAM    000000
__Hcinit                 cinit        000000
__Hclrtext               clrtext      000000
__Hcomram                comram       000000
__Hconfig                config       30000E
__Hconst                 const        000000
__HcstackBANK0           cstackBANK0  000000
__HcstackCOMRAM          cstackCOMRAM 000000
__Hdata                  data         000000
__HdataCOMRAM            dataCOMRAM   000000
__Heeprom_data           eeprom_data  000000
__Hfarbss                farbss       000000
__Hfardata               fardata      000000
__Hibigdata              ibigdata     000000
__Hidata                 idata        000000
__HidataCOMRAM           idataCOMRAM  000000
__Hidloc                 idloc        200008
__Hifardata              ifardata     000000
__Hinit                  init         000012
__Hintcode               intcode      00000E
__Hintcode_body          intcode_body 000000
__Hintcodelo             intcodelo    00000E
__Hintentry              intentry     000000
__Hintret                intret       000000
__Hintsave_regs          intsave_regs 000000
__Hirdata                irdata       000000
__Hmediumconst           mediumconst  000000
__HnvFARRAM              nvFARRAM     000000
__Hnvbit                 nvbit        000000
__Hnvrram                nvrram       000000
__Hparam                 rparam       000000
__Hpowerup               powerup      00000E
__Hram                   ram          000000
__Hramtop                ramtop       000800
__Hrbit                  rbit         000000
__Hrbss                  rbss         000000
__Hrdata                 rdata        000000
__Hreset_vec             reset_vec    000004
__Hrparam                rparam       000000
__Hsfr                   sfr          000000
__Hsmallconst            smallconst   000876
__Hspace_0               (abs)        002DA2
__Hspace_1               (abs)        0000D2
__Hspace_2               (abs)        000000
__Hspace_4               (abs)        60000E
__Hstack                 stack        000000
__Hstruct                struct       000000
__Htemp                  temp         00004D
__Htext                  text         000000
__Htext0                 text0        000000
__Htext1                 text1        000000
__Htext10                text10       000000
__Htext11                text11       000000
__Htext12                text12       000000
__Htext13                text13       000000
__Htext14                text14       000000
__Htext15                text15       000000
__Htext16                text16       000000
__Htext17                text17       000000
__Htext18                text18       000000
__Htext19                text19       000000
__Htext2                 text2        000000
__Htext20                text20       000000
__Htext21                text21       000000
__Htext22                text22       000000
__Htext23                text23       000000
__Htext24                text24       000000
__Htext25                text25       000000
__Htext26                text26       000000
__Htext27                text27       000000
__Htext28                text28       000000
__Htext3                 text3        000000
__Htext30                text30       000000
__Htext31                text31       000000
__Htext32                text32       000000
__Htext33                text33       000000
__Htext34                text34       000000
__Htext35                text35       000000
__Htext36                text36       000000
__Htext37                text37       000000
__Htext38                text38       000000
__Htext39                text39       000000
__Htext4                 text4        000000
__Htext40                text40       000000
__Htext41                text41       000000
__Htext42                text42       000000
__Htext43                text43       000000
__Htext44                text44       000000
__Htext45                text45       000000
__Htext46                text46       000000
__Htext47                text47       000000
__Htext48                text48       000000
__Htext49                text49       000000
__Htext5                 text5        000000
__Htext50                text50       000000
__Htext6                 text6        000000
__Htext7                 text7        000000
__Htext8                 text8        000000
__Htext9                 text9        000000
__LRAM                   (abs)        000001
__Labs1                  abs1         000000
__Lbank0                 bank0        000000
__Lbank1                 bank1        000000
__Lbank2                 bank2        000000
__Lbank3                 bank3        000000
__Lbank4                 bank4        000000
__Lbank5                 bank5        000000
__Lbank6                 bank6        000000
__Lbank7                 bank7        000000
__Lbigbss                bigbss       000000
__Lbigdata               bigdata      000000
__Lbigram                bigram       000000
__Lbss                   bss          000000
__LbssBANK0              bssBANK0     000000
__LbssCOMRAM             bssCOMRAM    000000
__Lcinit                 cinit        000000
__Lclrtext               clrtext      000000
__Lcomram                comram       000000
__Lconfig                config       000000
__Lconst                 const        000000
__LcstackBANK0           cstackBANK0  000000
__LcstackCOMRAM          cstackCOMRAM 000000
__Ldata                  data         000000
__LdataCOMRAM            dataCOMRAM   000000
__Leeprom_data           eeprom_data  000000
__Lfarbss                farbss       000000
__Lfardata               fardata      000000
__Libigdata              ibigdata     000000
__Lidata                 idata        000000
__LidataCOMRAM           idataCOMRAM  000000
__Lidloc                 idloc        000000
__Lifardata              ifardata     000000
__Linit                  init         00000E
__Lintcode               intcode      000008
__Lintcode_body          intcode_body 000000
__Lintcodelo             intcodelo    00000E
__Lintentry              intentry     000000
__Lintret                intret       000000
__Lintsave_regs          intsave_regs 000000
__Lirdata                irdata       000000
__Lmediumconst           mediumconst  000000
__LnvFARRAM              nvFARRAM     000000
__Lnvbit                 nvbit        000000
__Lnvrram                nvrram       000000
__Lparam                 rparam       000000
__Lpowerup               powerup      00000E
__Lram                   ram          000000
__Lramtop                ramtop       000800
__Lrbit                  rbit         000000
__Lrbss                  rbss         000000
__Lrdata                 rdata        000000
__Lreset_vec             reset_vec    000000
__Lrparam                rparam       000000
__Lsfr                   sfr          000000
__Lsmallconst            smallconst   000800
__Lspace_0               (abs)        000000
__Lspace_1               (abs)        000000
__Lspace_2               (abs)        000000
__Lspace_4               (abs)        000000
__Lstack                 stack        000000
__Lstruct                struct       000000
__Ltemp                  temp         00004C
__Ltext                  text         000000
__Ltext0                 text0        000000
__Ltext1                 text1        000000
__Ltext10                text10       000000
__Ltext11                text11       000000
__Ltext12                text12       000000
__Ltext13                text13       000000
__Ltext14                text14       000000
__Ltext15                text15       000000
__Ltext16                text16       000000
__Ltext17                text17       000000
__Ltext18                text18       000000
__Ltext19                text19       000000
__Ltext2                 text2        000000
__Ltext20                text20       000000
__Ltext21                text21       000000
__Ltext22                text22       000000
__Ltext23                text23       000000
__Ltext24                text24       000000
__Ltext25                text25       000000
__Ltext26                text26       000000
__Ltext27                text27       000000
__Ltext28                text28       000000
__Ltext3                 text3        000000
__Ltext30                text30       000000
__Ltext31                text31       000000
__Ltext32                text32       000000
__Ltext33                text33       000000
__Ltext34                text34       000000
__Ltext35                text35       000000
__Ltext36                text36       000000
__Ltext37                text37       000000
__Ltext38                text38       000000
__Ltext39                text39       000000
__Ltext4                 text4        000000
__Ltext40                text40       000000
__Ltext41                text41       000000
__Ltext42                text42       000000
__Ltext43                text43       000000
__Ltext44                text44       000000
__Ltext45                text45       000000
__Ltext46                text46       000000
__Ltext47                text47       000000
__Ltext48                text48       000000
__Ltext49                text49       000000
__Ltext5                 text5        000000
__Ltext50                text50       000000
__Ltext6                 text6        000000
__Ltext7                 text7        000000
__Ltext8                 text8        000000
__Ltext9                 text9        000000
__S0                     (abs)        002DA2
__S1                     (abs)        0000D2
__S2                     (abs)        000000
__S4                     (abs)        000000
__S5                     (abs)        000000
___awdiv                 text23       0020CC
___awdiv@counter         cstackBANK0  0000B0
___awdiv@dividend        cstackBANK0  0000AC
___awdiv@divisor         cstackBANK0  0000AE
___awdiv@quotient        cstackBANK0  0000B2
___awdiv@sign            cstackBANK0  0000B1
___fladd                 text8        000876
___fladd@a               cstackBANK0  0000B0
___fladd@aexp            cstackBANK0  0000B9
___fladd@b               cstackBANK0  0000AC
___fladd@bexp            cstackBANK0  0000BA
___fladd@grs             cstackBANK0  0000BB
___fladd@signs           cstackBANK0  0000B8
___fldiv                 text10       0011BC
___fldiv@a               cstackBANK0  0000B0
___fldiv@aexp            cstackBANK0  0000C4
___fldiv@b               cstackBANK0  0000AC
___fldiv@bexp            cstackBANK0  0000C3
___fldiv@grs             cstackBANK0  0000BF
___fldiv@new_exp         cstackBANK0  0000BD
___fldiv@rem             cstackBANK0  0000B8
___fldiv@sign            cstackBANK0  0000BC
___flge                  text9        001FC6
___flge@ff1              cstackBANK0  0000AC
___flge@ff2              cstackBANK0  0000B0
___flsub                 text7        002A6A
___flsub@a               cstackBANK0  0000C0
___flsub@b               cstackBANK0  0000BC
___fltol                 text6        001EBE
___fltol@exp1            cstackBANK0  0000B5
___fltol@f1              cstackBANK0  0000AC
___fltol@sign1           cstackBANK0  0000B4
___inthi_sp              stack        000000
___intlo_sp              stack        000000
___lwdiv                 text20       0026F6
___lwdiv@counter         cstackBANK0  0000B0
___lwdiv@dividend        cstackBANK0  0000AC
___lwdiv@divisor         cstackBANK0  0000AE
___lwdiv@quotient        cstackBANK0  0000B1
___lwmod                 text19       002850
___lwmod@counter         cstackBANK0  0000B7
___lwmod@dividend        cstackBANK0  0000B3
___lwmod@divisor         cstackBANK0  0000B5
___param_bank            (abs)        000000
___rparam_used           (abs)        000001
___sp                    stack        000000
___wmul                  text22       002C7A
___wmul@multiplicand     cstackBANK0  0000B6
___wmul@multiplier       cstackBANK0  0000B4
___wmul@product          cstackBANK0  0000B8
__accesstop              (abs)        000060
__activetblptr           (abs)        000002
__end_of_LCD             text28       00253E
__end_of_PrintDataLCD    text24       0029C6
__end_of_SettingsLCD     text27       002D26
__end_of_WriteLCD        text26       002D0A
__end_of___awdiv         text23       002192
__end_of___fladd         text8        000D38
__end_of___fldiv         text10       001558
__end_of___flge          text9        0020CC
__end_of___flsub         text7        002AB2
__end_of___fltol         text6        001FC6
__end_of___lwdiv         text20       00276C
__end_of___lwmod         text19       0028B6
__end_of___wmul          text22       002CA2
__end_of__initialization cinit        002B6A
__end_of_algoritm        text34       0011BC
__end_of_atoi            text48       001EBE
__end_of_dpowers         smallconst   00080B
__end_of_isdigit         text50       002C52
__end_of_main            text0        002D6C
__end_of_map             text21       002AF8
__end_of_mover_servo     text11       0023DA
__end_of_readI2C         text3        002256
__end_of_readyI2C        text16       002C7A
__end_of_receive         intcode_body 00267A
__end_of_receiveI2C      text5        002BEA
__end_of_repeatedStart   text4        002D80
__end_of_sendI2C         text15       002D60
__end_of_setPWMFreq      text2        001818
__end_of_settings        text1        001A18
__end_of_sprintf         text18       001BE2
__end_of_start           text17       002970
__end_of_startI2C        text14       002D90
__end_of_stopI2C         text13       002D88
__end_of_strlen          text25       002BB2
__end_of_writeI2C        text12       0026F6
__end_ofi2_LCD           text33       0025E2
__end_ofi2_PrintDataLCD  text30       002A18
__end_ofi2_SettingsLCD   text32       002D52
__end_ofi2_WriteLCD      text31       002D3C
__end_ofi2___awdiv       text47       00231A
__end_ofi2___lwdiv       text45       0027E0
__end_ofi2___lwmod       text44       00291A
__end_ofi2___wmul        text49       002CEE
__end_ofi2_map           text46       002B3A
__end_ofi2_mover_servo   text35       002490
__end_ofi2_readyI2C      text40       002CC8
__end_ofi2_sendI2C       text39       002D78
__end_ofi2_sprintf       text43       001DA6
__end_ofi2_start         text41       002A6A
__end_ofi2_startI2C      text38       002DA0
__end_ofi2_stopI2C       text37       002D98
__end_ofi2_strlen        text42       002C20
__end_ofi2_writeI2C      text36       002850
__initialization         cinit        002B3A
__mediumconst            mediumconst  000000
__pbssBANK0              bssBANK0     000060
__pbssCOMRAM             bssCOMRAM    00002A
__pcinit                 cinit        002B3A
__pcstackBANK0           cstackBANK0  0000AC
__pcstackCOMRAM          cstackCOMRAM 000001
__pdataCOMRAM            dataCOMRAM   00004A
__pidataCOMRAM           idataCOMRAM  002DA0
__pintcode               intcode      000008
__pintcode_body          intcode_body 0025E2
__psmallconst            smallconst   000800
__ptext0                 text0        002D60
__ptext1                 text1        001818
__ptext10                text10       0011BC
__ptext11                text11       00231A
__ptext12                text12       00267A
__ptext13                text13       002D80
__ptext14                text14       002D88
__ptext15                text15       002D52
__ptext16                text16       002C52
__ptext17                text17       00291A
__ptext18                text18       001A18
__ptext19                text19       002850
__ptext2                 text2        001558
__ptext20                text20       0026F6
__ptext21                text21       002AB2
__ptext22                text22       002C7A
__ptext23                text23       0020CC
__ptext24                text24       002970
__ptext25                text25       002B78
__ptext26                text26       002CEE
__ptext27                text27       002D0A
__ptext28                text28       002490
__ptext3                 text3        002192
__ptext30                text30       0029C6
__ptext31                text31       002D26
__ptext32                text32       002D3C
__ptext33                text33       00253E
__ptext34                text34       000D38
__ptext35                text35       0023DA
__ptext36                text36       0027E0
__ptext37                text37       002D90
__ptext38                text38       002D98
__ptext39                text39       002D6C
__ptext4                 text4        002D78
__ptext40                text40       002CA2
__ptext41                text41       002A18
__ptext42                text42       002BEA
__ptext43                text43       001BE2
__ptext44                text44       0028B6
__ptext45                text45       00276C
__ptext46                text46       002AF8
__ptext47                text47       002256
__ptext48                text48       001DA6
__ptext49                text49       002CC8
__ptext5                 text5        002BB2
__ptext50                text50       002C20
__ptext6                 text6        001EBE
__ptext7                 text7        002A6A
__ptext8                 text8        000876
__ptext9                 text9        001FC6
__ramtop                 ramtop       000800
__size_of_LCD            (abs)        000000
__size_of_PrintDataLCD   (abs)        000000
__size_of_SettingsLCD    (abs)        000000
__size_of_WriteLCD       (abs)        000000
__size_of___awdiv        (abs)        000000
__size_of___fladd        (abs)        000000
__size_of___fldiv        (abs)        000000
__size_of___flge         (abs)        000000
__size_of___flsub        (abs)        000000
__size_of___fltol        (abs)        000000
__size_of___lwdiv        (abs)        000000
__size_of___lwmod        (abs)        000000
__size_of___wmul         (abs)        000000
__size_of_algoritm       (abs)        000000
__size_of_atoi           (abs)        000000
__size_of_isdigit        (abs)        000000
__size_of_main           (abs)        000000
__size_of_map            (abs)        000000
__size_of_mover_servo    (abs)        000000
__size_of_readI2C        (abs)        000000
__size_of_readyI2C       (abs)        000000
__size_of_receive        (abs)        000000
__size_of_receiveI2C     (abs)        000000
__size_of_repeatedStart  (abs)        000000
__size_of_sendI2C        (abs)        000000
__size_of_setPWMFreq     (abs)        000000
__size_of_settings       (abs)        000000
__size_of_sprintf        (abs)        000000
__size_of_start          (abs)        000000
__size_of_startI2C       (abs)        000000
__size_of_stopI2C        (abs)        000000
__size_of_strlen         (abs)        000000
__size_of_writeI2C       (abs)        000000
__size_ofi2_LCD          (abs)        000000
__size_ofi2_PrintDataLCD (abs)        000000
__size_ofi2_SettingsLCD  (abs)        000000
__size_ofi2_WriteLCD     (abs)        000000
__size_ofi2___awdiv      (abs)        000000
__size_ofi2___lwdiv      (abs)        000000
__size_ofi2___lwmod      (abs)        000000
__size_ofi2___wmul       (abs)        000000
__size_ofi2_map          (abs)        000000
__size_ofi2_mover_servo  (abs)        000000
__size_ofi2_readyI2C     (abs)        000000
__size_ofi2_sendI2C      (abs)        000000
__size_ofi2_sprintf      (abs)        000000
__size_ofi2_start        (abs)        000000
__size_ofi2_startI2C     (abs)        000000
__size_ofi2_stopI2C      (abs)        000000
__size_ofi2_strlen       (abs)        000000
__size_ofi2_writeI2C     (abs)        000000
__smallconst             smallconst   000800
_algoritm                text34       000D38
_angle                   bssCOMRAM    000047
_angle_servos            bssBANK0     000060
_atoi                    text48       001DA6
_coor                    bssCOMRAM    000030
_coordinate_x            bssCOMRAM    000044
_coordinate_y            bssCOMRAM    000041
_coordinate_z            bssCOMRAM    00003E
_d                       bssCOMRAM    00003C
_d1                      bssBANK0     0000AA
_data1                   bssBANK0     0000AB
_data2                   bssBANK0     0000A6
_dato                    bssCOMRAM    000038
_dpowers                 smallconst   000801
_flag                    bssCOMRAM    00003D
_i                       bssCOMRAM    00003A
_isdigit                 text50       002C20
_isdigit$894             cstackCOMRAM 000002
_main                    text0        002D60
_map                     text21       002AB2
_mover_servo             text11       00231A
_pos                     bssBANK0     00006C
_readI2C                 text3        002192
_readyI2C                text16       002C52
_receive                 intcode      000008
_receiveI2C              text5        002BB2
_repeatedStart           text4        002D78
_sendI2C                 text15       002D52
_servos                  dataCOMRAM   00004A
_setPWMFreq              text2        001558
_settings                text1        001818
_sprintf                 text18       001A18
_start                   text17       00291A
_startI2C                text14       002D88
_stopI2C                 text13       002D80
_strlen                  text25       002B78
_text                    bssBANK0     00006E
_texto_LCD               bssBANK0     000096
_writeI2C                text12       00267A
_z                       bssCOMRAM    000034
atoi@a                   cstackCOMRAM 000014
atoi@s                   cstackCOMRAM 00000F
atoi@sign                cstackCOMRAM 000013
btemp                    temp         00004C
end_of_initialization    cinit        002B6A
i2LCD@data               cstackCOMRAM 000002
i2SettingsLCD@word       cstackCOMRAM 000003
i2WriteLCD@word          cstackCOMRAM 000003
i2_LCD                   text33       00253E
i2_PrintDataLCD          text30       0029C6
i2_SettingsLCD           text32       002D3C
i2_WriteLCD              text31       002D26
i2___awdiv               text47       002256
i2___awdiv@counter       cstackCOMRAM 000005
i2___awdiv@dividend      cstackCOMRAM 000001
i2___awdiv@divisor       cstackCOMRAM 000003
i2___awdiv@quotient      cstackCOMRAM 000007
i2___awdiv@sign          cstackCOMRAM 000006
i2___lwdiv               text45       00276C
i2___lwdiv@counter       cstackCOMRAM 000007
i2___lwdiv@dividend      cstackCOMRAM 000001
i2___lwdiv@divisor       cstackCOMRAM 000003
i2___lwdiv@quotient      cstackCOMRAM 000005
i2___lwmod               text44       0028B6
i2___lwmod@counter       cstackCOMRAM 00000C
i2___lwmod@dividend      cstackCOMRAM 000008
i2___lwmod@divisor       cstackCOMRAM 00000A
i2___wmul                text49       002CC8
i2___wmul@multiplicand   cstackCOMRAM 00000B
i2___wmul@multiplier     cstackCOMRAM 000009
i2___wmul@product        cstackCOMRAM 00000D
i2_map                   text46       002AF8
i2_mover_servo           text35       0023DA
i2_readyI2C              text40       002CA2
i2_sendI2C               text39       002D6C
i2_sprintf               text43       001BE2
i2_start                 text41       002A18
i2_startI2C              text38       002D98
i2_stopI2C               text37       002D90
i2_strlen                text42       002BEA
i2_writeI2C              text36       0027E0
i2map@In_Max             cstackCOMRAM 000013
i2map@In_Min             cstackCOMRAM 000011
i2map@Out_Max            cstackCOMRAM 000017
i2map@Out_Min            cstackCOMRAM 000015
i2map@x                  cstackCOMRAM 00000F
i2mover_servo@angulo     cstackCOMRAM 00001D
i2mover_servo@servo      cstackCOMRAM 00001B
i2sendI2C@data           cstackCOMRAM 000002
i2sprintf@ap             cstackCOMRAM 000016
i2sprintf@c              cstackCOMRAM 00001A
i2sprintf@f              cstackCOMRAM 00000F
i2sprintf@flag           cstackCOMRAM 000014
i2sprintf@prec           cstackCOMRAM 000015
i2sprintf@sp             cstackCOMRAM 00000D
i2sprintf@val            cstackCOMRAM 000018
i2strlen@cp              cstackCOMRAM 000003
i2strlen@s               cstackCOMRAM 000001
i2writeI2C@Address       cstackCOMRAM 00000A
i2writeI2C@Data          cstackCOMRAM 000004
i2writeI2C@Register      cstackCOMRAM 000003
i2writeI2C@bytes         cstackCOMRAM 000006
int$flags                temp         00004C
int_func                 intcode_body 0025E2
intlevel0                text         000000
intlevel1                text         000000
intlevel2                text         000000
intlevel3                text         000000
isdigit@c                cstackCOMRAM 000003
map@In_Max               cstackBANK0  0000BE
map@In_Min               cstackBANK0  0000BC
map@Out_Max              cstackBANK0  0000C2
map@Out_Min              cstackBANK0  0000C0
map@x                    cstackBANK0  0000BA
mover_servo@angulo       cstackBANK0  0000C8
mover_servo@servo        cstackBANK0  0000C6
readI2C@Address          cstackBANK0  0000B6
readI2C@Data             cstackBANK0  0000B0
readI2C@Register         cstackBANK0  0000AF
readI2C@bytes            cstackBANK0  0000B2
receiveI2C@buffer        cstackBANK0  0000AE
receiveI2C@flag          cstackBANK0  0000AD
sendI2C@data             cstackBANK0  0000AD
setPWMFreq@freq          cstackBANK0  0000C5
setPWMFreq@newmode       cstackBANK0  0000CB
setPWMFreq@prescale      cstackBANK0  0000CA
setPWMFreq@prescaleval   cstackBANK0  0000CC
sprintf@ap               cstackBANK0  0000C1
sprintf@c                cstackBANK0  0000C5
sprintf@f                cstackBANK0  0000BA
sprintf@flag             cstackBANK0  0000BF
sprintf@prec             cstackBANK0  0000C0
sprintf@sp               cstackBANK0  0000B8
sprintf@val              cstackBANK0  0000C3
stackhi                  (abs)        0007FF
stacklo                  (abs)        0000D2
start                    init         00000E
start_initialization     cinit        002B3A
strlen@cp                cstackBANK0  0000AE
strlen@s                 cstackBANK0  0000AC
ttemp5                   temp         00004D
ttemp6                   temp         000050
ttemp7                   temp         000054
writeI2C@Address         cstackBANK0  0000B5
writeI2C@Data            cstackBANK0  0000AF
writeI2C@Register        cstackBANK0  0000AE
writeI2C@bytes           cstackBANK0  0000B1
wtemp8                   temp         00004D


FUNCTION INFORMATION:

 *************** function _main *****************
 Defined at:
		line 81 in file "Main_Robot_I2C_Serial_LCD.c"
 Parameters:    Size  Location     Type
		None
 Auto vars:     Size  Location     Type
		None
 Return value:  Size  Location     Type
                  1    wreg      void 
 Registers used:
		wreg, fsr2l, fsr2h, status,2, status,0, tblptrl, tblptrh, tblptru, prodl, prodh, cstack
 Tracked objects:
		On entry : 
		On exit  : 
		Unchanged: 
 Data sizes:     COMRAM   BANK0   BANK1   BANK2   BANK3   BANK4   BANK5   BANK6   BANK7
      Params:         0       0       0       0       0       0       0       0       0
      Locals:         0       0       0       0       0       0       0       0       0
      Temps:          0       0       0       0       0       0       0       0       0
      Totals:         0       0       0       0       0       0       0       0       0
Total ram usage:        0 bytes
 Hardware stack levels required when called:   11
 This function calls:
		_settings
 This function is called by:
		Startup code after reset
 This function uses a non-reentrant model


 *************** function _settings *****************
 Defined at:
		line 92 in file "Main_Robot_I2C_Serial_LCD.c"
 Parameters:    Size  Location     Type
		None
 Auto vars:     Size  Location     Type
		None
 Return value:  Size  Location     Type
                  1    wreg      void 
 Registers used:
		wreg, fsr2l, fsr2h, status,2, status,0, tblptrl, tblptrh, tblptru, prodl, prodh, cstack
 Tracked objects:
		On entry : 
		On exit  : 
		Unchanged: 
 Data sizes:     COMRAM   BANK0   BANK1   BANK2   BANK3   BANK4   BANK5   BANK6   BANK7
      Params:         0       0       0       0       0       0       0       0       0
      Locals:         0       0       0       0       0       0       0       0       0
      Temps:          0       2       0       0       0       0       0       0       0
      Totals:         0       2       0       0       0       0       0       0       0
Total ram usage:        2 bytes
 Hardware stack levels used:    1
 Hardware stack levels required when called:   10
 This function calls:
		_PrintDataLCD
		_SettingsLCD
		_mover_servo
		_setPWMFreq
		_sprintf
		_start
		_writeI2C
 This function is called by:
		_main
 This function uses a non-reentrant model


 *************** function _setPWMFreq *****************
 Defined at:
		line 352 in file "Main_Robot_I2C_Serial_LCD.c"
 Parameters:    Size  Location     Type
  freq            4   25[BANK0 ] float 
 Auto vars:     Size  Location     Type
  prescaleval     4   32[BANK0 ] float 
  newmode         1   31[BANK0 ] unsigned char 
  prescale        1   30[BANK0 ] unsigned char 
 Return value:  Size  Location     Type
                  1    wreg      void 
 Registers used:
		wreg, fsr2l, fsr2h, status,2, status,0, cstack
 Tracked objects:
		On entry : 
		On exit  : 
		Unchanged: 
 Data sizes:     COMRAM   BANK0   BANK1   BANK2   BANK3   BANK4   BANK5   BANK6   BANK7
      Params:         0       4       0       0       0       0       0       0       0
      Locals:         0       6       0       0       0       0       0       0       0
      Temps:          0       1       0       0       0       0       0       0       0
      Totals:         0      11       0       0       0       0       0       0       0
Total ram usage:       11 bytes
 Hardware stack levels used:    1
 Hardware stack levels required when called:    9
 This function calls:
		___fladd
		___fldiv
		___flge
		___flsub
		___fltol
		_readI2C
		_writeI2C
 This function is called by:
		_settings
 This function uses a non-reentrant model


 *************** function _readI2C *****************
 Defined at:
		line 310 in file "Main_Robot_I2C_Serial_LCD.c"
 Parameters:    Size  Location     Type
  Address         1    wreg     unsigned char 
  Register        1    3[BANK0 ] unsigned char 
  Data            2    4[BANK0 ] PTR unsigned char 
		 -> data1(1), 
  bytes           2    6[BANK0 ] int 
 Auto vars:     Size  Location     Type
  Address         1   10[BANK0 ] unsigned char 
 Return value:  Size  Location     Type
                  1    wreg      void 
 Registers used:
		wreg, fsr2l, fsr2h, status,2, status,0, cstack
 Tracked objects:
		On entry : 
		On exit  : 
		Unchanged: 
 Data sizes:     COMRAM   BANK0   BANK1   BANK2   BANK3   BANK4   BANK5   BANK6   BANK7
      Params:         0       5       0       0       0       0       0       0       0
      Locals:         0       1       0       0       0       0       0       0       0
      Temps:          0       2       0       0       0       0       0       0       0
      Totals:         0       8       0       0       0       0       0       0       0
Total ram usage:        8 bytes
 Hardware stack levels used:    1
 Hardware stack levels required when called:    8
 This function calls:
		_receiveI2C
		_repeatedStart
		_sendI2C
		_startI2C
		_stopI2C
 This function is called by:
		_setPWMFreq
 This function uses a non-reentrant model


 *************** function _repeatedStart *****************
 Defined at:
		line 334 in file "Main_Robot_I2C_Serial_LCD.c"
 Parameters:    Size  Location     Type
		None
 Auto vars:     Size  Location     Type
		None
 Return value:  Size  Location     Type
                  1    wreg      void 
 Registers used:
		wreg, status,2, status,0, cstack
 Tracked objects:
		On entry : 
		On exit  : 
		Unchanged: 
 Data sizes:     COMRAM   BANK0   BANK1   BANK2   BANK3   BANK4   BANK5   BANK6   BANK7
      Params:         0       0       0       0       0       0       0       0       0
      Locals:         0       0       0       0       0       0       0       0       0
      Temps:          0       0       0       0       0       0       0       0       0
      Totals:         0       0       0       0       0       0       0       0       0
Total ram usage:        0 bytes
 Hardware stack levels used:    1
 Hardware stack levels required when called:    7
 This function calls:
		_readyI2C
 This function is called by:
		_readI2C
 This function uses a non-reentrant model


 *************** function _receiveI2C *****************
 Defined at:
		line 339 in file "Main_Robot_I2C_Serial_LCD.c"
 Parameters:    Size  Location     Type
  flag            1    wreg     unsigned char 
 Auto vars:     Size  Location     Type
  flag            1    1[BANK0 ] unsigned char 
  buffer          1    2[BANK0 ] unsigned char 
 Return value:  Size  Location     Type
                  1    wreg      unsigned char 
 Registers used:
		wreg, status,2, status,0, cstack
 Tracked objects:
		On entry : 
		On exit  : 
		Unchanged: 
 Data sizes:     COMRAM   BANK0   BANK1   BANK2   BANK3   BANK4   BANK5   BANK6   BANK7
      Params:         0       0       0       0       0       0       0       0       0
      Locals:         0       2       0       0       0       0       0       0       0
      Temps:          0       0       0       0       0       0       0       0       0
      Totals:         0       2       0       0       0       0       0       0       0
Total ram usage:        2 bytes
 Hardware stack levels used:    1
 Hardware stack levels required when called:    7
 This function calls:
		_readyI2C
 This function is called by:
		_readI2C
 This function uses a non-reentrant model


 *************** function ___fltol *****************
 Defined at:
		line 43 in file "C:\Program Files\Microchip\xc8\v2.31\pic\sources\c90\common\fltol.c"
 Parameters:    Size  Location     Type
  f1              4    0[BANK0 ] unsigned char 
 Auto vars:     Size  Location     Type
  exp1            1    9[BANK0 ] unsigned char 
  sign1           1    8[BANK0 ] unsigned char 
 Return value:  Size  Location     Type
                  4    0[BANK0 ] long 
 Registers used:
		wreg, status,2, status,0
 Tracked objects:
		On entry : 
		On exit  : 
		Unchanged: 
 Data sizes:     COMRAM   BANK0   BANK1   BANK2   BANK3   BANK4   BANK5   BANK6   BANK7
      Params:         0       4       0       0       0       0       0       0       0
      Locals:         0       2       0       0       0       0       0       0       0
      Temps:          0       4       0       0       0       0       0       0       0
      Totals:         0      10       0       0       0       0       0       0       0
Total ram usage:       10 bytes
 Hardware stack levels used:    1
 Hardware stack levels required when called:    6
 This function calls:
		Nothing
 This function is called by:
		_setPWMFreq
 This function uses a non-reentrant model


 *************** function ___flsub *****************
 Defined at:
		line 245 in file "C:\Program Files\Microchip\xc8\v2.31\pic\sources\c90\common\sprcadd.c"
 Parameters:    Size  Location     Type
  b               4   16[BANK0 ] long 
  a               4   20[BANK0 ] long 
 Auto vars:     Size  Location     Type
		None
 Return value:  Size  Location     Type
                  4   16[BANK0 ] long 
 Registers used:
		wreg, status,2, status,0, cstack
 Tracked objects:
		On entry : 
		On exit  : 
		Unchanged: 
 Data sizes:     COMRAM   BANK0   BANK1   BANK2   BANK3   BANK4   BANK5   BANK6   BANK7
      Params:         0       8       0       0       0       0       0       0       0
      Locals:         0       0       0       0       0       0       0       0       0
      Temps:          0       0       0       0       0       0       0       0       0
      Totals:         0       8       0       0       0       0       0       0       0
Total ram usage:        8 bytes
 Hardware stack levels used:    1
 Hardware stack levels required when called:    7
 This function calls:
		___fladd
 This function is called by:
		_setPWMFreq
 This function uses a non-reentrant model


 *************** function ___fladd *****************
 Defined at:
		line 10 in file "C:\Program Files\Microchip\xc8\v2.31\pic\sources\c90\common\sprcadd.c"
 Parameters:    Size  Location     Type
  b               4    0[BANK0 ] long 
  a               4    4[BANK0 ] long 
 Auto vars:     Size  Location     Type
  grs             1   15[BANK0 ] unsigned char 
  bexp            1   14[BANK0 ] unsigned char 
  aexp            1   13[BANK0 ] unsigned char 
  signs           1   12[BANK0 ] unsigned char 
 Return value:  Size  Location     Type
                  4    0[BANK0 ] unsigned char 
 Registers used:
		wreg, status,2, status,0
 Tracked objects:
		On entry : 
		On exit  : 
		Unchanged: 
 Data sizes:     COMRAM   BANK0   BANK1   BANK2   BANK3   BANK4   BANK5   BANK6   BANK7
      Params:         0       8       0       0       0       0       0       0       0
      Locals:         0       4       0       0       0       0       0       0       0
      Temps:          0       4       0       0       0       0       0       0       0
      Totals:         0      16       0       0       0       0       0       0       0
Total ram usage:       16 bytes
 Hardware stack levels used:    1
 Hardware stack levels required when called:    6
 This function calls:
		Nothing
 This function is called by:
		_setPWMFreq
		___flsub
 This function uses a non-reentrant model


 *************** function ___flge *****************
 Defined at:
		line 4 in file "C:\Program Files\Microchip\xc8\v2.31\pic\sources\c90\common\flge.c"
 Parameters:    Size  Location     Type
  ff1             4    0[BANK0 ] unsigned char 
  ff2             4    4[BANK0 ] unsigned char 
 Auto vars:     Size  Location     Type
		None
 Return value:  Size  Location     Type
		None               void
 Registers used:
		wreg, status,2, status,0
 Tracked objects:
		On entry : 
		On exit  : 
		Unchanged: 
 Data sizes:     COMRAM   BANK0   BANK1   BANK2   BANK3   BANK4   BANK5   BANK6   BANK7
      Params:         0       8       0       0       0       0       0       0       0
      Locals:         0       0       0       0       0       0       0       0       0
      Temps:          0       4       0       0       0       0       0       0       0
      Totals:         0      12       0       0       0       0       0       0       0
Total ram usage:       12 bytes
 Hardware stack levels used:    1
 Hardware stack levels required when called:    6
 This function calls:
		Nothing
 This function is called by:
		_setPWMFreq
 This function uses a non-reentrant model


 *************** function ___fldiv *****************
 Defined at:
		line 11 in file "C:\Program Files\Microchip\xc8\v2.31\pic\sources\c90\common\sprcdiv.c"
 Parameters:    Size  Location     Type
  b               4    0[BANK0 ] unsigned char 
  a               4    4[BANK0 ] unsigned char 
 Auto vars:     Size  Location     Type
  grs             4   19[BANK0 ] unsigned long 
  rem             4   12[BANK0 ] unsigned long 
  new_exp         2   17[BANK0 ] int 
  aexp            1   24[BANK0 ] unsigned char 
  bexp            1   23[BANK0 ] unsigned char 
  sign            1   16[BANK0 ] unsigned char 
 Return value:  Size  Location     Type
                  4    0[BANK0 ] unsigned char 
 Registers used:
		wreg, status,2, status,0
 Tracked objects:
		On entry : 
		On exit  : 
		Unchanged: 
 Data sizes:     COMRAM   BANK0   BANK1   BANK2   BANK3   BANK4   BANK5   BANK6   BANK7
      Params:         0       8       0       0       0       0       0       0       0
      Locals:         0      13       0       0       0       0       0       0       0
      Temps:          0       4       0       0       0       0       0       0       0
      Totals:         0      25       0       0       0       0       0       0       0
Total ram usage:       25 bytes
 Hardware stack levels used:    1
 Hardware stack levels required when called:    6
 This function calls:
		Nothing
 This function is called by:
		_setPWMFreq
 This function uses a non-reentrant model


 *************** function _mover_servo *****************
 Defined at:
		line 385 in file "Main_Robot_I2C_Serial_LCD.c"
 Parameters:    Size  Location     Type
  servo           2   26[BANK0 ] int 
  angulo          2   28[BANK0 ] int 
 Auto vars:     Size  Location     Type
		None
 Return value:  Size  Location     Type
                  1    wreg      void 
 Registers used:
		wreg, fsr2l, fsr2h, status,2, status,0, tblptrl, tblptrh, tblptru, prodl, prodh, cstack
 Tracked objects:
		On entry : 
		On exit  : 
		Unchanged: 
 Data sizes:     COMRAM   BANK0   BANK1   BANK2   BANK3   BANK4   BANK5   BANK6   BANK7
      Params:         0       4       0       0       0       0       0       0       0
      Locals:         0       0       0       0       0       0       0       0       0
      Temps:          0       2       0       0       0       0       0       0       0
      Totals:         0       6       0       0       0       0       0       0       0
Total ram usage:        6 bytes
 Hardware stack levels used:    1
 Hardware stack levels required when called:    9
 This function calls:
		_map
		_sprintf
		_start
		_writeI2C
 This function is called by:
		_settings
 This function uses a non-reentrant model


 *************** function _writeI2C *****************
 Defined at:
		line 278 in file "Main_Robot_I2C_Serial_LCD.c"
 Parameters:    Size  Location     Type
  Address         1    wreg     unsigned char 
  Register        1    2[BANK0 ] unsigned char 
  Data            2    3[BANK0 ] PTR unsigned char 
		 -> data2(4), d1(1), setPWMFreq@newmode(1), data1(1), 
		 -> setPWMFreq@prescale(1), RAM(2047), 
  bytes           2    5[BANK0 ] int 
 Auto vars:     Size  Location     Type
  Address         1    9[BANK0 ] unsigned char 
 Return value:  Size  Location     Type
                  1    wreg      void 
 Registers used:
		wreg, fsr2l, fsr2h, status,2, status,0, cstack
 Tracked objects:
		On entry : 
		On exit  : 
		Unchanged: 
 Data sizes:     COMRAM   BANK0   BANK1   BANK2   BANK3   BANK4   BANK5   BANK6   BANK7
      Params:         0       5       0       0       0       0       0       0       0
      Locals:         0       1       0       0       0       0       0       0       0
      Temps:          0       2       0       0       0       0       0       0       0
      Totals:         0       8       0       0       0       0       0       0       0
Total ram usage:        8 bytes
 Hardware stack levels used:    1
 Hardware stack levels required when called:    8
 This function calls:
		_sendI2C
		_startI2C
		_stopI2C
 This function is called by:
		_settings
		_setPWMFreq
		_mover_servo
 This function uses a non-reentrant model


 *************** function _stopI2C *****************
 Defined at:
		line 304 in file "Main_Robot_I2C_Serial_LCD.c"
 Parameters:    Size  Location     Type
		None
 Auto vars:     Size  Location     Type
		None
 Return value:  Size  Location     Type
                  1    wreg      void 
 Registers used:
		wreg, status,2, status,0, cstack
 Tracked objects:
		On entry : 
		On exit  : 
		Unchanged: 
 Data sizes:     COMRAM   BANK0   BANK1   BANK2   BANK3   BANK4   BANK5   BANK6   BANK7
      Params:         0       0       0       0       0       0       0       0       0
      Locals:         0       0       0       0       0       0       0       0       0
      Temps:          0       0       0       0       0       0       0       0       0
      Totals:         0       0       0       0       0       0       0       0       0
Total ram usage:        0 bytes
 Hardware stack levels used:    1
 Hardware stack levels required when called:    7
 This function calls:
		_readyI2C
 This function is called by:
		_writeI2C
		_readI2C
 This function uses a non-reentrant model


 *************** function _startI2C *****************
 Defined at:
		line 290 in file "Main_Robot_I2C_Serial_LCD.c"
 Parameters:    Size  Location     Type
		None
 Auto vars:     Size  Location     Type
		None
 Return value:  Size  Location     Type
                  1    wreg      void 
 Registers used:
		wreg, status,2, status,0, cstack
 Tracked objects:
		On entry : 
		On exit  : 
		Unchanged: 
 Data sizes:     COMRAM   BANK0   BANK1   BANK2   BANK3   BANK4   BANK5   BANK6   BANK7
      Params:         0       0       0       0       0       0       0       0       0
      Locals:         0       0       0       0       0       0       0       0       0
      Temps:          0       0       0       0       0       0       0       0       0
      Totals:         0       0       0       0       0       0       0       0       0
Total ram usage:        0 bytes
 Hardware stack levels used:    1
 Hardware stack levels required when called:    7
 This function calls:
		_readyI2C
 This function is called by:
		_writeI2C
		_readI2C
 This function uses a non-reentrant model


 *************** function _sendI2C *****************
 Defined at:
		line 299 in file "Main_Robot_I2C_Serial_LCD.c"
 Parameters:    Size  Location     Type
  data            1    wreg     unsigned char 
 Auto vars:     Size  Location     Type
  data            1    1[BANK0 ] unsigned char 
 Return value:  Size  Location     Type
                  1    wreg      void 
 Registers used:
		wreg, status,2, status,0, cstack
 Tracked objects:
		On entry : 
		On exit  : 
		Unchanged: 
 Data sizes:     COMRAM   BANK0   BANK1   BANK2   BANK3   BANK4   BANK5   BANK6   BANK7
      Params:         0       0       0       0       0       0       0       0       0
      Locals:         0       1       0       0       0       0       0       0       0
      Temps:          0       0       0       0       0       0       0       0       0
      Totals:         0       1       0       0       0       0       0       0       0
Total ram usage:        1 bytes
 Hardware stack levels used:    1
 Hardware stack levels required when called:    7
 This function calls:
		_readyI2C
 This function is called by:
		_writeI2C
		_readI2C
 This function uses a non-reentrant model


 *************** function _readyI2C *****************
 Defined at:
		line 295 in file "Main_Robot_I2C_Serial_LCD.c"
 Parameters:    Size  Location     Type
		None
 Auto vars:     Size  Location     Type
		None
 Return value:  Size  Location     Type
                  1    wreg      void 
 Registers used:
		wreg, status,2, status,0
 Tracked objects:
		On entry : 
		On exit  : 
		Unchanged: 
 Data sizes:     COMRAM   BANK0   BANK1   BANK2   BANK3   BANK4   BANK5   BANK6   BANK7
      Params:         0       0       0       0       0       0       0       0       0
      Locals:         0       0       0       0       0       0       0       0       0
      Temps:          0       1       0       0       0       0       0       0       0
      Totals:         0       1       0       0       0       0       0       0       0
Total ram usage:        1 bytes
 Hardware stack levels used:    1
 Hardware stack levels required when called:    6
 This function calls:
		Nothing
 This function is called by:
		_startI2C
		_sendI2C
		_stopI2C
		_repeatedStart
		_receiveI2C
 This function uses a non-reentrant model


 *************** function _start *****************
 Defined at:
		line 266 in file "Main_Robot_I2C_Serial_LCD.c"
 Parameters:    Size  Location     Type
		None
 Auto vars:     Size  Location     Type
		None
 Return value:  Size  Location     Type
                  1    wreg      void 
 Registers used:
		wreg, fsr2l, fsr2h, status,2, status,0, cstack
 Tracked objects:
		On entry : 
		On exit  : 
		Unchanged: 
 Data sizes:     COMRAM   BANK0   BANK1   BANK2   BANK3   BANK4   BANK5   BANK6   BANK7
      Params:         0       0       0       0       0       0       0       0       0
      Locals:         0       0       0       0       0       0       0       0       0
      Temps:          0       0       0       0       0       0       0       0       0
      Totals:         0       0       0       0       0       0       0       0       0
Total ram usage:        0 bytes
 Hardware stack levels used:    1
 Hardware stack levels required when called:    7
 This function calls:
		_strlen
 This function is called by:
		_settings
		_mover_servo
 This function uses a non-reentrant model


 *************** function _sprintf *****************
 Defined at:
		line 505 in file "C:\Program Files\Microchip\xc8\v2.31\pic\sources\c90\common\doprnt.c"
 Parameters:    Size  Location     Type
  sp              2   12[BANK0 ] PTR unsigned char 
		 -> texto_LCD(16), text(40), 
  f               2   14[BANK0 ] PTR const unsigned char 
		 -> STR_8(14), STR_7(13), STR_6(9), STR_5(30), 
		 -> STR_4(17), STR_3(14), STR_2(9), STR_1(9), 
 Auto vars:     Size  Location     Type
  tmpval          4    0        struct .
  cp              3    0        PTR const unsigned char 
  val             2   23[BANK0 ] unsigned int 
  ap              2   21[BANK0 ] PTR void [1]
		 -> ?_sprintf(2), 
  len             2    0        unsigned int 
  c               1   25[BANK0 ] unsigned char 
  prec            1   20[BANK0 ] char 
  flag            1   19[BANK0 ] unsigned char 
 Return value:  Size  Location     Type
                  2   12[BANK0 ] int 
 Registers used:
		wreg, fsr2l, fsr2h, status,2, status,0, tblptrl, tblptrh, tblptru, prodl, prodh, cstack
 Tracked objects:
		On entry : 
		On exit  : 
		Unchanged: 
 Data sizes:     COMRAM   BANK0   BANK1   BANK2   BANK3   BANK4   BANK5   BANK6   BANK7
      Params:         0       6       0       0       0       0       0       0       0
      Locals:         0       7       0       0       0       0       0       0       0
      Temps:          0       1       0       0       0       0       0       0       0
      Totals:         0      14       0       0       0       0       0       0       0
Total ram usage:       14 bytes
 Hardware stack levels used:    1
 Hardware stack levels required when called:    7
 This function calls:
		___lwdiv
		___lwmod
 This function is called by:
		_settings
		_mover_servo
 This function uses a non-reentrant model


 *************** function ___lwmod *****************
 Defined at:
		line 7 in file "C:\Program Files\Microchip\xc8\v2.31\pic\sources\c90\common\lwmod.c"
 Parameters:    Size  Location     Type
  dividend        2    7[BANK0 ] unsigned int 
  divisor         2    9[BANK0 ] unsigned int 
 Auto vars:     Size  Location     Type
  counter         1   11[BANK0 ] unsigned char 
 Return value:  Size  Location     Type
                  2    7[BANK0 ] unsigned int 
 Registers used:
		wreg, status,2, status,0
 Tracked objects:
		On entry : 
		On exit  : 
		Unchanged: 
 Data sizes:     COMRAM   BANK0   BANK1   BANK2   BANK3   BANK4   BANK5   BANK6   BANK7
      Params:         0       4       0       0       0       0       0       0       0
      Locals:         0       1       0       0       0       0       0       0       0
      Temps:          0       0       0       0       0       0       0       0       0
      Totals:         0       5       0       0       0       0       0       0       0
Total ram usage:        5 bytes
 Hardware stack levels used:    1
 Hardware stack levels required when called:    6
 This function calls:
		Nothing
 This function is called by:
		_sprintf
 This function uses a non-reentrant model


 *************** function ___lwdiv *****************
 Defined at:
		line 7 in file "C:\Program Files\Microchip\xc8\v2.31\pic\sources\c90\common\lwdiv.c"
 Parameters:    Size  Location     Type
  dividend        2    0[BANK0 ] unsigned int 
  divisor         2    2[BANK0 ] unsigned int 
 Auto vars:     Size  Location     Type
  quotient        2    5[BANK0 ] unsigned int 
  counter         1    4[BANK0 ] unsigned char 
 Return value:  Size  Location     Type
                  2    0[BANK0 ] unsigned int 
 Registers used:
		wreg, status,2, status,0
 Tracked objects:
		On entry : 
		On exit  : 
		Unchanged: 
 Data sizes:     COMRAM   BANK0   BANK1   BANK2   BANK3   BANK4   BANK5   BANK6   BANK7
      Params:         0       4       0       0       0       0       0       0       0
      Locals:         0       3       0       0       0       0       0       0       0
      Temps:          0       0       0       0       0       0       0       0       0
      Totals:         0       7       0       0       0       0       0       0       0
Total ram usage:        7 bytes
 Hardware stack levels used:    1
 Hardware stack levels required when called:    6
 This function calls:
		Nothing
 This function is called by:
		_sprintf
 This function uses a non-reentrant model


 *************** function _map *****************
 Defined at:
		line 381 in file "Main_Robot_I2C_Serial_LCD.c"
 Parameters:    Size  Location     Type
  x               2   14[BANK0 ] int 
  In_Min          2   16[BANK0 ] int 
  In_Max          2   18[BANK0 ] int 
  Out_Min         2   20[BANK0 ] int 
  Out_Max         2   22[BANK0 ] int 
 Auto vars:     Size  Location     Type
		None
 Return value:  Size  Location     Type
                  2   14[BANK0 ] int 
 Registers used:
		wreg, status,2, status,0, prodl, prodh, cstack
 Tracked objects:
		On entry : 
		On exit  : 
		Unchanged: 
 Data sizes:     COMRAM   BANK0   BANK1   BANK2   BANK3   BANK4   BANK5   BANK6   BANK7
      Params:         0      10       0       0       0       0       0       0       0
      Locals:         0       0       0       0       0       0       0       0       0
      Temps:          0       0       0       0       0       0       0       0       0
      Totals:         0      10       0       0       0       0       0       0       0
Total ram usage:       10 bytes
 Hardware stack levels used:    1
 Hardware stack levels required when called:    7
 This function calls:
		___awdiv
		___wmul
 This function is called by:
		_mover_servo
 This function uses a non-reentrant model


 *************** function ___wmul *****************
 Defined at:
		line 15 in file "C:\Program Files\Microchip\xc8\v2.31\pic\sources\c90\common\Umul16.c"
 Parameters:    Size  Location     Type
  multiplier      2    8[BANK0 ] unsigned int 
  multiplicand    2   10[BANK0 ] unsigned int 
 Auto vars:     Size  Location     Type
  product         2   12[BANK0 ] unsigned int 
 Return value:  Size  Location     Type
                  2    8[BANK0 ] unsigned int 
 Registers used:
		wreg, status,2, status,0, prodl, prodh
 Tracked objects:
		On entry : 
		On exit  : 
		Unchanged: 
 Data sizes:     COMRAM   BANK0   BANK1   BANK2   BANK3   BANK4   BANK5   BANK6   BANK7
      Params:         0       4       0       0       0       0       0       0       0
      Locals:         0       2       0       0       0       0       0       0       0
      Temps:          0       0       0       0       0       0       0       0       0
      Totals:         0       6       0       0       0       0       0       0       0
Total ram usage:        6 bytes
 Hardware stack levels used:    1
 Hardware stack levels required when called:    6
 This function calls:
		Nothing
 This function is called by:
		_map
 This function uses a non-reentrant model


 *************** function ___awdiv *****************
 Defined at:
		line 7 in file "C:\Program Files\Microchip\xc8\v2.31\pic\sources\c90\common\awdiv.c"
 Parameters:    Size  Location     Type
  dividend        2    0[BANK0 ] int 
  divisor         2    2[BANK0 ] int 
 Auto vars:     Size  Location     Type
  quotient        2    6[BANK0 ] int 
  sign            1    5[BANK0 ] unsigned char 
  counter         1    4[BANK0 ] unsigned char 
 Return value:  Size  Location     Type
                  2    0[BANK0 ] int 
 Registers used:
		wreg, status,2, status,0
 Tracked objects:
		On entry : 
		On exit  : 
		Unchanged: 
 Data sizes:     COMRAM   BANK0   BANK1   BANK2   BANK3   BANK4   BANK5   BANK6   BANK7
      Params:         0       4       0       0       0       0       0       0       0
      Locals:         0       4       0       0       0       0       0       0       0
      Temps:          0       0       0       0       0       0       0       0       0
      Totals:         0       8       0       0       0       0       0       0       0
Total ram usage:        8 bytes
 Hardware stack levels used:    1
 Hardware stack levels required when called:    6
 This function calls:
		Nothing
 This function is called by:
		_map
 This function uses a non-reentrant model


 *************** function _PrintDataLCD *****************
 Defined at:
		line 427 in file "Main_Robot_I2C_Serial_LCD.c"
 Parameters:    Size  Location     Type
		None
 Auto vars:     Size  Location     Type
		None
 Return value:  Size  Location     Type
                  1    wreg      void 
 Registers used:
		wreg, fsr2l, fsr2h, status,2, status,0, cstack
 Tracked objects:
		On entry : 
		On exit  : 
		Unchanged: 
 Data sizes:     COMRAM   BANK0   BANK1   BANK2   BANK3   BANK4   BANK5   BANK6   BANK7
      Params:         0       0       0       0       0       0       0       0       0
      Locals:         0       0       0       0       0       0       0       0       0
      Temps:          0       0       0       0       0       0       0       0       0
      Totals:         0       0       0       0       0       0       0       0       0
Total ram usage:        0 bytes
 Hardware stack levels used:    1
 Hardware stack levels required when called:    8
 This function calls:
		_SettingsLCD
		_WriteLCD
		_strlen
 This function is called by:
		_settings
 This function uses a non-reentrant model


 *************** function _strlen *****************
 Defined at:
		line 4 in file "C:\Program Files\Microchip\xc8\v2.31\pic\sources\c90\common\strlen.c"
 Parameters:    Size  Location     Type
  s               2    0[BANK0 ] PTR const unsigned char 
		 -> texto_LCD(16), text(40), 
 Auto vars:     Size  Location     Type
  cp              2    2[BANK0 ] PTR const unsigned char 
		 -> texto_LCD(16), text(40), 
 Return value:  Size  Location     Type
                  2    0[BANK0 ] unsigned int 
 Registers used:
		wreg, fsr2l, fsr2h, status,2, status,0
 Tracked objects:
		On entry : 
		On exit  : 
		Unchanged: 
 Data sizes:     COMRAM   BANK0   BANK1   BANK2   BANK3   BANK4   BANK5   BANK6   BANK7
      Params:         0       2       0       0       0       0       0       0       0
      Locals:         0       2       0       0       0       0       0       0       0
      Temps:          0       0       0       0       0       0       0       0       0
      Totals:         0       4       0       0       0       0       0       0       0
Total ram usage:        4 bytes
 Hardware stack levels used:    1
 Hardware stack levels required when called:    6
 This function calls:
		Nothing
 This function is called by:
		_start
		_PrintDataLCD
 This function uses a non-reentrant model


 *************** function _WriteLCD *****************
 Defined at:
		line 406 in file "Main_Robot_I2C_Serial_LCD.c"
 Parameters:    Size  Location     Type
  word            1    wreg     unsigned char 
 Auto vars:     Size  Location     Type
  word            1    2[BANK0 ] unsigned char 
 Return value:  Size  Location     Type
                  1    wreg      void 
 Registers used:
		wreg, status,2, status,0, cstack
 Tracked objects:
		On entry : 
		On exit  : 
		Unchanged: 
 Data sizes:     COMRAM   BANK0   BANK1   BANK2   BANK3   BANK4   BANK5   BANK6   BANK7
      Params:         0       0       0       0       0       0       0       0       0
      Locals:         0       1       0       0       0       0       0       0       0
      Temps:          0       0       0       0       0       0       0       0       0
      Totals:         0       1       0       0       0       0       0       0       0
Total ram usage:        1 bytes
 Hardware stack levels used:    1
 Hardware stack levels required when called:    7
 This function calls:
		_LCD
 This function is called by:
		_PrintDataLCD
 This function uses a non-reentrant model


[...]
Total ram usage:        0 bytes
 Hardware stack levels used:    1
 Hardware stack levels required when called:    1
 This function calls:
		i2_readyI2C
 This function is called by:
		i2_writeI2C
 This function uses a non-reentrant model


 *************** function i2_sendI2C *****************
 Defined at:
		line 299 in file "Main_Robot_I2C_Serial_LCD.c"
 Parameters:    Size  Location     Type
  data            1    wreg     unsigned char 
 Auto vars:     Size  Location     Type
  data            1    1[COMRAM] unsigned char 
 Return value:  Size  Location     Type
                  1    wreg      void 
 Registers used:
		wreg, status,2, status,0, cstack
 Tracked objects:
		On entry : 
		On exit  : 
		Unchanged: 
 Data sizes:     COMRAM   BANK0   BANK1   BANK2   BANK3   BANK4   BANK5   BANK6   BANK7
      Params:         0       0       0       0       0       0       0       0       0
      Locals:         1       0       0       0       0       0       0       0       0
      Temps:          0       0       0       0       0       0       0       0       0
      Totals:         1       0       0       0       0       0       0       0       0
Total ram usage:        1 bytes
 Hardware stack levels used:    1
 Hardware stack levels required when called:    1
 This function calls:
		i2_readyI2C
 This function is called by:
		i2_writeI2C
 This function uses a non-reentrant model


 *************** function i2_readyI2C *****************
 Defined at:
		line 295 in file "Main_Robot_I2C_Serial_LCD.c"
 Parameters:    Size  Location     Type
		None
 Auto vars:     Size  Location     Type
		None
 Return value:  Size  Location     Type
                  1    wreg      void 
 Registers used:
		wreg, status,2, status,0
 Tracked objects:
		On entry : 
		On exit  : 
		Unchanged: 
 Data sizes:     COMRAM   BANK0   BANK1   BANK2   BANK3   BANK4   BANK5   BANK6   BANK7
      Params:         0       0       0       0       0       0       0       0       0
      Locals:         0       0       0       0       0       0       0       0       0
      Temps:          1       0       0       0       0       0       0       0       0
      Totals:         1       0       0       0       0       0       0       0       0
Total ram usage:        1 bytes
 Hardware stack levels used:    1
 This function calls:
		Nothing
 This function is called by:
		i2_startI2C
		i2_sendI2C
		i2_stopI2C
 This function uses a non-reentrant model


 *************** function i2_start *****************
 Defined at:
		line 266 in file "Main_Robot_I2C_Serial_LCD.c"
 Parameters:    Size  Location     Type
		None
 Auto vars:     Size  Location     Type
		None
 Return value:  Size  Location     Type
                  1    wreg      void 
 Registers used:
		wreg, fsr2l, fsr2h, status,2, status,0, cstack
 Tracked objects:
		On entry : 
		On exit  : 
		Unchanged: 
 Data sizes:     COMRAM   BANK0   BANK1   BANK2   BANK3   BANK4   BANK5   BANK6   BANK7
      Params:         0       0       0       0       0       0       0       0       0
      Locals:         0       0       0       0       0       0       0       0       0
      Temps:          0       0       0       0       0       0       0       0       0
      Totals:         0       0       0       0       0       0       0       0       0
Total ram usage:        0 bytes
 Hardware stack levels used:    1
 Hardware stack levels required when called:    1
 This function calls:
		i2_strlen
 This function is called by:
		_algoritm
		_receive
		i2_mover_servo
 This function uses a non-reentrant model


 *************** function i2_strlen *****************
 Defined at:
		line 4 in file "C:\Program Files\Microchip\xc8\v2.31\pic\sources\c90\common\strlen.c"
 Parameters:    Size  Location     Type
  s               2    0[COMRAM] PTR const unsigned char 
		 -> texto_LCD(16), text(40), 
 Auto vars:     Size  Location     Type
  cp              2    2[COMRAM] PTR const unsigned char 
		 -> texto_LCD(16), text(40), 
 Return value:  Size  Location     Type
                  2    0[COMRAM] unsigned int 
 Registers used:
		wreg, fsr2l, fsr2h, status,2, status,0
 Tracked objects:
		On entry : 
		On exit  : 
		Unchanged: 
 Data sizes:     COMRAM   BANK0   BANK1   BANK2   BANK3   BANK4   BANK5   BANK6   BANK7
      Params:         2       0       0       0       0       0       0       0       0
      Locals:         2       0       0       0       0       0       0       0       0
      Temps:          0       0       0       0       0       0       0       0       0
      Totals:         4       0       0       0       0       0       0       0       0
Total ram usage:        4 bytes
 Hardware stack levels used:    1
 This function calls:
		Nothing
 This function is called by:
		i2_start
		i2_PrintDataLCD
 This function uses a non-reentrant model


 *************** function i2_sprintf *****************
 Defined at:
		line 505 in file "C:\Program Files\Microchip\xc8\v2.31\pic\sources\c90\common\doprnt.c"
 Parameters:    Size  Location     Type
  sp              2   12[COMRAM] PTR unsigned char 
		 -> texto_LCD(16), text(40), 
  f               2   14[COMRAM] PTR const unsigned char 
		 -> STR_8(14), STR_7(13), STR_6(9), STR_5(30), 
		 -> STR_4(17), STR_3(14), STR_2(9), STR_1(9), 
 Auto vars:     Size  Location     Type
  tmpval          4    0        struct .
  cp              3    0        PTR const unsigned char 
  val             2   23[COMRAM] unsigned int 
  ap              2   21[COMRAM] PTR void [1]
		 -> ?i2_sprintf(2), ?_sprintf(2), 
  len             2    0        unsigned int 
  c               1   25[COMRAM] unsigned char 
  prec            1   20[COMRAM] char 
  flag            1   19[COMRAM] unsigned char 
 Return value:  Size  Location     Type
                  2   12[COMRAM] int 
 Registers used:
		wreg, fsr2l, fsr2h, status,2, status,0, tblptrl, tblptrh, tblptru, prodl, prodh, cstack
 Tracked objects:
		On entry : 
		On exit  : 
		Unchanged: 
 Data sizes:     COMRAM   BANK0   BANK1   BANK2   BANK3   BANK4   BANK5   BANK6   BANK7
      Params:         6       0       0       0       0       0       0       0       0
      Locals:         7       0       0       0       0       0       0       0       0
      Temps:          1       0       0       0       0       0       0       0       0
      Totals:        14       0       0       0       0       0       0       0       0
Total ram usage:       14 bytes
 Hardware stack levels used:    1
 Hardware stack levels required when called:    1
 This function calls:
		i2___lwdiv
		i2___lwmod
 This function is called by:
		_algoritm
		_receive
		i2_mover_servo
 This function uses a non-reentrant model


 *************** function i2___lwmod *****************
 Defined at:
		line 7 in file "C:\Program Files\Microchip\xc8\v2.31\pic\sources\c90\common\lwmod.c"
 Parameters:    Size  Location     Type
  dividend        2    7[COMRAM] unsigned int 
  divisor         2    9[COMRAM] unsigned int 
 Auto vars:     Size  Location     Type
  counter         1   11[COMRAM] unsigned char 
 Return value:  Size  Location     Type
                  2    7[COMRAM] unsigned int 
 Registers used:
		wreg, status,2, status,0
 Tracked objects:
		On entry : 
		On exit  : 
		Unchanged: 
 Data sizes:     COMRAM   BANK0   BANK1   BANK2   BANK3   BANK4   BANK5   BANK6   BANK7
      Params:         4       0       0       0       0       0       0       0       0
      Locals:         1       0       0       0       0       0       0       0       0
      Temps:          0       0       0       0       0       0       0       0       0
      Totals:         5       0       0       0       0       0       0       0       0
Total ram usage:        5 bytes
 Hardware stack levels used:    1
 This function calls:
		Nothing
 This function is called by:
		i2_sprintf
 This function uses a non-reentrant model


 *************** function i2___lwdiv *****************
 Defined at:
		line 7 in file "C:\Program Files\Microchip\xc8\v2.31\pic\sources\c90\common\lwdiv.c"
 Parameters:    Size  Location     Type
  dividend        2    0[COMRAM] unsigned int 
  divisor         2    2[COMRAM] unsigned int 
 Auto vars:     Size  Location     Type
  quotient        2    4[COMRAM] unsigned int 
  counter         1    6[COMRAM] unsigned char 
 Return value:  Size  Location     Type
                  2    0[COMRAM] unsigned int 
 Registers used:
		wreg, status,2, status,0
 Tracked objects:
		On entry : 
		On exit  : 
		Unchanged: 
 Data sizes:     COMRAM   BANK0   BANK1   BANK2   BANK3   BANK4   BANK5   BANK6   BANK7
      Params:         4       0       0       0       0       0       0       0       0
      Locals:         3       0       0       0       0       0       0       0       0
      Temps:          0       0       0       0       0       0       0       0       0
      Totals:         7       0       0       0       0       0       0       0       0
Total ram usage:        7 bytes
 Hardware stack levels used:    1
 This function calls:
		Nothing
 This function is called by:
		i2_sprintf
 This function uses a non-reentrant model


 *************** function i2_map *****************
 Defined at:
		line 381 in file "Main_Robot_I2C_Serial_LCD.c"
 Parameters:    Size  Location     Type
  x               2   14[COMRAM] int 
  In_Min          2   16[COMRAM] int 
  In_Max          2   18[COMRAM] int 
  Out_Min         2   20[COMRAM] int 
  Out_Max         2   22[COMRAM] int 
 Auto vars:     Size  Location     Type
		None
 Return value:  Size  Location     Type
                  2   14[COMRAM] int 
 Registers used:
		wreg, status,2, status,0, prodl, prodh, cstack
 Tracked objects:
		On entry : 
		On exit  : 
		Unchanged: 
 Data sizes:     COMRAM   BANK0   BANK1   BANK2   BANK3   BANK4   BANK5   BANK6   BANK7
      Params:        10       0       0       0       0       0       0       0       0
      Locals:         0       0       0       0       0       0       0       0       0
      Temps:          0       0       0       0       0       0       0       0       0
      Totals:        10       0       0       0       0       0       0       0       0
Total ram usage:       10 bytes
 Hardware stack levels used:    1
 Hardware stack levels required when called:    1
 This function calls:
		i2___awdiv
		i2___wmul
 This function is called by:
		i2_mover_servo
 This function uses a non-reentrant model


 *************** function i2___awdiv *****************
 Defined at:
		line 7 in file "C:\Program Files\Microchip\xc8\v2.31\pic\sources\c90\common\awdiv.c"
 Parameters:    Size  Location     Type
  dividend        2    0[COMRAM] int 
  divisor         2    2[COMRAM] int 
 Auto vars:     Size  Location     Type
  quotient        2    6[COMRAM] int 
  sign            1    5[COMRAM] unsigned char 
  counter         1    4[COMRAM] unsigned char 
 Return value:  Size  Location     Type
                  2    0[COMRAM] int 
 Registers used:
		wreg, status,2, status,0
 Tracked objects:
		On entry : 
		On exit  : 
		Unchanged: 
 Data sizes:     COMRAM   BANK0   BANK1   BANK2   BANK3   BANK4   BANK5   BANK6   BANK7
      Params:         4       0       0       0       0       0       0       0       0
      Locals:         4       0       0       0       0       0       0       0       0
      Temps:          0       0       0       0       0       0       0       0       0
      Totals:         8       0       0       0       0       0       0       0       0
Total ram usage:        8 bytes
 Hardware stack levels used:    1
 This function calls:
		Nothing
 This function is called by:
		i2_map
 This function uses a non-reentrant model


 *************** function _atoi *****************
 Defined at:
		line 5 in file "C:\Program Files\Microchip\xc8\v2.31\pic\sources\c90\common\atoi.c"
 Parameters:    Size  Location     Type
  s               2   14[COMRAM] PTR const unsigned char 
		 -> coordinate_z(3), coordinate_y(3), coordinate_x(3), angle(3), 
 Auto vars:     Size  Location     Type
  a               2   19[COMRAM] int 
  sign            1   18[COMRAM] unsigned char 
 Return value:  Size  Location     Type
                  2   14[COMRAM] int 
 Registers used:
		wreg, fsr2l, fsr2h, status,2, status,0, prodl, prodh, cstack
 Tracked objects:
		On entry : 
		On exit  : 
		Unchanged: 
 Data sizes:     COMRAM   BANK0   BANK1   BANK2   BANK3   BANK4   BANK5   BANK6   BANK7
      Params:         2       0       0       0       0       0       0       0       0
      Locals:         3       0       0       0       0       0       0       0       0
      Temps:          2       0       0       0       0       0       0       0       0
      Totals:         7       0       0       0       0       0       0       0       0
Total ram usage:        7 bytes
 Hardware stack levels used:    1
 Hardware stack levels required when called:    1
 This function calls:
		_isdigit
		i2___wmul
 This function is called by:
		_algoritm
 This function uses a non-reentrant model


 *************** function i2___wmul *****************
 Defined at:
		line 15 in file "C:\Program Files\Microchip\xc8\v2.31\pic\sources\c90\common\Umul16.c"
 Parameters:    Size  Location     Type
  multiplier      2    8[COMRAM] unsigned int 
  multiplicand    2   10[COMRAM] unsigned int 
 Auto vars:     Size  Location     Type
  product         2   12[COMRAM] unsigned int 
 Return value:  Size  Location     Type
                  2    8[COMRAM] unsigned int 
 Registers used:
		wreg, status,2, status,0, prodl, prodh
 Tracked objects:
		On entry : 
		On exit  : 
		Unchanged: 
 Data sizes:     COMRAM   BANK0   BANK1   BANK2   BANK3   BANK4   BANK5   BANK6   BANK7
      Params:         4       0       0       0       0       0       0       0       0
      Locals:         2       0       0       0       0       0       0       0       0
      Temps:          0       0       0       0       0       0       0       0       0
      Totals:         6       0       0       0       0       0       0       0       0
Total ram usage:        6 bytes
 Hardware stack levels used:    1
 This function calls:
		Nothing
 This function is called by:
		_atoi
		i2_map
 This function uses a non-reentrant model


 *************** function _isdigit *****************
 Defined at:
		line 8 in file "C:\Program Files\Microchip\xc8\v2.31\pic\sources\c90\common\isdigit.c"
 Parameters:    Size  Location     Type
  c               1    wreg     unsigned char 
 Auto vars:     Size  Location     Type
  c               1    2[COMRAM] unsigned char 
 Return value:  Size  Location     Type
		None               void
 Registers used:
		wreg, status,2, status,0
 Tracked objects:
		On entry : 
		On exit  : 
		Unchanged: 
 Data sizes:     COMRAM   BANK0   BANK1   BANK2   BANK3   BANK4   BANK5   BANK6   BANK7
      Params:         0       0       0       0       0       0       0       0       0
      Locals:         2       0       0       0       0       0       0       0       0
      Temps:          1       0       0       0       0       0       0       0       0
      Totals:         3       0       0       0       0       0       0       0       0
Total ram usage:        3 bytes
 Hardware stack levels used:    1
 This function calls:
		Nothing
 This function is called by:
		_atoi
 This function uses a non-reentrant model



MODULE INFORMATION

Module		Function		Class		Link	Load	Size
C:\Program Files\Microchip\xc8\v2.31\pic\sources\c90\common\flge.c
		___flge        		CODE           	1FC6	0000	262

C:\Program Files\Microchip\xc8\v2.31\pic\sources\c90\common\flge.c estimated size: 262

C:\Program Files\Microchip\xc8\v2.31\pic\sources\c90\common\sprcdiv.c
		___fldiv       		CODE           	11BC	0000	924

C:\Program Files\Microchip\xc8\v2.31\pic\sources\c90\common\sprcdiv.c estimated size: 924

C:\Program Files\Microchip\xc8\v2.31\pic\sources\c90\common\doprnt.c
		_sprintf       		CODE           	1A18	0000	458

C:\Program Files\Microchip\xc8\v2.31\pic\sources\c90\common\doprnt.c estimated size: 458

C:\Program Files\Microchip\xc8\v2.31\pic\sources\c90\common\lwmod.c
		___lwmod       		CODE           	2850	0000	102

C:\Program Files\Microchip\xc8\v2.31\pic\sources\c90\common\lwmod.c estimated size: 102

C:\Program Files\Microchip\xc8\v2.31\pic\sources\c90\common\Umul16.c
		___wmul        		CODE           	2C7A	0000	40

C:\Program Files\Microchip\xc8\v2.31\pic\sources\c90\common\Umul16.c estimated size: 40

Main_Robot_I2C_Serial_LCD.c
		_stopI2C       		CODE           	2D80	0000	8
		_readI2C       		CODE           	2192	0000	196
		_map           		CODE           	2AB2	0000	70
		_writeI2C      		CODE           	267A	0000	124
		_repeatedStart 		CODE           	2D78	0000	8
		_settings      		CODE           	1818	0000	512
		_startI2C      		CODE           	2D88	0000	8
		_LCD           		CODE           	2490	0000	174
		_main          		CODE           	2D60	0000	12
		_PrintDataLCD  		CODE           	2970	0000	86
		_receive       		CODE           	0008	0000	158
		_receiveI2C    		CODE           	2BB2	0000	56
		_WriteLCD      		CODE           	2CEE	0000	28
		_readyI2C      		CODE           	2C52	0000	40
		_sendI2C       		CODE           	2D52	0000	14
		_start         		CODE           	291A	0000	86
		_mover_servo   		CODE           	231A	0000	192
		_SettingsLCD   		CODE           	2D0A	0000	28
		_algoritm      		CODE           	0D38	0000	1156
		_setPWMFreq    		CODE           	1558	0000	704

Main_Robot_I2C_Serial_LCD.c estimated size: 3660

C:\Program Files\Microchip\xc8\v2.31\pic\sources\c90\common\isdigit.c
		_isdigit       		CODE           	2C20	0000	50

C:\Program Files\Microchip\xc8\v2.31\pic\sources\c90\common\isdigit.c estimated size: 50

C:\Program Files\Microchip\xc8\v2.31\pic\sources\c90\common\sprcadd.c
		___flsub       		CODE           	2A6A	0000	72
		___fladd       		CODE           	0876	0000	1218

C:\Program Files\Microchip\xc8\v2.31\pic\sources\c90\common\sprcadd.c estimated size: 1290

C:\Program Files\Microchip\xc8\v2.31\pic\sources\c90\common\atoi.c
		_atoi          		CODE           	1DA6	0000	280

C:\Program Files\Microchip\xc8\v2.31\pic\sources\c90\common\atoi.c estimated size: 280

C:\Program Files\Microchip\xc8\v2.31\pic\sources\c90\common\lwdiv.c
		___lwdiv       		CODE           	26F6	0000	118

C:\Program Files\Microchip\xc8\v2.31\pic\sources\c90\common\lwdiv.c estimated size: 118

C:\Program Files\Microchip\xc8\v2.31\pic\sources\c90\common\awdiv.c
		___awdiv       		CODE           	20CC	0000	198

C:\Program Files\Microchip\xc8\v2.31\pic\sources\c90\common\awdiv.c estimated size: 198

shared
		i2_writeI2C    		CODE           	27E0	0000	112
		i2_SettingsLCD 		CODE           	2D3C	0000	22
		_dpowers       		SMALLCONST     	0801	0000	10
		i2___lwdiv     		CODE           	276C	0000	116
		i2_start       		CODE           	2A18	0000	82
		i2_startI2C    		CODE           	2D98	0000	8
		i2___awdiv     		CODE           	2256	0000	196
		i2___wmul      		CODE           	2CC8	0000	38
		i2_LCD         		CODE           	253E	0000	164
		i2___lwmod     		CODE           	28B6	0000	100
		i2_stopI2C     		CODE           	2D90	0000	8
		__initialization		CODE           	2B3A	0000	48
		i2_mover_servo 		CODE           	23DA	0000	182
		i2_readyI2C    		CODE           	2CA2	0000	38
		i2_sprintf     		CODE           	1BE2	0000	452
		i2_WriteLCD    		CODE           	2D26	0000	22
		i2_PrintDataLCD		CODE           	29C6	0000	82
		i2_strlen      		CODE           	2BEA	0000	54
		i2_sendI2C     		CODE           	2D6C	0000	12
		i2_map         		CODE           	2AF8	0000	66

shared estimated size: 1812

C:\Program Files\Microchip\xc8\v2.31\pic\sources\c90\common\fltol.c
		___fltol       		CODE           	1EBE	0000	264

C:\Program Files\Microchip\xc8\v2.31\pic\sources\c90\common\fltol.c estimated size: 264

C:\Program Files\Microchip\xc8\v2.31\pic\sources\c90\common\strlen.c
		_strlen        		CODE           	2B78	0000	58

C:\Program Files\Microchip\xc8\v2.31\pic\sources\c90\common\strlen.c estimated size: 58

