Microchip MPLAB XC8 Compiler V2.10 ()

Linker command line:

-W-3 --edf=C:\Program Files (x86)\Microchip\xc8\v2.10\pic\dat\en_msgs.txt \
  -cs -h+dist/default/production\Proyecto_I2C_Servos.X.production.sym \
  --cmf=dist/default/production\Proyecto_I2C_Servos.X.production.cmf -z \
  -Q18F4550 -oC:\Users\DANIEL~1\AppData\Local\Temp\sn0g.2 \
  --defsym=__MPLAB_BUILD=1 \
  -Mdist/default/production/Proyecto_I2C_Servos.X.production.map -E1 \
  -ver=XC8 --acfsm=1493 -ASTACK=060h-07FFh -pstack=STACK -ACODE=00h-07FFFh \
  -ACONST=00h-07FFFh -ASMALLCONST=0800h-08FFhx120 \
  -AMEDIUMCONST=0800h-07FFFh -ACOMRAM=01h-05Fh -AABS1=00h-07FFh \
  -ABIGRAM=01h-07FFh -ARAM=060h-0FFh,0100h-01FFhx7 -ABANK0=060h-0FFh \
  -ABANK1=0100h-01FFh -ABANK2=0200h-02FFh -ABANK3=0300h-03FFh \
  -ABANK4=0400h-04FFh -ABANK5=0500h-05FFh -ABANK6=0600h-06FFh \
  -ABANK7=0700h-07FFh -ASFR=0F60h-0FFFh \
  -preset_vec=00h,intcode,intcodelo,powerup,init -pramtop=0800h \
  -psmallconst=SMALLCONST -pmediumconst=MEDIUMCONST -pconst=CONST \
  -AFARRAM=00h-00h -ACONFIG=0300000h-030000Dh -pconfig=CONFIG \
  -AIDLOC=0200000h-0200007h -pidloc=IDLOC -AEEDATA=0F00000h-0F000FFh \
  -peeprom_data=EEDATA \
  -prdata=COMRAM,nvrram=COMRAM,nvbit=COMRAM,rbss=COMRAM,rbit=COMRAM \
  -pfarbss=FARRAM,fardata=FARRAM,nvFARRAM=FARRAM \
  -pintsave_regs=BIGRAM,bigbss=BIGRAM,bigdata=BIGRAM -pbss=RAM \
  -pidata=CODE,irdata=CODE,ibigdata=CODE,ifardata=CODE -prparam=COMRAM \
  C:\Users\DANIEL~1\AppData\Local\Temp\sn0g.o \
  dist/default/production\Proyecto_I2C_Servos.X.production.o 

Object code version is 3.11

Machine type is 18F4550

Call graph: (short form)




                Name                               Link     Load   Length Selector   Space Scale
C:\Users\DANIEL~1\AppData\Local\Temp\sn0g.o
                init                                  0        0        4        0       0
                idloc                            200000   200000        8   200000       0
                config                           300000   300000        E   300000       0
dist/default/production\Proyecto_I2C_Servos.X.production.o
                text30                             718C     718C       C4     38C6       0
                text29                             6AF2     6AF2       26     3579       0
                text28                             6C02     6C02       42     3601       0
                text27                             6B18     6B18       26     358C       0
                text26                             6ABE     6ABE        C     355F       0
                text25                             6AA6     6AA6        8     3553       0
                text24                             6AAE     6AAE        8     3557       0
                text23                             6FD0     6FD0       70     37E8       0
                text22                             6D3C     6D3C       6E     369E       0
                text21                             6DAA     6DAA       6E     36D5       0
                text20                             6E18     6E18       6E     370C       0
                text19                             6E86     6E86       6E     3743       0
                text18                             6EF4     6EF4       6E     377A       0
                text17                             6F62     6F62       6E     37B1       0
                text16                             6B3E     6B3E       2A     359F       0
                text15                             6C8A     6C8A       54     3645       0
                text14                             6ACA     6ACA        C     3565       0
                text13                             6B68     6B68       32     35B4       0
                text12                             6AB6     6AB6        8     355B       0
                text11                             6AD6     6AD6        C     356B       0
                text10                             7250     7250       EE     3928       0
                text9                              77A6     77A6      39A     3BD3       0
                text8                              733E     733E      104     399F       0
                text7                              7B40     7B40      4C0     3DA0       0
                text6                              6C44     6C44       46     3622       0
                text5                              7442     7442      106     3A21       0
                text4                              7040     7040       A4     3820       0
                text3                              6BCC     6BCC       36     35E6       0
                text2                              7548     7548      25E     3AA4       0
                text1                              70E4     70E4       A8     3872       0
                text0                              6CDE     6CDE       5E     366F       0
                cstackCOMRAM                          1        1       26        1       1
                dataCOMRAM                           42       42       10        1       1
                bssCOMRAM                            27       27       1B        1       1
                cinit                              6B9A     6B9A       32     35CD       0
                idataCOMRAM                        6AE2     6AE2       10     6AE2       0

TOTAL           Name                               Link     Load   Length     Space
        CLASS   STACK          

        CLASS   CODE           
                init                                  0        0        4         0
                text30                             718C     718C       C4         0
                text29                             6AF2     6AF2       26         0
                text28                             6C02     6C02       42         0
                text27                             6B18     6B18       26         0
                text26                             6ABE     6ABE        C         0
                text25                             6AA6     6AA6        8         0
                text24                             6AAE     6AAE        8         0
                text23                             6FD0     6FD0       70         0
                text22                             6D3C     6D3C       6E         0
                text21                             6DAA     6DAA       6E         0
                text20                             6E18     6E18       6E         0
                text19                             6E86     6E86       6E         0
                text18                             6EF4     6EF4       6E         0
                text17                             6F62     6F62       6E         0
                text16                             6B3E     6B3E       2A         0
                text15                             6C8A     6C8A       54         0
                text14                             6ACA     6ACA        C         0
                text13                             6B68     6B68       32         0
                text12                             6AB6     6AB6        8         0
                text11                             6AD6     6AD6        C         0
                text10                             7250     7250       EE         0
                text9                              77A6     77A6      39A         0
                text8                              733E     733E      104         0
                text7                              7B40     7B40      4C0         0
                text6                              6C44     6C44       46         0
                text5                              7442     7442      106         0
                text4                              7040     7040       A4         0
                text3                              6BCC     6BCC       36         0
                text2                              7548     7548      25E         0
                text1                              70E4     70E4       A8         0
                text0                              6CDE     6CDE       5E         0
                cinit                              6B9A     6B9A       32         0
                idataCOMRAM                        6AE2     6AE2       10         0

        CLASS   CONST          

        CLASS   SMALLCONST     

        CLASS   MEDIUMCONST    

        CLASS   COMRAM         
                cstackCOMRAM                          1        1       26         1
                dataCOMRAM                           42       42       10         1
                bssCOMRAM                            27       27       1B         1

        CLASS   ABS1           

        CLASS   BIGRAM         

        CLASS   RAM            

        CLASS   BANK0          

        CLASS   BANK1          

        CLASS   BANK2          

        CLASS   BANK3          

        CLASS   BANK4          

        CLASS   BANK5          

        CLASS   BANK6          

        CLASS   BANK7          

        CLASS   SFR            

        CLASS   FARRAM         

        CLASS   CONFIG         
                config                           300000   300000        E         0

        CLASS   IDLOC          
                idloc                            200000   200000        8         0

        CLASS   EEDATA         



SEGMENTS        Name                           Load    Length   Top    Selector   Space  Class

                reset_vec                      000000  000004  000004         0       0  CODE    
                cstackCOMRAM                   000001  000051  000052         1       1  COMRAM  
                text25                         006AA6  000008  006AAE      3553       0  CODE    
                text24                         006AAE  000008  006AB6      3557       0  CODE    
                text12                         006AB6  000008  006ABE      355B       0  CODE    
                text26                         006ABE  00000C  006ACA      355F       0  CODE    
                text14                         006ACA  00000C  006AD6      3565       0  CODE    
                text11                         006AD6  00000C  006AE2      356B       0  CODE    
                idataCOMRAM                    006AE2  000010  006AF2      6AE2       0  CODE    
                text29                         006AF2  000026  006B18      3579       0  CODE    
                text27                         006B18  000026  006B3E      358C       0  CODE    
                text16                         006B3E  00002A  006B68      359F       0  CODE    
                text13                         006B68  000032  006B9A      35B4       0  CODE    
                cinit                          006B9A  000032  006BCC      35CD       0  CODE    
                text3                          006BCC  000036  006C02      35E6       0  CODE    
                text28                         006C02  000042  006C44      3601       0  CODE    
                text6                          006C44  000046  006C8A      3622       0  CODE    
                text15                         006C8A  000054  006CDE      3645       0  CODE    
                text0                          006CDE  00005E  006D3C      366F       0  CODE    
                text22                         006D3C  00006E  006DAA      369E       0  CODE    
                text21                         006DAA  00006E  006E18      36D5       0  CODE    
                text20                         006E18  00006E  006E86      370C       0  CODE    
                text19                         006E86  00006E  006EF4      3743       0  CODE    
                text18                         006EF4  00006E  006F62      377A       0  CODE    
                text17                         006F62  00006E  006FD0      37B1       0  CODE    
                text23                         006FD0  000070  007040      37E8       0  CODE    
                text4                          007040  0000A4  0070E4      3820       0  CODE    
                text1                          0070E4  0000A8  00718C      3872       0  CODE    
                text30                         00718C  0000C4  007250      38C6       0  CODE    
                text10                         007250  0000EE  00733E      3928       0  CODE    
                text8                          00733E  000104  007442      399F       0  CODE    
                text5                          007442  000106  007548      3A21       0  CODE    
                text2                          007548  00025E  0077A6      3AA4       0  CODE    
                text9                          0077A6  00039A  007B40      3BD3       0  CODE    
                text7                          007B40  0004C0  008000      3DA0       0  CODE    
                idloc                          200000  000008  200008    200000       0  IDLOC   
                config                         300000  00000E  30000E    300000       0  CONFIG  


UNUSED ADDRESS RANGES

        Name                Unused          Largest block    Delta
        BANK0            000060-0000FF               A0
        BANK1            000100-0001FF              100
        BANK2            000200-0002FF              100
        BANK3            000300-0003FF              100
        BANK4            000400-0004FF              100
        BANK5            000500-0005FF              100
        BANK6            000600-0006FF              100
        BANK7            000700-0007FF              100
        BIGRAM           000052-0007FF              7AE
        CODE             000004-006AA5             6AA2
        COMRAM           000052-00005F                E
        CONST            000004-006AA5             6AA2
        EEDATA           F00000-F000FF              100
        MEDIUMCONST      000800-006AA5             62A6
        RAM              000060-0007FF              100
        SFR              000F60-000FFF               A0
        SMALLCONST       000800-006AA5              100
        STACK            000060-0007FF              7A0

                                  Symbol Table

?___awdiv                cstackCOMRAM 000001
?___fladd                cstackCOMRAM 000001
?___fldiv                cstackCOMRAM 000001
?___flsub                cstackCOMRAM 000011
?___fltol                cstackCOMRAM 000001
?___wmul                 cstackCOMRAM 000009
?_map                    cstackCOMRAM 00000F
LCD@data                 cstackCOMRAM 000003
WriteLCD@word            cstackCOMRAM 000004
_ACKDT                   (abs)        007E2D
_ACKEN                   (abs)        007E2C
_ADCON1                  (abs)        000FC1
_DriverPin               bssCOMRAM    000027
_LATD                    (abs)        000F8C
_LATE                    (abs)        000F8D
_LATE0                   (abs)        007C68
_LATE1                   (abs)        007C69
_LCD                     text15       006C8A
_OSCCON                  (abs)        000FD3
_PEN                     (abs)        007E2A
_RCEN                    (abs)        007E2B
_RSEN                    (abs)        007E29
_SEN                     (abs)        007E28
_SSPADD                  (abs)        000FC8
_SSPBUF                  (abs)        000FC9
_SSPCON1                 (abs)        000FC6
_SSPCON2                 (abs)        000FC5
_SSPSTAT                 (abs)        000FC7
_Servos                  text16       006B3E
_TRISBbits               (abs)        000F93
_TRISD                   (abs)        000F95
_TRISE                   (abs)        000F96
_WriteLCD                text14       006ACA
__CFG_FOSC$INTOSC_EC     (abs)        000000
__CFG_LVP$OFF            (abs)        000000
__CFG_WDT$OFF            (abs)        000000
__HRAM                   (abs)        000000
__Habs1                  abs1         000000
__Hbank0                 bank0        000000
__Hbank1                 bank1        000000
__Hbank2                 bank2        000000
__Hbank3                 bank3        000000
__Hbank4                 bank4        000000
__Hbank5                 bank5        000000
__Hbank6                 bank6        000000
__Hbank7                 bank7        000000
__Hbigbss                bigbss       000000
__Hbigdata               bigdata      000000
__Hbigram                bigram       000000
__Hbss                   bss          000000
__HbssCOMRAM             bssCOMRAM    000000
__Hcinit                 cinit        000000
__Hclrtext               clrtext      000000
__Hcomram                comram       000000
__Hconfig                config       30000E
__Hconst                 const        000000
__HcstackCOMRAM          cstackCOMRAM 000000
__Hdata                  data         000000
__HdataCOMRAM            dataCOMRAM   000000
__Heeprom_data           eeprom_data  000000
__Hfarbss                farbss       000000
__Hfardata               fardata      000000
__Hibigdata              ibigdata     000000
__Hidata                 idata        000000
__HidataCOMRAM           idataCOMRAM  000000
__Hidloc                 idloc        200008
__Hifardata              ifardata     000000
__Hinit                  init         000004
__Hintcode               intcode      000000
__Hintcode_body          intcode_body 000000
__Hintcodelo             intcodelo    000000
__Hintentry              intentry     000000
__Hintret                intret       000000
__Hintsave_regs          intsave_regs 000000
__Hirdata                irdata       000000
__Hmediumconst           mediumconst  000000
__HnvFARRAM              nvFARRAM     000000
__Hnvbit                 nvbit        000000
__Hnvrram                nvrram       000000
__Hparam                 rparam       000000
__Hpowerup               powerup      000000
__Hram                   ram          000000
__Hramtop                ramtop       000800
__Hrbit                  rbit         000000
__Hrbss                  rbss         000000
__Hrdata                 rdata        000000
__Hreset_vec             reset_vec    000000
__Hrparam                rparam       000000
__Hsfr                   sfr          000000
__Hsmallconst            smallconst   000000
__Hspace_0               (abs)        30000E
__Hspace_1               (abs)        000052
__Hspace_2               (abs)        000000
__Hstack                 stack        000000
__Hstruct                struct       000000
__Htemp                  temp         000000
__Htext                  text         000000
__Htext0                 text0        000000
__Htext1                 text1        000000
__Htext10                text10       000000
__Htext11                text11       000000
__Htext12                text12       000000
__Htext13                text13       000000
__Htext14                text14       000000
__Htext15                text15       000000
__Htext16                text16       000000
__Htext17                text17       000000
__Htext18                text18       000000
__Htext19                text19       000000
__Htext2                 text2        000000
__Htext20                text20       000000
__Htext21                text21       000000
__Htext22                text22       000000
__Htext23                text23       000000
__Htext24                text24       000000
__Htext25                text25       000000
__Htext26                text26       000000
__Htext27                text27       000000
__Htext28                text28       000000
__Htext29                text29       000000
__Htext3                 text3        000000
__Htext30                text30       000000
__Htext4                 text4        000000
__Htext5                 text5        000000
__Htext6                 text6        000000
__Htext7                 text7        000000
__Htext8                 text8        000000
__Htext9                 text9        000000
__LRAM                   (abs)        000001
__Labs1                  abs1         000000
__Lbank0                 bank0        000000
__Lbank1                 bank1        000000
__Lbank2                 bank2        000000
__Lbank3                 bank3        000000
__Lbank4                 bank4        000000
__Lbank5                 bank5        000000
__Lbank6                 bank6        000000
__Lbank7                 bank7        000000
__Lbigbss                bigbss       000000
__Lbigdata               bigdata      000000
__Lbigram                bigram       000000
__Lbss                   bss          000000
__LbssCOMRAM             bssCOMRAM    000000
__Lcinit                 cinit        000000
__Lclrtext               clrtext      000000
__Lcomram                comram       000000
__Lconfig                config       300000
__Lconst                 const        000000
__LcstackCOMRAM          cstackCOMRAM 000000
__Ldata                  data         000000
__LdataCOMRAM            dataCOMRAM   000000
__Leeprom_data           eeprom_data  000000
__Lfarbss                farbss       000000
__Lfardata               fardata      000000
__Libigdata              ibigdata     000000
__Lidata                 idata        000000
__LidataCOMRAM           idataCOMRAM  000000
__Lidloc                 idloc        200000
__Lifardata              ifardata     000000
__Linit                  init         000000
__Lintcode               intcode      000000
__Lintcode_body          intcode_body 000000
__Lintcodelo             intcodelo    000000
__Lintentry              intentry     000000
__Lintret                intret       000000
__Lintsave_regs          intsave_regs 000000
__Lirdata                irdata       000000
__Lmediumconst           mediumconst  000000
__LnvFARRAM              nvFARRAM     000000
__Lnvbit                 nvbit        000000
__Lnvrram                nvrram       000000
__Lparam                 rparam       000000
__Lpowerup               powerup      000000
__Lram                   ram          000000
__Lramtop                ramtop       000800
__Lrbit                  rbit         000000
__Lrbss                  rbss         000000
__Lrdata                 rdata        000000
__Lreset_vec             reset_vec    000000
__Lrparam                rparam       000000
__Lsfr                   sfr          000000
__Lsmallconst            smallconst   000000
__Lspace_0               (abs)        000000
__Lspace_1               (abs)        000000
__Lspace_2               (abs)        000000
__Lstack                 stack        000000
__Lstruct                struct       000000
__Ltemp                  temp         000000
__Ltext                  text         000000
__Ltext0                 text0        000000
__Ltext1                 text1        000000
__Ltext10                text10       000000
__Ltext11                text11       000000
__Ltext12                text12       000000
__Ltext13                text13       000000
__Ltext14                text14       000000
__Ltext15                text15       000000
__Ltext16                text16       000000
__Ltext17                text17       000000
__Ltext18                text18       000000
__Ltext19                text19       000000
__Ltext2                 text2        000000
__Ltext20                text20       000000
__Ltext21                text21       000000
__Ltext22                text22       000000
__Ltext23                text23       000000
__Ltext24                text24       000000
__Ltext25                text25       000000
__Ltext26                text26       000000
__Ltext27                text27       000000
__Ltext28                text28       000000
__Ltext29                text29       000000
__Ltext3                 text3        000000
__Ltext30                text30       000000
__Ltext4                 text4        000000
__Ltext5                 text5        000000
__Ltext6                 text6        000000
__Ltext7                 text7        000000
__Ltext8                 text8        000000
__Ltext9                 text9        000000
__S0                     (abs)        30000E
__S1                     (abs)        000052
__S2                     (abs)        000000
___awdiv                 text30       00718C
___awdiv@counter         cstackCOMRAM 000005
___awdiv@dividend        cstackCOMRAM 000001
___awdiv@divisor         cstackCOMRAM 000003
___awdiv@quotient        cstackCOMRAM 000007
___awdiv@sign            cstackCOMRAM 000006
___fladd                 text7        007B40
___fladd@a               cstackCOMRAM 000005
___fladd@aexp            cstackCOMRAM 00000E
___fladd@b               cstackCOMRAM 000001
___fladd@bexp            cstackCOMRAM 00000F
___fladd@grs             cstackCOMRAM 000010
___fladd@signs           cstackCOMRAM 00000D
___fldiv                 text9        0077A6
___fldiv@a               cstackCOMRAM 000005
___fldiv@aexp            cstackCOMRAM 000019
___fldiv@b               cstackCOMRAM 000001
___fldiv@bexp            cstackCOMRAM 000018
___fldiv@grs             cstackCOMRAM 000014
___fldiv@new_exp         cstackCOMRAM 000012
___fldiv@rem             cstackCOMRAM 00000D
___fldiv@sign            cstackCOMRAM 000011
___flge                  text8        00733E
___flge@ff1              cstackCOMRAM 000001
___flge@ff2              cstackCOMRAM 000005
___flsub                 text6        006C44
___flsub@a               cstackCOMRAM 000015
___flsub@b               cstackCOMRAM 000011
___fltol                 text5        007442
___fltol@exp1            cstackCOMRAM 00000A
___fltol@f1              cstackCOMRAM 000001
___fltol@sign1           cstackCOMRAM 000009
___inthi_sp              stack        000000
___intlo_sp              stack        000000
___param_bank            (abs)        000000
___rparam_used           (abs)        000001
___sp                    stack        000000
___wmul                  text29       006AF2
___wmul@multiplicand     cstackCOMRAM 00000B
___wmul@multiplier       cstackCOMRAM 000009
___wmul@product          cstackCOMRAM 00000D
__accesstop              (abs)        000060
__activetblptr           (abs)        000000
__end_of_LCD             text15       006CDE
__end_of_Servos          text16       006B68
__end_of_WriteLCD        text14       006AD6
__end_of___awdiv         text30       007250
__end_of___fladd         text7        008000
__end_of___fldiv         text9        007B40
__end_of___flge          text8        007442
__end_of___flsub         text6        006C8A
__end_of___fltol         text5        007548
__end_of___wmul          text29       006B18
__end_of__initialization cinit        006BC6
__end_of_abre_griper     text22       006DAA
__end_of_baja_junta      text21       006E18
__end_of_cierra_griper   text20       006E86
__end_of_gira_derecha    text19       006EF4
__end_of_gira_izquierda  text18       006F62
__end_of_main            text0        006D3C
__end_of_map             text28       006C44
__end_of_readI2C         text10       00733E
__end_of_readI2C1        text4        0070E4
__end_of_readyI2C        text27       006B3E
__end_of_receiveI2C      text13       006B9A
__end_of_repeatedStart   text12       006ABE
__end_of_sendI2C         text26       006ACA
__end_of_setPWMFreq      text2        0077A6
__end_of_settings        text1        00718C
__end_of_settingsLCD     text11       006AE2
__end_of_startI2C        text25       006AAE
__end_of_stopI2C         text24       006AB6
__end_of_sube_junta      text17       006FD0
__end_of_writeI2C        text23       007040
__end_of_writeI2C1       text3        006C02
__initialization         cinit        006B9A
__mediumconst            mediumconst  000000
__pbssCOMRAM             bssCOMRAM    000027
__pcinit                 cinit        006B9A
__pcstackCOMRAM          cstackCOMRAM 000001
__pdataCOMRAM            dataCOMRAM   000042
__pidataCOMRAM           idataCOMRAM  006AE2
__ptext0                 text0        006CDE
__ptext1                 text1        0070E4
__ptext10                text10       007250
__ptext11                text11       006AD6
__ptext12                text12       006AB6
__ptext13                text13       006B68
__ptext14                text14       006ACA
__ptext15                text15       006C8A
__ptext16                text16       006B3E
__ptext17                text17       006F62
__ptext18                text18       006EF4
__ptext19                text19       006E86
__ptext2                 text2        007548
__ptext20                text20       006E18
__ptext21                text21       006DAA
__ptext22                text22       006D3C
__ptext23                text23       006FD0
__ptext24                text24       006AAE
__ptext25                text25       006AA6
__ptext26                text26       006ABE
__ptext27                text27       006B18
__ptext28                text28       006C02
__ptext29                text29       006AF2
__ptext3                 text3        006BCC
__ptext30                text30       00718C
__ptext4                 text4        007040
__ptext5                 text5        007442
__ptext6                 text6        006C44
__ptext7                 text7        007B40
__ptext8                 text8        00733E
__ptext9                 text9        0077A6
__ramtop                 ramtop       000800
__size_of_LCD            (abs)        000000
__size_of_Servos         (abs)        000000
__size_of_WriteLCD       (abs)        000000
__size_of___awdiv        (abs)        000000
__size_of___fladd        (abs)        000000
__size_of___fldiv        (abs)        000000
__size_of___flge         (abs)        000000
__size_of___flsub        (abs)        000000
__size_of___fltol        (abs)        000000
__size_of___wmul         (abs)        000000
__size_of_abre_griper    (abs)        000000
__size_of_baja_junta     (abs)        000000
__size_of_cierra_griper  (abs)        000000
__size_of_gira_derecha   (abs)        000000
__size_of_gira_izquierda (abs)        000000
__size_of_main           (abs)        000000
__size_of_map            (abs)        000000
__size_of_readI2C        (abs)        000000
__size_of_readI2C1       (abs)        000000
__size_of_readyI2C       (abs)        000000
__size_of_receiveI2C     (abs)        000000
__size_of_repeatedStart  (abs)        000000
__size_of_sendI2C        (abs)        000000
__size_of_setPWMFreq     (abs)        000000
__size_of_settings       (abs)        000000
__size_of_settingsLCD    (abs)        000000
__size_of_startI2C       (abs)        000000
__size_of_stopI2C        (abs)        000000
__size_of_sube_junta     (abs)        000000
__size_of_writeI2C       (abs)        000000
__size_of_writeI2C1      (abs)        000000
__smallconst             smallconst   000000
_abre_griper             text22       006D3C
_baja_junta              text21       006DAA
_cierra_griper           text20       006E18
_data1                   bssCOMRAM    00002D
_data2                   bssCOMRAM    00003E
_dataSaved               bssCOMRAM    00002E
_gira_derecha            text19       006E86
_gira_izquierda          text18       006EF4
_i                       bssCOMRAM    00002B
_main                    text0        006CDE
_map                     text28       006C02
_name                    dataCOMRAM   000042
_pos                     bssCOMRAM    000029
_readI2C                 text10       007250
_readI2C1                text4        007040
_readyI2C                text27       006B18
_receiveI2C              text13       006B68
_repeatedStart           text12       006AB6
_sendI2C                 text26       006ABE
_setPWMFreq              text2        007548
_settings                text1        0070E4
_settingsLCD             text11       006AD6
_startI2C                text25       006AA6
_stopI2C                 text24       006AAE
_sube_junta              text17       006F62
_writeI2C                text23       006FD0
_writeI2C1               text3        006BCC
end_of_initialization    cinit        006BC6
intlevel0                text         000000
intlevel1                text         000000
intlevel2                text         000000
intlevel3                text         000000
map@In_Max               cstackCOMRAM 000013
map@In_Min               cstackCOMRAM 000011
map@Out_Max              cstackCOMRAM 000017
map@Out_Min              cstackCOMRAM 000015
map@x                    cstackCOMRAM 00000F
readI2C1@Address         cstackCOMRAM 00000A
readI2C1@Data            cstackCOMRAM 000005
readI2C1@Register        cstackCOMRAM 000004
readI2C1@bytes           cstackCOMRAM 000006
readI2C@Address          cstackCOMRAM 00000C
readI2C@Data             cstackCOMRAM 000006
readI2C@Register         cstackCOMRAM 000005
readI2C@bytes            cstackCOMRAM 000008
receiveI2C@buffer        cstackCOMRAM 000003
receiveI2C@flag          cstackCOMRAM 000002
sendI2C@data             cstackCOMRAM 000002
setPWMFreq@freq          cstackCOMRAM 00001A
setPWMFreq@prescale      cstackCOMRAM 00001F
setPWMFreq@prescaleval   cstackCOMRAM 000021
settingsLCD@word         cstackCOMRAM 000004
stackhi                  (abs)        0007FF
stacklo                  (abs)        000060
start                    init         000000
start_initialization     cinit        006B9A
writeI2C1@Address        cstackCOMRAM 000007
writeI2C1@Data           cstackCOMRAM 000004
writeI2C1@Register       cstackCOMRAM 000003
writeI2C@Address         cstackCOMRAM 00000A
writeI2C@Data            cstackCOMRAM 000004
writeI2C@Register        cstackCOMRAM 000003
writeI2C@bytes           cstackCOMRAM 000006


FUNCTION INFORMATION:

 *************** function _main *****************
 Defined at:
		line 87 in file "main_Proyecto_I2C_Servos.c"
 Parameters:    Size  Location     Type
		None
 Auto vars:     Size  Location     Type
		None
 Return value:  Size  Location     Type
                  1    wreg      void 
 Registers used:
		wreg, fsr2l, fsr2h, status,2, status,0, prodl, prodh, cstack
 Tracked objects:
		On entry : 
		On exit  : 
		Unchanged: 
 Data sizes:     COMRAM   BANK0   BANK1   BANK2   BANK3   BANK4   BANK5   BANK6   BANK7
      Params:         0       0       0       0       0       0       0       0       0
      Locals:         0       0       0       0       0       0       0       0       0
      Temps:          0       0       0       0       0       0       0       0       0
      Totals:         0       0       0       0       0       0       0       0       0
Total ram usage:        0 bytes
 Hardware stack levels required when called:    5
 This function calls:
		_Servos
		_readI2C
		_settings
		_writeI2C
 This function is called by:
		Startup code after reset
 This function uses a non-reentrant model


 *************** function _settings *****************
 Defined at:
		line 172 in file "main_Proyecto_I2C_Servos.c"
 Parameters:    Size  Location     Type
		None
 Auto vars:     Size  Location     Type
		None
 Return value:  Size  Location     Type
                  1    wreg      void 
 Registers used:
		wreg, fsr2l, fsr2h, status,2, status,0, prodl, prodh, cstack
 Tracked objects:
		On entry : 
		On exit  : 
		Unchanged: 
 Data sizes:     COMRAM   BANK0   BANK1   BANK2   BANK3   BANK4   BANK5   BANK6   BANK7
      Params:         0       0       0       0       0       0       0       0       0
      Locals:         0       0       0       0       0       0       0       0       0
      Temps:          2       0       0       0       0       0       0       0       0
      Totals:         2       0       0       0       0       0       0       0       0
Total ram usage:        2 bytes
 Hardware stack levels used:    1
 Hardware stack levels required when called:    4
 This function calls:
		_abre_griper
		_gira_izquierda
		_setPWMFreq
		_settingsLCD
		_sube_junta
		_writeI2C1
 This function is called by:
		_main
 This function uses a non-reentrant model


 *************** function _setPWMFreq *****************
 Defined at:
		line 296 in file "main_Proyecto_I2C_Servos.c"
 Parameters:    Size  Location     Type
  freq            4   25[COMRAM] float 
 Auto vars:     Size  Location     Type
  prescaleval     4   32[COMRAM] float 
  newmode         1    0        unsigned char 
  prescale        1   30[COMRAM] unsigned char 
 Return value:  Size  Location     Type
                  1    wreg      void 
 Registers used:
		wreg, status,2, status,0, cstack
 Tracked objects:
		On entry : 
		On exit  : 
		Unchanged: 
 Data sizes:     COMRAM   BANK0   BANK1   BANK2   BANK3   BANK4   BANK5   BANK6   BANK7
      Params:         4       0       0       0       0       0       0       0       0
      Locals:         6       0       0       0       0       0       0       0       0
      Temps:          1       0       0       0       0       0       0       0       0
      Totals:        11       0       0       0       0       0       0       0       0
Total ram usage:       11 bytes
 Hardware stack levels used:    1
 Hardware stack levels required when called:    3
 This function calls:
		___fladd
		___fldiv
		___flge
		___flsub
		___fltol
		_readI2C1
		_writeI2C1
 This function is called by:
		_settings
 This function uses a non-reentrant model


 *************** function _writeI2C1 *****************
 Defined at:
		line 346 in file "main_Proyecto_I2C_Servos.c"
 Parameters:    Size  Location     Type
  Address         1    wreg     unsigned char 
  Register        1    2[COMRAM] unsigned char 
  Data            1    3[COMRAM] unsigned char 
 Auto vars:     Size  Location     Type
  Address         1    6[COMRAM] unsigned char 
 Return value:  Size  Location     Type
                  1    wreg      void 
 Registers used:
		wreg, status,2, status,0, cstack
 Tracked objects:
		On entry : 
		On exit  : 
		Unchanged: 
 Data sizes:     COMRAM   BANK0   BANK1   BANK2   BANK3   BANK4   BANK5   BANK6   BANK7
      Params:         2       0       0       0       0       0       0       0       0
      Locals:         1       0       0       0       0       0       0       0       0
      Temps:          2       0       0       0       0       0       0       0       0
      Totals:         5       0       0       0       0       0       0       0       0
Total ram usage:        5 bytes
 Hardware stack levels used:    1
 Hardware stack levels required when called:    2
 This function calls:
		_sendI2C
		_startI2C
		_stopI2C
 This function is called by:
		_settings
		_setPWMFreq
 This function uses a non-reentrant model


 *************** function _readI2C1 *****************
 Defined at:
		line 324 in file "main_Proyecto_I2C_Servos.c"
 Parameters:    Size  Location     Type
  Address         1    wreg     unsigned char 
  Register        1    3[COMRAM] unsigned char 
  Data            1    4[COMRAM] unsigned char 
  bytes           2    5[COMRAM] int 
 Auto vars:     Size  Location     Type
  Address         1    9[COMRAM] unsigned char 
 Return value:  Size  Location     Type
                  1    wreg      void 
 Registers used:
		wreg, status,2, status,0, cstack
 Tracked objects:
		On entry : 
		On exit  : 
		Unchanged: 
 Data sizes:     COMRAM   BANK0   BANK1   BANK2   BANK3   BANK4   BANK5   BANK6   BANK7
      Params:         4       0       0       0       0       0       0       0       0
      Locals:         1       0       0       0       0       0       0       0       0
      Temps:          2       0       0       0       0       0       0       0       0
      Totals:         7       0       0       0       0       0       0       0       0
Total ram usage:        7 bytes
 Hardware stack levels used:    1
 Hardware stack levels required when called:    2
 This function calls:
		_receiveI2C
		_repeatedStart
		_sendI2C
		_startI2C
		_stopI2C
 This function is called by:
		_setPWMFreq
 This function uses a non-reentrant model


 *************** function ___fltol *****************
 Defined at:
		line 43 in file "C:\Program Files (x86)\Microchip\xc8\v2.10\pic\sources\c99\common\fltol.c"
 Parameters:    Size  Location     Type
  f1              4    0[COMRAM] void 
 Auto vars:     Size  Location     Type
  exp1            1    9[COMRAM] unsigned char 
  sign1           1    8[COMRAM] unsigned char 
 Return value:  Size  Location     Type
                  4    0[COMRAM] long 
 Registers used:
		wreg, status,2, status,0
 Tracked objects:
		On entry : 
		On exit  : 
		Unchanged: 
 Data sizes:     COMRAM   BANK0   BANK1   BANK2   BANK3   BANK4   BANK5   BANK6   BANK7
      Params:         4       0       0       0       0       0       0       0       0
      Locals:         2       0       0       0       0       0       0       0       0
      Temps:          4       0       0       0       0       0       0       0       0
      Totals:        10       0       0       0       0       0       0       0       0
Total ram usage:       10 bytes
 Hardware stack levels used:    1
 This function calls:
		Nothing
 This function is called by:
		_setPWMFreq
 This function uses a non-reentrant model


 *************** function ___flsub *****************
 Defined at:
		line 245 in file "C:\Program Files (x86)\Microchip\xc8\v2.10\pic\sources\c99\common\sprcadd.c"
 Parameters:    Size  Location     Type
  b               4   16[COMRAM] long 
  a               4   20[COMRAM] long 
 Auto vars:     Size  Location     Type
		None
 Return value:  Size  Location     Type
                  4   16[COMRAM] long 
 Registers used:
		wreg, status,2, status,0, cstack
 Tracked objects:
		On entry : 
		On exit  : 
		Unchanged: 
 Data sizes:     COMRAM   BANK0   BANK1   BANK2   BANK3   BANK4   BANK5   BANK6   BANK7
      Params:         8       0       0       0       0       0       0       0       0
      Locals:         0       0       0       0       0       0       0       0       0
      Temps:          0       0       0       0       0       0       0       0       0
      Totals:         8       0       0       0       0       0       0       0       0
Total ram usage:        8 bytes
 Hardware stack levels used:    1
 Hardware stack levels required when called:    1
 This function calls:
		___fladd
 This function is called by:
		_setPWMFreq
 This function uses a non-reentrant model


 *************** function ___fladd *****************
 Defined at:
		line 10 in file "C:\Program Files (x86)\Microchip\xc8\v2.10\pic\sources\c99\common\sprcadd.c"
 Parameters:    Size  Location     Type
  b               4    0[COMRAM] long 
  a               4    4[COMRAM] long 
 Auto vars:     Size  Location     Type
  grs             1   15[COMRAM] unsigned char 
  bexp            1   14[COMRAM] unsigned char 
  aexp            1   13[COMRAM] unsigned char 
  signs           1   12[COMRAM] unsigned char 
 Return value:  Size  Location     Type
                  4    0[COMRAM] unsigned char 
 Registers used:
		wreg, status,2, status,0
 Tracked objects:
		On entry : 
		On exit  : 
		Unchanged: 
 Data sizes:     COMRAM   BANK0   BANK1   BANK2   BANK3   BANK4   BANK5   BANK6   BANK7
      Params:         8       0       0       0       0       0       0       0       0
      Locals:         4       0       0       0       0       0       0       0       0
      Temps:          4       0       0       0       0       0       0       0       0
      Totals:        16       0       0       0       0       0       0       0       0
Total ram usage:       16 bytes
 Hardware stack levels used:    1
 This function calls:
		Nothing
 This function is called by:
		_setPWMFreq
		___flsub
 This function uses a non-reentrant model


 *************** function ___flge *****************
 Defined at:
		line 4 in file "C:\Program Files (x86)\Microchip\xc8\v2.10\pic\sources\c99\common\flge.c"
 Parameters:    Size  Location     Type
  ff1             4    0[COMRAM] unsigned char 
  ff2             4    4[COMRAM] unsigned char 
 Auto vars:     Size  Location     Type
		None
 Return value:  Size  Location     Type
		None               void
 Registers used:
		wreg, status,2, status,0
 Tracked objects:
		On entry : 
		On exit  : 
		Unchanged: 
 Data sizes:     COMRAM   BANK0   BANK1   BANK2   BANK3   BANK4   BANK5   BANK6   BANK7
      Params:         8       0       0       0       0       0       0       0       0
      Locals:         0       0       0       0       0       0       0       0       0
      Temps:          4       0       0       0       0       0       0       0       0
      Totals:        12       0       0       0       0       0       0       0       0
Total ram usage:       12 bytes
 Hardware stack levels used:    1
 This function calls:
		Nothing
 This function is called by:
		_setPWMFreq
 This function uses a non-reentrant model


 *************** function ___fldiv *****************
 Defined at:
		line 11 in file "C:\Program Files (x86)\Microchip\xc8\v2.10\pic\sources\c99\common\sprcdiv.c"
 Parameters:    Size  Location     Type
  b               4    0[COMRAM] unsigned char 
  a               4    4[COMRAM] unsigned char 
 Auto vars:     Size  Location     Type
  grs             4   19[COMRAM] unsigned long 
  rem             4   12[COMRAM] unsigned long 
  new_exp         2   17[COMRAM] short 
  aexp            1   24[COMRAM] unsigned char 
  bexp            1   23[COMRAM] unsigned char 
  sign            1   16[COMRAM] unsigned char 
 Return value:  Size  Location     Type
                  4    0[COMRAM] unsigned char 
 Registers used:
		wreg, status,2, status,0
 Tracked objects:
		On entry : 
		On exit  : 
		Unchanged: 
 Data sizes:     COMRAM   BANK0   BANK1   BANK2   BANK3   BANK4   BANK5   BANK6   BANK7
      Params:         8       0       0       0       0       0       0       0       0
      Locals:        13       0       0       0       0       0       0       0       0
      Temps:          4       0       0       0       0       0       0       0       0
      Totals:        25       0       0       0       0       0       0       0       0
Total ram usage:       25 bytes
 Hardware stack levels used:    1
 This function calls:
		Nothing
 This function is called by:
		_setPWMFreq
 This function uses a non-reentrant model


 *************** function _readI2C *****************
 Defined at:
		line 235 in file "main_Proyecto_I2C_Servos.c"
 Parameters:    Size  Location     Type
  Address         1    wreg     unsigned char 
  Register        1    4[COMRAM] unsigned char 
  Data            2    5[COMRAM] PTR unsigned char 
		 -> dataSaved(16), 
  bytes           2    7[COMRAM] int 
 Auto vars:     Size  Location     Type
  Address         1   11[COMRAM] unsigned char 
 Return value:  Size  Location     Type
                  1    wreg      void 
 Registers used:
		wreg, fsr2l, fsr2h, status,2, status,0, cstack
 Tracked objects:
		On entry : 
		On exit  : 
		Unchanged: 
 Data sizes:     COMRAM   BANK0   BANK1   BANK2   BANK3   BANK4   BANK5   BANK6   BANK7
      Params:         5       0       0       0       0       0       0       0       0
      Locals:         1       0       0       0       0       0       0       0       0
      Temps:          2       0       0       0       0       0       0       0       0
      Totals:         8       0       0       0       0       0       0       0       0
Total ram usage:        8 bytes
 Hardware stack levels used:    1
 Hardware stack levels required when called:    2
 This function calls:
		_WriteLCD
		_receiveI2C
		_repeatedStart
		_sendI2C
		_settingsLCD
		_startI2C
		_stopI2C
 This function is called by:
		_main
 This function uses a non-reentrant model


 *************** function _settingsLCD *****************
 Defined at:
		line 277 in file "main_Proyecto_I2C_Servos.c"
 Parameters:    Size  Location     Type
  word            1    wreg     unsigned char 
 Auto vars:     Size  Location     Type
  word            1    3[COMRAM] unsigned char 
 Return value:  Size  Location     Type
                  1    wreg      void 
 Registers used:
		wreg, status,2, cstack
 Tracked objects:
		On entry : 
		On exit  : 
		Unchanged: 
 Data sizes:     COMRAM   BANK0   BANK1   BANK2   BANK3   BANK4   BANK5   BANK6   BANK7
      Params:         0       0       0       0       0       0       0       0       0
      Locals:         1       0       0       0       0       0       0       0       0
      Temps:          0       0       0       0       0       0       0       0       0
      Totals:         1       0       0       0       0       0       0       0       0
Total ram usage:        1 bytes
 Hardware stack levels used:    1
 Hardware stack levels required when called:    1
 This function calls:
		_LCD
 This function is called by:
		_settings
		_readI2C
 This function uses a non-reentrant model


 *************** function _repeatedStart *****************
 Defined at:
		line 259 in file "main_Proyecto_I2C_Servos.c"
 Parameters:    Size  Location     Type
		None
 Auto vars:     Size  Location     Type
		None
 Return value:  Size  Location     Type
                  1    wreg      void 
 Registers used:
		wreg, status,2, status,0, cstack
 Tracked objects:
		On entry : 
		On exit  : 
		Unchanged: 
 Data sizes:     COMRAM   BANK0   BANK1   BANK2   BANK3   BANK4   BANK5   BANK6   BANK7
      Params:         0       0       0       0       0       0       0       0       0
      Locals:         0       0       0       0       0       0       0       0       0
      Temps:          0       0       0       0       0       0       0       0       0
      Totals:         0       0       0       0       0       0       0       0       0
Total ram usage:        0 bytes
 Hardware stack levels used:    1
 Hardware stack levels required when called:    1
 This function calls:
		_readyI2C
 This function is called by:
		_readI2C
		_readI2C1
 This function uses a non-reentrant model


 *************** function _receiveI2C *****************
 Defined at:
		line 264 in file "main_Proyecto_I2C_Servos.c"
 Parameters:    Size  Location     Type
  flag            1    wreg     unsigned char 
 Auto vars:     Size  Location     Type
  flag            1    1[COMRAM] unsigned char 
  buffer          1    2[COMRAM] unsigned char 
 Return value:  Size  Location     Type
                  1    wreg      unsigned char 
 Registers used:
		wreg, status,2, status,0, cstack
 Tracked objects:
		On entry : 
		On exit  : 
		Unchanged: 
 Data sizes:     COMRAM   BANK0   BANK1   BANK2   BANK3   BANK4   BANK5   BANK6   BANK7
      Params:         0       0       0       0       0       0       0       0       0
      Locals:         2       0       0       0       0       0       0       0       0
      Temps:          0       0       0       0       0       0       0       0       0
      Totals:         2       0       0       0       0       0       0       0       0
Total ram usage:        2 bytes
 Hardware stack levels used:    1
 Hardware stack levels required when called:    1
 This function calls:
		_readyI2C
 This function is called by:
		_readI2C
		_readI2C1
 This function uses a non-reentrant model


 *************** function _WriteLCD *****************
 Defined at:
		line 282 in file "main_Proyecto_I2C_Servos.c"
 Parameters:    Size  Location     Type
  word            1    wreg     unsigned char 
 Auto vars:     Size  Location     Type
  word            1    3[COMRAM] unsigned char 
 Return value:  Size  Location     Type
                  1    wreg      void 
 Registers used:
		wreg, status,2, cstack
 Tracked objects:
		On entry : 
		On exit  : 
		Unchanged: 
 Data sizes:     COMRAM   BANK0   BANK1   BANK2   BANK3   BANK4   BANK5   BANK6   BANK7
      Params:         0       0       0       0       0       0       0       0       0
      Locals:         1       0       0       0       0       0       0       0       0
      Temps:          0       0       0       0       0       0       0       0       0
      Totals:         1       0       0       0       0       0       0       0       0
Total ram usage:        1 bytes
 Hardware stack levels used:    1
 Hardware stack levels required when called:    1
 This function calls:
		_LCD
 This function is called by:
		_readI2C
 This function uses a non-reentrant model


 *************** function _LCD *****************
 Defined at:
		line 287 in file "main_Proyecto_I2C_Servos.c"
 Parameters:    Size  Location     Type
  data            1    wreg     unsigned char 
 Auto vars:     Size  Location     Type
  data            1    2[COMRAM] unsigned char 
 Return value:  Size  Location     Type
                  1    wreg      void 
 Registers used:
		wreg, status,2, cstack
 Tracked objects:
		On entry : 
		On exit  : 
		Unchanged: 
 Data sizes:     COMRAM   BANK0   BANK1   BANK2   BANK3   BANK4   BANK5   BANK6   BANK7
      Params:         0       0       0       0       0       0       0       0       0
      Locals:         1       0       0       0       0       0       0       0       0
      Temps:          2       0       0       0       0       0       0       0       0
      Totals:         3       0       0       0       0       0       0       0       0
Total ram usage:        3 bytes
 Hardware stack levels used:    1
 This function calls:
		Nothing
 This function is called by:
		_settingsLCD
		_WriteLCD
 This function uses a non-reentrant model


 *************** function _Servos *****************
 Defined at:
		line 98 in file "main_Proyecto_I2C_Servos.c"
 Parameters:    Size  Location     Type
		None
 Auto vars:     Size  Location     Type
		None
 Return value:  Size  Location     Type
                  1    wreg      void 
 Registers used:
		wreg, fsr2l, fsr2h, status,2, status,0, prodl, prodh, cstack
 Tracked objects:
		On entry : 
		On exit  : 
		Unchanged: 
 Data sizes:     COMRAM   BANK0   BANK1   BANK2   BANK3   BANK4   BANK5   BANK6   BANK7
      Params:         0       0       0       0       0       0       0       0       0
      Locals:         0       0       0       0       0       0       0       0       0
      Temps:          0       0       0       0       0       0       0       0       0
      Totals:         0       0       0       0       0       0       0       0       0
Total ram usage:        0 bytes
 Hardware stack levels used:    1
 Hardware stack levels required when called:    4
 This function calls:
		_abre_griper
		_baja_junta
		_cierra_griper
		_gira_derecha
		_gira_izquierda
		_sube_junta
 This function is called by:
		_main
 This function uses a non-reentrant model


 *************** function _sube_junta *****************
 Defined at:
		line 140 in file "main_Proyecto_I2C_Servos.c"
 Parameters:    Size  Location     Type
		None
 Auto vars:     Size  Location     Type
		None
 Return value:  Size  Location     Type
                  1    wreg      void 
 Registers used:
		wreg, fsr2l, fsr2h, status,2, status,0, prodl, prodh, cstack
 Tracked objects:
		On entry : 
		On exit  : 
		Unchanged: 
 Data sizes:     COMRAM   BANK0   BANK1   BANK2   BANK3   BANK4   BANK5   BANK6   BANK7
      Params:         0       0       0       0       0       0       0       0       0
      Locals:         0       0       0       0       0       0       0       0       0
      Temps:          2       0       0       0       0       0       0       0       0
      Totals:         2       0       0       0       0       0       0       0       0
Total ram usage:        2 bytes
 Hardware stack levels used:    1
 Hardware stack levels required when called:    3
 This function calls:
		_map
		_writeI2C
 This function is called by:
		_Servos
		_settings
 This function uses a non-reentrant model


 *************** function _gira_izquierda *****************
 Defined at:
		line 156 in file "main_Proyecto_I2C_Servos.c"
 Parameters:    Size  Location     Type
		None
 Auto vars:     Size  Location     Type
		None
 Return value:  Size  Location     Type
                  1    wreg      void 
 Registers used:
		wreg, fsr2l, fsr2h, status,2, status,0, prodl, prodh, cstack
 Tracked objects:
		On entry : 
		On exit  : 
		Unchanged: 
 Data sizes:     COMRAM   BANK0   BANK1   BANK2   BANK3   BANK4   BANK5   BANK6   BANK7
      Params:         0       0       0       0       0       0       0       0       0
      Locals:         0       0       0       0       0       0       0       0       0
      Temps:          2       0       0       0       0       0       0       0       0
      Totals:         2       0       0       0       0       0       0       0       0
Total ram usage:        2 bytes
 Hardware stack levels used:    1
 Hardware stack levels required when called:    3
 This function calls:
		_map
		_writeI2C
 This function is called by:
		_Servos
		_settings
 This function uses a non-reentrant model


 *************** function _gira_derecha *****************
 Defined at:
		line 164 in file "main_Proyecto_I2C_Servos.c"
 Parameters:    Size  Location     Type
		None
 Auto vars:     Size  Location     Type
		None
 Return value:  Size  Location     Type
                  1    wreg      void 
 Registers used:
		wreg, fsr2l, fsr2h, status,2, status,0, prodl, prodh, cstack
 Tracked objects:
		On entry : 
		On exit  : 
		Unchanged: 
 Data sizes:     COMRAM   BANK0   BANK1   BANK2   BANK3   BANK4   BANK5   BANK6   BANK7
      Params:         0       0       0       0       0       0       0       0       0
      Locals:         0       0       0       0       0       0       0       0       0
      Temps:          2       0       0       0       0       0       0       0       0
      Totals:         2       0       0       0       0       0       0       0       0
Total ram usage:        2 bytes
 Hardware stack levels used:    1
 Hardware stack levels required when called:    3
 This function calls:
		_map
		_writeI2C
 This function is called by:
		_Servos
 This function uses a non-reentrant model


 *************** function _cierra_griper *****************
 Defined at:
		line 132 in file "main_Proyecto_I2C_Servos.c"
 Parameters:    Size  Location     Type
		None
 Auto vars:     Size  Location     Type
		None
 Return value:  Size  Location     Type
                  1    wreg      void 
 Registers used:
		wreg, fsr2l, fsr2h, status,2, status,0, prodl, prodh, cstack
 Tracked objects:
		On entry : 
		On exit  : 
		Unchanged: 
 Data sizes:     COMRAM   BANK0   BANK1   BANK2   BANK3   BANK4   BANK5   BANK6   BANK7
      Params:         0       0       0       0       0       0       0       0       0
      Locals:         0       0       0       0       0       0       0       0       0
      Temps:          2       0       0       0       0       0       0       0       0
      Totals:         2       0       0       0       0       0       0       0       0
Total ram usage:        2 bytes
 Hardware stack levels used:    1
 Hardware stack levels required when called:    3
 This function calls:
		_map
		_writeI2C
 This function is called by:
		_Servos
 This function uses a non-reentrant model


 *************** function _baja_junta *****************
 Defined at:
		line 148 in file "main_Proyecto_I2C_Servos.c"
 Parameters:    Size  Location     Type
		None
 Auto vars:     Size  Location     Type
		None
 Return value:  Size  Location     Type
                  1    wreg      void 
 Registers used:
		wreg, fsr2l, fsr2h, status,2, status,0, prodl, prodh, cstack
 Tracked objects:
		On entry : 
		On exit  : 
		Unchanged: 
 Data sizes:     COMRAM   BANK0   BANK1   BANK2   BANK3   BANK4   BANK5   BANK6   BANK7
      Params:         0       0       0       0       0       0       0       0       0
      Locals:         0       0       0       0       0       0       0       0       0
      Temps:          2       0       0       0       0       0       0       0       0
      Totals:         2       0       0       0       0       0       0       0       0
Total ram usage:        2 bytes
 Hardware stack levels used:    1
 Hardware stack levels required when called:    3
 This function calls:
		_map
		_writeI2C
 This function is called by:
		_Servos
 This function uses a non-reentrant model


 *************** function _abre_griper *****************
 Defined at:
		line 124 in file "main_Proyecto_I2C_Servos.c"
 Parameters:    Size  Location     Type
		None
 Auto vars:     Size  Location     Type
		None
 Return value:  Size  Location     Type
                  1    wreg      void 
 Registers used:
		wreg, fsr2l, fsr2h, status,2, status,0, prodl, prodh, cstack
 Tracked objects:
		On entry : 
		On exit  : 
		Unchanged: 
 Data sizes:     COMRAM   BANK0   BANK1   BANK2   BANK3   BANK4   BANK5   BANK6   BANK7
      Params:         0       0       0       0       0       0       0       0       0
      Locals:         0       0       0       0       0       0       0       0       0
      Temps:          2       0       0       0       0       0       0       0       0
      Totals:         2       0       0       0       0       0       0       0       0
Total ram usage:        2 bytes
 Hardware stack levels used:    1
 Hardware stack levels required when called:    3
 This function calls:
		_map
		_writeI2C
 This function is called by:
		_Servos
		_settings
 This function uses a non-reentrant model


 *************** function _writeI2C *****************
 Defined at:
		line 203 in file "main_Proyecto_I2C_Servos.c"
 Parameters:    Size  Location     Type
  Address         1    wreg     unsigned char 
  Register        1    2[COMRAM] unsigned char 
  Data            2    3[COMRAM] PTR unsigned char 
		 -> data2(4), name(16), 
  bytes           2    5[COMRAM] int 
 Auto vars:     Size  Location     Type
  Address         1    9[COMRAM] unsigned char 
 Return value:  Size  Location     Type
                  1    wreg      void 
 Registers used:
		wreg, fsr2l, fsr2h, status,2, status,0, cstack
 Tracked objects:
		On entry : 
		On exit  : 
		Unchanged: 
 Data sizes:     COMRAM   BANK0   BANK1   BANK2   BANK3   BANK4   BANK5   BANK6   BANK7
      Params:         5       0       0       0       0       0       0       0       0
      Locals:         1       0       0       0       0       0       0       0       0
      Temps:          2       0       0       0       0       0       0       0       0
      Totals:         8       0       0       0       0       0       0       0       0
Total ram usage:        8 bytes
 Hardware stack levels used:    1
 Hardware stack levels required when called:    2
 This function calls:
		_sendI2C
		_startI2C
		_stopI2C
 This function is called by:
		_main
		_abre_griper
		_cierra_griper
		_sube_junta
		_baja_junta
		_gira_izquierda
		_gira_derecha
 This function uses a non-reentrant model


 *************** function _stopI2C *****************
 Defined at:
		line 229 in file "main_Proyecto_I2C_Servos.c"
 Parameters:    Size  Location     Type
		None
 Auto vars:     Size  Location     Type
		None
 Return value:  Size  Location     Type
                  1    wreg      void 
 Registers used:
		wreg, status,2, status,0, cstack
 Tracked objects:
		On entry : 
		On exit  : 
		Unchanged: 
 Data sizes:     COMRAM   BANK0   BANK1   BANK2   BANK3   BANK4   BANK5   BANK6   BANK7
      Params:         0       0       0       0       0       0       0       0       0
      Locals:         0       0       0       0       0       0       0       0       0
      Temps:          0       0       0       0       0       0       0       0       0
      Totals:         0       0       0       0       0       0       0       0       0
Total ram usage:        0 bytes
 Hardware stack levels used:    1
 Hardware stack levels required when called:    1
 This function calls:
		_readyI2C
 This function is called by:
		_writeI2C
		_readI2C
		_readI2C1
		_writeI2C1
 This function uses a non-reentrant model


 *************** function _startI2C *****************
 Defined at:
		line 215 in file "main_Proyecto_I2C_Servos.c"
 Parameters:    Size  Location     Type
		None
 Auto vars:     Size  Location     Type
		None
 Return value:  Size  Location     Type
                  1    wreg      void 
 Registers used:
		wreg, status,2, status,0, cstack
 Tracked objects:
		On entry : 
		On exit  : 
		Unchanged: 
 Data sizes:     COMRAM   BANK0   BANK1   BANK2   BANK3   BANK4   BANK5   BANK6   BANK7
      Params:         0       0       0       0       0       0       0       0       0
      Locals:         0       0       0       0       0       0       0       0       0
      Temps:          0       0       0       0       0       0       0       0       0
      Totals:         0       0       0       0       0       0       0       0       0
Total ram usage:        0 bytes
 Hardware stack levels used:    1
 Hardware stack levels required when called:    1
 This function calls:
		_readyI2C
 This function is called by:
		_writeI2C
		_readI2C
		_readI2C1
		_writeI2C1
 This function uses a non-reentrant model


 *************** function _sendI2C *****************
 Defined at:
		line 224 in file "main_Proyecto_I2C_Servos.c"
 Parameters:    Size  Location     Type
  data            1    wreg     unsigned char 
 Auto vars:     Size  Location     Type
  data            1    1[COMRAM] unsigned char 
 Return value:  Size  Location     Type
                  1    wreg      void 
 Registers used:
		wreg, status,2, status,0, cstack
 Tracked objects:
		On entry : 
		On exit  : 
		Unchanged: 
 Data sizes:     COMRAM   BANK0   BANK1   BANK2   BANK3   BANK4   BANK5   BANK6   BANK7
      Params:         0       0       0       0       0       0       0       0       0
      Locals:         1       0       0       0       0       0       0       0       0
      Temps:          0       0       0       0       0       0       0       0       0
      Totals:         1       0       0       0       0       0       0       0       0
Total ram usage:        1 bytes
 Hardware stack levels used:    1
 Hardware stack levels required when called:    1
 This function calls:
		_readyI2C
 This function is called by:
		_writeI2C
		_readI2C
		_readI2C1
		_writeI2C1
 This function uses a non-reentrant model


 *************** function _readyI2C *****************
 Defined at:
		line 220 in file "main_Proyecto_I2C_Servos.c"
 Parameters:    Size  Location     Type
		None
 Auto vars:     Size  Location     Type
		None
 Return value:  Size  Location     Type
                  1    wreg      void 
 Registers used:
		wreg, status,2, status,0
 Tracked objects:
		On entry : 
		On exit  : 
		Unchanged: 
 Data sizes:     COMRAM   BANK0   BANK1   BANK2   BANK3   BANK4   BANK5   BANK6   BANK7
      Params:         0       0       0       0       0       0       0       0       0
      Locals:         0       0       0       0       0       0       0       0       0
      Temps:          1       0       0       0       0       0       0       0       0
      Totals:         1       0       0       0       0       0       0       0       0
Total ram usage:        1 bytes
 Hardware stack levels used:    1
 This function calls:
		Nothing
 This function is called by:
		_startI2C
		_sendI2C
		_stopI2C
		_repeatedStart
		_receiveI2C
 This function uses a non-reentrant model


 *************** function _map *****************
 Defined at:
		line 355 in file "main_Proyecto_I2C_Servos.c"
 Parameters:    Size  Location     Type
  x               2   14[COMRAM] int 
  In_Min          2   16[COMRAM] int 
  In_Max          2   18[COMRAM] int 
  Out_Min         2   20[COMRAM] int 
  Out_Max         2   22[COMRAM] int 
 Auto vars:     Size  Location     Type
		None
 Return value:  Size  Location     Type
                  2   14[COMRAM] int 
 Registers used:
		wreg, status,2, status,0, prodl, prodh, cstack
 Tracked objects:
		On entry : 
		On exit  : 
		Unchanged: 
 Data sizes:     COMRAM   BANK0   BANK1   BANK2   BANK3   BANK4   BANK5   BANK6   BANK7
      Params:        10       0       0       0       0       0       0       0       0
      Locals:         0       0       0       0       0       0       0       0       0
      Temps:          0       0       0       0       0       0       0       0       0
      Totals:        10       0       0       0       0       0       0       0       0
Total ram usage:       10 bytes
 Hardware stack levels used:    1
 Hardware stack levels required when called:    1
 This function calls:
		___awdiv
		___wmul
 This function is called by:
		_abre_griper
		_cierra_griper
		_sube_junta
		_baja_junta
		_gira_izquierda
		_gira_derecha
 This function uses a non-reentrant model


 *************** function ___wmul *****************
 Defined at:
		line 15 in file "C:\Program Files (x86)\Microchip\xc8\v2.10\pic\sources\c99\common\Umul16.c"
 Parameters:    Size  Location     Type
  multiplier      2    8[COMRAM] unsigned int 
  multiplicand    2   10[COMRAM] unsigned int 
 Auto vars:     Size  Location     Type
  product         2   12[COMRAM] unsigned int 
 Return value:  Size  Location     Type
                  2    8[COMRAM] unsigned int 
 Registers used:
		wreg, status,2, status,0, prodl, prodh
 Tracked objects:
		On entry : 
		On exit  : 
		Unchanged: 
 Data sizes:     COMRAM   BANK0   BANK1   BANK2   BANK3   BANK4   BANK5   BANK6   BANK7
      Params:         4       0       0       0       0       0       0       0       0
      Locals:         2       0       0       0       0       0       0       0       0
      Temps:          0       0       0       0       0       0       0       0       0
      Totals:         6       0       0       0       0       0       0       0       0
Total ram usage:        6 bytes
 Hardware stack levels used:    1
 This function calls:
		Nothing
 This function is called by:
		_map
 This function uses a non-reentrant model


 *************** function ___awdiv *****************
 Defined at:
		line 7 in file "C:\Program Files (x86)\Microchip\xc8\v2.10\pic\sources\c99\common\awdiv.c"
 Parameters:    Size  Location     Type
  dividend        2    0[COMRAM] int 
  divisor         2    2[COMRAM] int 
 Auto vars:     Size  Location     Type
  quotient        2    6[COMRAM] int 
  sign            1    5[COMRAM] unsigned char 
  counter         1    4[COMRAM] unsigned char 
 Return value:  Size  Location     Type
                  2    0[COMRAM] int 
 Registers used:
		wreg, status,2, status,0
 Tracked objects:
		On entry : 
		On exit  : 
		Unchanged: 
 Data sizes:     COMRAM   BANK0   BANK1   BANK2   BANK3   BANK4   BANK5   BANK6   BANK7
      Params:         4       0       0       0       0       0       0       0       0
      Locals:         4       0       0       0       0       0       0       0       0
      Temps:          0       0       0       0       0       0       0       0       0
      Totals:         8       0       0       0       0       0       0       0       0
Total ram usage:        8 bytes
 Hardware stack levels used:    1
 This function calls:
		Nothing
 This function is called by:
		_map
 This function uses a non-reentrant model



MODULE INFORMATION

Module		Function		Class		Link	Load	Size
C:\Program Files (x86)\Microchip\xc8\v2.10\pic\sources\c99\common\awdiv.c
		___awdiv       		CODE           	718C	0000	197

C:\Program Files (x86)\Microchip\xc8\v2.10\pic\sources\c99\common\awdiv.c estimated size: 197

C:\Program Files (x86)\Microchip\xc8\v2.10\pic\sources\c99\common\fltol.c
		___fltol       		CODE           	7442	0000	263

C:\Program Files (x86)\Microchip\xc8\v2.10\pic\sources\c99\common\fltol.c estimated size: 263

C:\Program Files (x86)\Microchip\xc8\v2.10\pic\sources\c99\common\sprcdiv.c
		___fldiv       		CODE           	77A6	0000	923

C:\Program Files (x86)\Microchip\xc8\v2.10\pic\sources\c99\common\sprcdiv.c estimated size: 923

C:\Program Files (x86)\Microchip\xc8\v2.10\pic\sources\c99\common\flge.c
		___flge        		CODE           	733E	0000	261

C:\Program Files (x86)\Microchip\xc8\v2.10\pic\sources\c99\common\flge.c estimated size: 261

main_Proyecto_I2C_Servos.c
		_cierra_griper 		CODE           	6E18	0000	111
		_sube_junta    		CODE           	6F62	0000	111
		_abre_griper   		CODE           	6D3C	0000	111
		_stopI2C       		CODE           	6AAE	0000	9
		_readI2C       		CODE           	7250	0000	239
		_readI2C1      		CODE           	7040	0000	165
		_map           		CODE           	6C02	0000	67
		_writeI2C      		CODE           	6FD0	0000	113
		_writeI2C1     		CODE           	6BCC	0000	55
		_repeatedStart 		CODE           	6AB6	0000	9
		_settings      		CODE           	70E4	0000	169
		_settingsLCD   		CODE           	6AD6	0000	13
		_startI2C      		CODE           	6AA6	0000	9
		_LCD           		CODE           	6C8A	0000	85
		_main          		CODE           	6CDE	0000	95
		_gira_izquierda		CODE           	6EF4	0000	111
		_baja_junta    		CODE           	6DAA	0000	111
		_receiveI2C    		CODE           	6B68	0000	51
		_WriteLCD      		CODE           	6ACA	0000	13
		_readyI2C      		CODE           	6B18	0000	39
		_sendI2C       		CODE           	6ABE	0000	13
		_Servos        		CODE           	6B3E	0000	43
		_gira_derecha  		CODE           	6E86	0000	111
		_setPWMFreq    		CODE           	7548	0000	607

main_Proyecto_I2C_Servos.c estimated size: 2460

shared
		__initialization		CODE           	6B9A	0000	45

shared estimated size: 45

C:\Program Files (x86)\Microchip\xc8\v2.10\pic\sources\c99\common\sprcadd.c
		___flsub       		CODE           	6C44	0000	71
		___fladd       		CODE           	7B40	0000	1217

C:\Program Files (x86)\Microchip\xc8\v2.10\pic\sources\c99\common\sprcadd.c estimated size: 1288

C:\Program Files (x86)\Microchip\xc8\v2.10\pic\sources\c99\common\Umul16.c
		___wmul        		CODE           	6AF2	0000	39

C:\Program Files (x86)\Microchip\xc8\v2.10\pic\sources\c99\common\Umul16.c estimated size: 39

